Archive member included to satisfy reference by file (symbol)

c:/program files/microchip/xc32/v4.30/bin/bin/../../lib/gcc/pic32c/8.3.1/../../../../pic32c/lib/thumb/v7e-m+fp/hard\libpic32c.a(data_init.o)
                              build/20232207_COM_Controller/debug/_ext/1236672160/startup_xc32.o (__pic32c_data_initialization)
c:/program files/microchip/xc32/v4.30/bin/bin/../../lib/gcc/pic32c/8.3.1/../../../../pic32c/lib/thumb/v7e-m+fp/hard\libg-musl.a(__libc_start_main.o)
                              build/20232207_COM_Controller/debug/_ext/1236672160/startup_xc32.o (__libc_init_array)
c:/program files/microchip/xc32/v4.30/bin/bin/../../lib/gcc/pic32c/8.3.1/../../../../pic32c/lib/thumb/v7e-m+fp/hard\libg-musl.a(libc.o)
                              c:/program files/microchip/xc32/v4.30/bin/bin/../../lib/gcc/pic32c/8.3.1/../../../../pic32c/lib/thumb/v7e-m+fp/hard\libg-musl.a(__libc_start_main.o) (__progname_full)
c:/program files/microchip/xc32/v4.30/bin/bin/../../lib/gcc/pic32c/8.3.1/../../../../pic32c/lib/thumb/v7e-m+fp/hard\libg-musl.a(__sio_sprintf_dn.o)
                              (_sprintf_dn)
c:/program files/microchip/xc32/v4.30/bin/bin/../../lib/gcc/pic32c/8.3.1/../../../../pic32c/lib/thumb/v7e-m+fp/hard\libg-musl.a(__fmt_d.o)
                              c:/program files/microchip/xc32/v4.30/bin/bin/../../lib/gcc/pic32c/8.3.1/../../../../pic32c/lib/thumb/v7e-m+fp/hard\libg-musl.a(__sio_sprintf_dn.o) (__fmt_d_needed)
c:/program files/microchip/xc32/v4.30/bin/bin/../../lib/gcc/pic32c/8.3.1/../../../../pic32c/lib/thumb/v7e-m+fp/hard\libg-musl.a(__pop_int.o)
                              c:/program files/microchip/xc32/v4.30/bin/bin/../../lib/gcc/pic32c/8.3.1/../../../../pic32c/lib/thumb/v7e-m+fp/hard\libg-musl.a(__sio_sprintf_dn.o) (__pop_int_needed)
c:/program files/microchip/xc32/v4.30/bin/bin/../../lib/gcc/pic32c/8.3.1/../../../../pic32c/lib/thumb/v7e-m+fp/hard\libg-musl.a(__pop_ptr.o)
                              c:/program files/microchip/xc32/v4.30/bin/bin/../../lib/gcc/pic32c/8.3.1/../../../../pic32c/lib/thumb/v7e-m+fp/hard\libg-musl.a(__sio_sprintf_dn.o) (__pop_ptr_needed)
c:/program files/microchip/xc32/v4.30/bin/bin/../../lib/gcc/pic32c/8.3.1/../../../../pic32c/lib/thumb/v7e-m+fp/hard\libg-musl.a(__printf_core.o)
                              c:/program files/microchip/xc32/v4.30/bin/bin/../../lib/gcc/pic32c/8.3.1/../../../../pic32c/lib/thumb/v7e-m+fp/hard\libg-musl.a(__fmt_d.o) (__pad)
c:/program files/microchip/xc32/v4.30/bin/bin/../../lib/gcc/pic32c/8.3.1/../../../../pic32c/lib/thumb/v7e-m+fp/hard\libg-musl.a(atoi.o)
                              c:/program files/microchip/xc32/v4.30/bin/bin/../../lib/gcc/pic32c/8.3.1/../../../../pic32c/lib/thumb/v7e-m+fp/hard\libg-musl.a(__printf_core.o) (atoi)
c:/program files/microchip/xc32/v4.30/bin/bin/../../lib/gcc/pic32c/8.3.1/../../../../pic32c/lib/thumb/v7e-m+fp/hard\libg-musl.a(memcpy.o)
                              build/20232207_COM_Controller/debug/_ext/1861644044/plib_nvmctrl.o (memcpy)
c:/program files/microchip/xc32/v4.30/bin/bin/../../lib/gcc/pic32c/8.3.1/../../../../pic32c/lib/thumb/v7e-m+fp/hard\libg-musl.a(memset.o)
                              c:/program files/microchip/xc32/v4.30/bin/bin/../../lib/gcc/pic32c/8.3.1/../../../../pic32c/lib/thumb/v7e-m+fp/hard\libg-musl.a(__printf_core.o) (memset)
c:/program files/microchip/xc32/v4.30/bin/bin/../../lib/gcc/pic32c/8.3.1/../../../../pic32c/lib/thumb/v7e-m+fp/hard\libg-musl.a(strlen.o)
                              c:/program files/microchip/xc32/v4.30/bin/bin/../../lib/gcc/pic32c/8.3.1/../../../../pic32c/lib/thumb/v7e-m+fp/hard\libg-musl.a(__printf_core.o) (strlen)
c:/program files/microchip/xc32/v4.30/bin/bin/../../lib/gcc/pic32c/8.3.1/../../../../pic32c/lib/thumb/v7e-m+fp/hard\libg-musl.a(tolower.o)
                              c:/program files/microchip/xc32/v4.30/bin/bin/../../lib/gcc/pic32c/8.3.1/../../../../pic32c/lib/thumb/v7e-m+fp/hard\libg-musl.a(__printf_core.o) (tolower)
c:/program files/microchip/xc32/v4.30/bin/bin/../../lib/gcc/pic32c/8.3.1/../../../../pic32c/lib/thumb/v7e-m+fp/hard\libg-musl.a(__environ.o)
                              c:/program files/microchip/xc32/v4.30/bin/bin/../../lib/gcc/pic32c/8.3.1/../../../../pic32c/lib/thumb/v7e-m+fp/hard\libg-musl.a(__libc_start_main.o) (__environ)
c:/program files/microchip/xc32/v4.30/bin/bin/../../lib/gcc/pic32c/8.3.1/../../../../pic32c/lib/thumb/v7e-m+fp/hard\libg-musl.a(__errno_location.o)
                              c:/program files/microchip/xc32/v4.30/bin/bin/../../lib/gcc/pic32c/8.3.1/../../../../pic32c/lib/thumb/v7e-m+fp/hard\libg-musl.a(__printf_core.o) (__errno_val)
c:/program files/microchip/xc32/v4.30/bin/bin/../../lib/gcc/pic32c/8.3.1/../../../../pic32c/lib/thumb/v7e-m+fp/hard\libg-musl.a(__int_vsprintf.o)
                              c:/program files/microchip/xc32/v4.30/bin/bin/../../lib/gcc/pic32c/8.3.1/../../../../pic32c/lib/thumb/v7e-m+fp/hard\libg-musl.a(__sio_sprintf_dn.o) (__vsprintf)
[...]
Memory Configuration

Name             Origin             Length             Attributes
rom              0x00000000         0x00100000         xrl
ram              0x20000000         0x00040000         xw !r
tcm              0x03000000         0x00000000         xw
bkupram          0x47000000         0x00002000
config_00804000  0x00804000         0x00000004
config_00804008  0x00804008         0x00000004
config_00804004  0x00804004         0x00000004
*default*        0x00000000         0xffffffff

Linker script and memory map

LOAD c:/program files/microchip/xc32/v4.30/bin/bin/../../lib/gcc/pic32c/8.3.1/thumb/v7e-m+fp/hard/crti.o
LOAD c:/program files/microchip/xc32/v4.30/bin/bin/../../lib/gcc/pic32c/8.3.1/thumb/v7e-m+fp/hard/crtbegin.o
LOAD build/20232207_COM_Controller/debug/_ext/331146890/plib_clock.o
LOAD build/20232207_COM_Controller/debug/_ext/1374790578/plib_cmcc.o
LOAD build/20232207_COM_Controller/debug/_ext/333296376/plib_evsys.o
LOAD build/20232207_COM_Controller/debug/_ext/1374454042/plib_nvic.o
LOAD build/20232207_COM_Controller/debug/_ext/1861644044/plib_nvmctrl.o
LOAD build/20232207_COM_Controller/debug/_ext/1374400891/plib_port.o
LOAD build/20232207_COM_Controller/debug/_ext/1869446501/plib_sercom2_usart.o
LOAD build/20232207_COM_Controller/debug/_ext/737068720/plib_tcc0.o
LOAD build/20232207_COM_Controller/debug/_ext/1565397734/xc32_monitor.o
LOAD build/20232207_COM_Controller/debug/_ext/1236672160/libc_syscalls.o
LOAD build/20232207_COM_Controller/debug/_ext/1236672160/initialization.o
LOAD build/20232207_COM_Controller/debug/_ext/1236672160/interrupts.o
LOAD build/20232207_COM_Controller/debug/_ext/1236672160/exceptions.o
LOAD build/20232207_COM_Controller/debug/_ext/1236672160/startup_xc32.o
LOAD build/20232207_COM_Controller/debug/_ext/1360937237/main.o
                0x00000001                __MPLAB_BUILD = 0x1
                0x00100000                __rom_end = (ORIGIN (rom) + LENGTH (rom))
                0x20040000                __ram_end = (ORIGIN (ram) + LENGTH (ram))

.config_00804000
 *(.config_00804000)

.config_00804008
 *(.config_00804008)

.config_00804004
 *(.config_00804004)

.vectors        0x00000000      0x264
                0x00000000                . = ALIGN (0x4)
                0x00000000                _sfixed = .
 *(.vectors .vectors.* .vectors_default .vectors_default.*)
 .vectors.exception_table
                0x00000000      0x264 build/20232207_COM_Controller/debug/_ext/1236672160/interrupts.o
                0x00000000                exception_table
 *(.isr_vector)
 *(.reset*)
 *(.after_vectors)

.text           0x00000264       0x20
                0x00000264                . = ALIGN (0x4)
 *(.glue_7t)
 .glue_7t       0x00000264        0x0 linker stubs
 *(.glue_7)
 .glue_7        0x00000264        0x0 linker stubs
 *(.gnu.linkonce.r.*)
 *(.ARM.extab* .gnu.linkonce.armextab.*)
                0x00000264                . = ALIGN (0x4)
 *(.init)
 .init          0x00000264        0x4 c:/program files/microchip/xc32/v4.30/bin/bin/../../lib/gcc/pic32c/8.3.1/thumb/v7e-m+fp/hard/crti.o
                0x00000264                _init
 .init          0x00000268        0x8 c:/program files/microchip/xc32/v4.30/bin/bin/../../lib/gcc/pic32c/8.3.1/thumb/v7e-m+fp/hard/crtn.o
                0x00000270                . = ALIGN (0x4)
                0x00000270                __preinit_array_start = .
 *(.preinit_array)
                0x00000270                __preinit_array_end = .
                0x00000270                . = ALIGN (0x4)
                0x00000270                __init_array_start = .
 *(SORT_BY_NAME(.init_array.*))
 *(.init_array)
 .init_array    0x00000270        0x4 c:/program files/microchip/xc32/v4.30/bin/bin/../../lib/gcc/pic32c/8.3.1/thumb/v7e-m+fp/hard/crtbegin.o
                0x00000274                __init_array_end = .
                0x00000274                . = ALIGN (0x4)
 *crtbegin.o(.ctors)
 *(EXCLUDE_FILE(*crtend.o) .ctors)
 *(SORT_BY_NAME(.ctors.*))
 *crtend.o(.ctors)
                0x00000274                . = ALIGN (0x4)
 *(.fini)
 .fini          0x00000274        0x4 c:/program files/microchip/xc32/v4.30/bin/bin/../../lib/gcc/pic32c/8.3.1/thumb/v7e-m+fp/hard/crti.o
                0x00000274                _fini
 .fini          0x00000278        0x8 c:/program files/microchip/xc32/v4.30/bin/bin/../../lib/gcc/pic32c/8.3.1/thumb/v7e-m+fp/hard/crtn.o
                0x00000280                . = ALIGN (0x4)
                0x00000280                __fini_array_start = .
 *(.fini_array)
 .fini_array    0x00000280        0x4 c:/program files/microchip/xc32/v4.30/bin/bin/../../lib/gcc/pic32c/8.3.1/thumb/v7e-m+fp/hard/crtbegin.o
 *(SORT_BY_NAME(.fini_array.*))
                0x00000284                __fini_array_end = .
 *crtbegin.o(.dtors)
 *(EXCLUDE_FILE(*crtend.o) .dtors)
 *(SORT_BY_NAME(.dtors.*))
 *crtend.o(.dtors)
                0x00000284                . = ALIGN (0x4)
                0x00000284                _efixed = .
                [!provide]                PROVIDE (__exidx_start = .)

.ARM.exidx      0x00000284        0x8
 *(.ARM.exidx* .gnu.linkonce.armexidx.*)
 .ARM.exidx     0x00000284        0x8 c:/program files/microchip/xc32/v4.30/bin/bin/../../lib/gcc/pic32c/8.3.1/thumb/v7e-m+fp/hard\libgcc.a(_udivmoddi4.o)
                [!provide]                PROVIDE (__exidx_end = .)
                0x0000028c                . = ALIGN (0x4)
                0x0000028c                _etext = .

.bss            0x20000000        0x0
                0x20000000                . = ALIGN (0x4)
                0x20000000                __bss_start__ = .
                0x20000000                _sbss = .
                0x20000000                _szero = .
 *(COMMON)
                0x20000000                . = ALIGN (0x4)
                0x20000000                __bss_end__ = .
                0x20000000                _ebss = .
                0x20000000                _ezero = .
                0x20000000                . = ALIGN (0x4)
                0x20000000                _end = .
                0x2003ffff                _ram_end_ = ((ORIGIN (ram) + LENGTH (ram)) - 0x1)

.bkupram_bss
 *(.bkupram_bss .bkupram_bss.*)
 *(.pbss .pbss.*)
                0x00000001                __ICD2RAM = 0x1
                0x00000001                __MPLAB_DEBUG = 0x1
                0x00000001                __DEBUG = 0x1
                0x00000200                _min_heap_size = 0x200
START GROUP
LOAD c:/program files/microchip/xc32/v4.30/bin/bin/../../lib/gcc/pic32c/8.3.1/../../../../pic32c/lib/thumb/v7e-m+fp/hard\libpic32c.a
LOAD c:/program files/microchip/xc32/v4.30/bin/bin/../../lib/gcc/pic32c/8.3.1/../../../../pic32c/lib/thumb/v7e-m+fp/hard\libm-fast-emfloat.a
LOAD c:/program files/microchip/xc32/v4.30/bin/bin/../../lib/gcc/pic32c/8.3.1/../../../../pic32c/lib/thumb/v7e-m+fp/hard\libg-musl.a
LOAD c:/program files/microchip/xc32/v4.30/bin/bin/../../lib/gcc/pic32c/8.3.1/../../../../pic32c/lib/thumb/v7e-m+fp/hard\libc-musl.a
LOAD c:/program files/microchip/xc32/v4.30/bin/bin/../../lib/gcc/pic32c/8.3.1/../../../../pic32c/lib/thumb/v7e-m+fp/hard\libm-fast-emfloat.a
LOAD c:/program files/microchip/xc32/v4.30/bin/bin/../../lib/gcc/pic32c/8.3.1/thumb/v7e-m+fp/hard\libgcc.a
END GROUP
LOAD c:/program files/microchip/xc32/v4.30/bin/bin/../../lib/gcc/pic32c/8.3.1/thumb/v7e-m+fp/hard/crtend.o
LOAD c:/program files/microchip/xc32/v4.30/bin/bin/../../lib/gcc/pic32c/8.3.1/thumb/v7e-m+fp/hard/crtn.o
OUTPUT(dist/20232207_COM_Controller/debug/20232207_COM_Controller.X.debug.elf elf32-littlearm)
LOAD data_init
LOAD stack

.ARM.attributes
                0x00000000       0x34
 .ARM.attributes
                0x00000000       0x1e c:/program files/microchip/xc32/v4.30/bin/bin/../../lib/gcc/pic32c/8.3.1/thumb/v7e-m+fp/hard/crti.o
 .ARM.attributes
                0x0000001e       0x34 c:/program files/microchip/xc32/v4.30/bin/bin/../../lib/gcc/pic32c/8.3.1/thumb/v7e-m+fp/hard/crtbegin.o
 .ARM.attributes
                0x00000052       0x34 build/20232207_COM_Controller/debug/_ext/331146890/plib_clock.o
 .ARM.attributes
                0x00000086       0x34 build/20232207_COM_Controller/debug/_ext/333296376/plib_evsys.o
 .ARM.attributes
                0x000000ba       0x34 build/20232207_COM_Controller/debug/_ext/1374454042/plib_nvic.o
 .ARM.attributes
                0x000000ee       0x34 build/20232207_COM_Controller/debug/_ext/1861644044/plib_nvmctrl.o
 .ARM.attributes
                0x00000122       0x34 build/20232207_COM_Controller/debug/_ext/1374400891/plib_port.o
 .ARM.attributes
                0x00000156       0x34 build/20232207_COM_Controller/debug/_ext/1869446501/plib_sercom2_usart.o
 .ARM.attributes
                0x0000018a       0x34 build/20232207_COM_Controller/debug/_ext/737068720/plib_tcc0.o
 .ARM.attributes
                0x000001be       0x34 build/20232207_COM_Controller/debug/_ext/1236672160/initialization.o
 .ARM.attributes
                0x000001f2       0x34 build/20232207_COM_Controller/debug/_ext/1236672160/interrupts.o
 .ARM.attributes
                0x00000226       0x34 build/20232207_COM_Controller/debug/_ext/1236672160/exceptions.o
 .ARM.attributes
                0x0000025a       0x34 build/20232207_COM_Controller/debug/_ext/1236672160/startup_xc32.o
 .ARM.attributes
                0x0000028e       0x34 build/20232207_COM_Controller/debug/_ext/1360937237/main.o
 .ARM.attributes
                0x000002c2       0x34 c:/program files/microchip/xc32/v4.30/bin/bin/../../lib/gcc/pic32c/8.3.1/../../../../pic32c/lib/thumb/v7e-m+fp/hard\libpic32c.a(data_init.o)
 .ARM.attributes
                0x000002f6       0x36 c:/program files/microchip/xc32/v4.30/bin/bin/../../lib/gcc/pic32c/8.3.1/../../../../pic32c/lib/thumb/v7e-m+fp/hard\libg-musl.a(__libc_start_main.o)
 .ARM.attributes
                0x0000032c       0x34 c:/program files/microchip/xc32/v4.30/bin/bin/../../lib/gcc/pic32c/8.3.1/../../../../pic32c/lib/thumb/v7e-m+fp/hard\libg-musl.a(libc.o)
 .ARM.attributes
                0x00000360       0x36 c:/program files/microchip/xc32/v4.30/bin/bin/../../lib/gcc/pic32c/8.3.1/../../../../pic32c/lib/thumb/v7e-m+fp/hard\libg-musl.a(__sio_sprintf_dn.o)
 .ARM.attributes
                0x00000396       0x36 c:/program files/microchip/xc32/v4.30/bin/bin/../../lib/gcc/pic32c/8.3.1/../../../../pic32c/lib/thumb/v7e-m+fp/hard\libg-musl.a(__fmt_d.o)
 .ARM.attributes
                0x000003cc       0x36 c:/program files/microchip/xc32/v4.30/bin/bin/../../lib/gcc/pic32c/8.3.1/../../../../pic32c/lib/thumb/v7e-m+fp/hard\libg-musl.a(__pop_int.o)
 .ARM.attributes
                0x00000402       0x36 c:/program files/microchip/xc32/v4.30/bin/bin/../../lib/gcc/pic32c/8.3.1/../../../../pic32c/lib/thumb/v7e-m+fp/hard\libg-musl.a(__pop_ptr.o)
 .ARM.attributes
                0x00000438       0x36 c:/program files/microchip/xc32/v4.30/bin/bin/../../lib/gcc/pic32c/8.3.1/../../../../pic32c/lib/thumb/v7e-m+fp/hard\libg-musl.a(__printf_core.o)
 .ARM.attributes
                0x0000046e       0x36 c:/program files/microchip/xc32/v4.30/bin/bin/../../lib/gcc/pic32c/8.3.1/../../../../pic32c/lib/thumb/v7e-m+fp/hard\libg-musl.a(atoi.o)
 .ARM.attributes
                0x000004a4       0x36 c:/program files/microchip/xc32/v4.30/bin/bin/../../lib/gcc/pic32c/8.3.1/../../../../pic32c/lib/thumb/v7e-m+fp/hard\libg-musl.a(memcpy.o)
 .ARM.attributes
                0x000004da       0x36 c:/program files/microchip/xc32/v4.30/bin/bin/../../lib/gcc/pic32c/8.3.1/../../../../pic32c/lib/thumb/v7e-m+fp/hard\libg-musl.a(memset.o)
 .ARM.attributes
                0x00000510       0x36 c:/program files/microchip/xc32/v4.30/bin/bin/../../lib/gcc/pic32c/8.3.1/../../../../pic32c/lib/thumb/v7e-m+fp/hard\libg-musl.a(strlen.o)
 .ARM.attributes
                0x00000546       0x36 c:/program files/microchip/xc32/v4.30/bin/bin/../../lib/gcc/pic32c/8.3.1/../../../../pic32c/lib/thumb/v7e-m+fp/hard\libg-musl.a(tolower.o)
 .ARM.attributes
                0x0000057c       0x34 c:/program files/microchip/xc32/v4.30/bin/bin/../../lib/gcc/pic32c/8.3.1/../../../../pic32c/lib/thumb/v7e-m+fp/hard\libg-musl.a(__environ.o)
 .ARM.attributes
                0x000005b0       0x34 c:/program files/microchip/xc32/v4.30/bin/bin/../../lib/gcc/pic32c/8.3.1/../../../../pic32c/lib/thumb/v7e-m+fp/hard\libg-musl.a(__errno_location.o)
 .ARM.attributes
                0x000005e4       0x36 c:/program files/microchip/xc32/v4.30/bin/bin/../../lib/gcc/pic32c/8.3.1/../../../../pic32c/lib/thumb/v7e-m+fp/hard\libg-musl.a(__int_vsprintf.o)
 .ARM.attributes
                0x0000061a       0x36 c:/program files/microchip/xc32/v4.30/bin/bin/../../lib/gcc/pic32c/8.3.1/../../../../pic32c/lib/thumb/v7e-m+fp/hard\libg-musl.a(__cvt_u.o)
 .ARM.attributes
                0x00000650       0x36 c:/program files/microchip/xc32/v4.30/bin/bin/../../lib/gcc/pic32c/8.3.1/../../../../pic32c/lib/thumb/v7e-m+fp/hard\libg-musl.a(__pop_float.o)
 .ARM.attributes
                0x00000686       0x36 c:/program files/microchip/xc32/v4.30/bin/bin/../../lib/gcc/pic32c/8.3.1/../../../../pic32c/lib/thumb/v7e-m+fp/hard\libg-musl.a(__int_vsnprintf.o)
 .ARM.attributes
                0x000006bc       0x36 c:/program files/microchip/xc32/v4.30/bin/bin/../../lib/gcc/pic32c/8.3.1/../../../../pic32c/lib/thumb/v7e-m+fp/hard\libg-musl.a(__int_vfprintf.o)
 .ARM.attributes
                0x000006f2       0x1e c:/program files/microchip/xc32/v4.30/bin/bin/../../lib/gcc/pic32c/8.3.1/thumb/v7e-m+fp/hard\libgcc.a(_aeabi_uldivmod.o)
 .ARM.attributes
                0x00000710       0x34 c:/program files/microchip/xc32/v4.30/bin/bin/../../lib/gcc/pic32c/8.3.1/thumb/v7e-m+fp/hard\libgcc.a(_udivmoddi4.o)
 .ARM.attributes
                0x00000744       0x1e c:/program files/microchip/xc32/v4.30/bin/bin/../../lib/gcc/pic32c/8.3.1/thumb/v7e-m+fp/hard\libgcc.a(_dvmd_tls.o)
 .ARM.attributes
                0x00000762       0x1e c:/program files/microchip/xc32/v4.30/bin/bin/../../lib/gcc/pic32c/8.3.1/thumb/v7e-m+fp/hard/crtn.o
 .ARM.attributes
                0x00000780       0x34 c:/program files/microchip/xc32/v4.30/bin/bin/../../lib/gcc/pic32c/8.3.1/../../../../pic32c/lib/thumb/v7e-m+fp/hard\libpic32c.a(pic32_data_init_clear.o)
 .ARM.attributes
                0x000007b4       0x34 c:/program files/microchip/xc32/v4.30/bin/bin/../../lib/gcc/pic32c/8.3.1/../../../../pic32c/lib/thumb/v7e-m+fp/hard\libpic32c.a(pic32_data_init_copy.o)

.comment        0x00000000       0x2b
 .comment       0x00000000       0x2b c:/program files/microchip/xc32/v4.30/bin/bin/../../lib/gcc/pic32c/8.3.1/thumb/v7e-m+fp/hard/crtbegin.o
                                 0x2c (size before relaxing)
 .comment       0x0000002b       0x2c build/20232207_COM_Controller/debug/_ext/331146890/plib_clock.o
 .comment       0x0000002b       0x2c build/20232207_COM_Controller/debug/_ext/333296376/plib_evsys.o
 .comment       0x0000002b       0x2c build/20232207_COM_Controller/debug/_ext/1374454042/plib_nvic.o
 .comment       0x0000002b       0x2c build/20232207_COM_Controller/debug/_ext/1861644044/plib_nvmctrl.o
 .comment       0x0000002b       0x2c build/20232207_COM_Controller/debug/_ext/1374400891/plib_port.o
 .comment       0x0000002b       0x2c build/20232207_COM_Controller/debug/_ext/1869446501/plib_sercom2_usart.o
 .comment       0x0000002b       0x2c build/20232207_COM_Controller/debug/_ext/737068720/plib_tcc0.o
 .comment       0x0000002b       0x2c build/20232207_COM_Controller/debug/_ext/1236672160/initialization.o
 .comment       0x0000002b       0x2c build/20232207_COM_Controller/debug/_ext/1236672160/interrupts.o
 .comment       0x0000002b       0x2c build/20232207_COM_Controller/debug/_ext/1236672160/exceptions.o
 .comment       0x0000002b       0x2c build/20232207_COM_Controller/debug/_ext/1236672160/startup_xc32.o
 .comment       0x0000002b       0x2c build/20232207_COM_Controller/debug/_ext/1360937237/main.o
 .comment       0x0000002b       0x2c c:/program files/microchip/xc32/v4.30/bin/bin/../../lib/gcc/pic32c/8.3.1/../../../../pic32c/lib/thumb/v7e-m+fp/hard\libpic32c.a(data_init.o)
 .comment       0x0000002b       0x2c c:/program files/microchip/xc32/v4.30/bin/bin/../../lib/gcc/pic32c/8.3.1/../../../../pic32c/lib/thumb/v7e-m+fp/hard\libg-musl.a(__libc_start_main.o)
 .comment       0x0000002b       0x2c c:/program files/microchip/xc32/v4.30/bin/bin/../../lib/gcc/pic32c/8.3.1/../../../../pic32c/lib/thumb/v7e-m+fp/hard\libg-musl.a(libc.o)
 .comment       0x0000002b       0x2c c:/program files/microchip/xc32/v4.30/bin/bin/../../lib/gcc/pic32c/8.3.1/../../../../pic32c/lib/thumb/v7e-m+fp/hard\libg-musl.a(__sio_sprintf_dn.o)
 .comment       0x0000002b       0x2c c:/program files/microchip/xc32/v4.30/bin/bin/../../lib/gcc/pic32c/8.3.1/../../../../pic32c/lib/thumb/v7e-m+fp/hard\libg-musl.a(__fmt_d.o)
 .comment       0x0000002b       0x2c c:/program files/microchip/xc32/v4.30/bin/bin/../../lib/gcc/pic32c/8.3.1/../../../../pic32c/lib/thumb/v7e-m+fp/hard\libg-musl.a(__pop_int.o)
 .comment       0x0000002b       0x2c c:/program files/microchip/xc32/v4.30/bin/bin/../../lib/gcc/pic32c/8.3.1/../../../../pic32c/lib/thumb/v7e-m+fp/hard\libg-musl.a(__pop_ptr.o)
 .comment       0x0000002b       0x2c c:/program files/microchip/xc32/v4.30/bin/bin/../../lib/gcc/pic32c/8.3.1/../../../../pic32c/lib/thumb/v7e-m+fp/hard\libg-musl.a(__printf_core.o)
 .comment       0x0000002b       0x2c c:/program files/microchip/xc32/v4.30/bin/bin/../../lib/gcc/pic32c/8.3.1/../../../../pic32c/lib/thumb/v7e-m+fp/hard\libg-musl.a(atoi.o)
 .comment       0x0000002b       0x2c c:/program files/microchip/xc32/v4.30/bin/bin/../../lib/gcc/pic32c/8.3.1/../../../../pic32c/lib/thumb/v7e-m+fp/hard\libg-musl.a(memcpy.o)
 .comment       0x0000002b       0x2c c:/program files/microchip/xc32/v4.30/bin/bin/../../lib/gcc/pic32c/8.3.1/../../../../pic32c/lib/thumb/v7e-m+fp/hard\libg-musl.a(memset.o)
 .comment       0x0000002b       0x2c c:/program files/microchip/xc32/v4.30/bin/bin/../../lib/gcc/pic32c/8.3.1/../../../../pic32c/lib/thumb/v7e-m+fp/hard\libg-musl.a(strlen.o)
 .comment       0x0000002b       0x2c c:/program files/microchip/xc32/v4.30/bin/bin/../../lib/gcc/pic32c/8.3.1/../../../../pic32c/lib/thumb/v7e-m+fp/hard\libg-musl.a(tolower.o)
 .comment       0x0000002b       0x2c c:/program files/microchip/xc32/v4.30/bin/bin/../../lib/gcc/pic32c/8.3.1/../../../../pic32c/lib/thumb/v7e-m+fp/hard\libg-musl.a(__environ.o)
 .comment       0x0000002b       0x2c c:/program files/microchip/xc32/v4.30/bin/bin/../../lib/gcc/pic32c/8.3.1/../../../../pic32c/lib/thumb/v7e-m+fp/hard\libg-musl.a(__errno_location.o)
 .comment       0x0000002b       0x2c c:/program files/microchip/xc32/v4.30/bin/bin/../../lib/gcc/pic32c/8.3.1/../../../../pic32c/lib/thumb/v7e-m+fp/hard\libg-musl.a(__int_vsprintf.o)
 .comment       0x0000002b       0x2c c:/program files/microchip/xc32/v4.30/bin/bin/../../lib/gcc/pic32c/8.3.1/../../../../pic32c/lib/thumb/v7e-m+fp/hard\libg-musl.a(__cvt_u.o)
 .comment       0x0000002b       0x2c c:/program files/microchip/xc32/v4.30/bin/bin/../../lib/gcc/pic32c/8.3.1/../../../../pic32c/lib/thumb/v7e-m+fp/hard\libg-musl.a(__pop_float.o)
 .comment       0x0000002b       0x2c c:/program files/microchip/xc32/v4.30/bin/bin/../../lib/gcc/pic32c/8.3.1/../../../../pic32c/lib/thumb/v7e-m+fp/hard\libg-musl.a(__int_vsnprintf.o)
 .comment       0x0000002b       0x2c c:/program files/microchip/xc32/v4.30/bin/bin/../../lib/gcc/pic32c/8.3.1/../../../../pic32c/lib/thumb/v7e-m+fp/hard\libg-musl.a(__int_vfprintf.o)
 .comment       0x0000002b       0x2c c:/program files/microchip/xc32/v4.30/bin/bin/../../lib/gcc/pic32c/8.3.1/thumb/v7e-m+fp/hard\libgcc.a(_udivmoddi4.o)
 .comment       0x0000002b       0x2c c:/program files/microchip/xc32/v4.30/bin/bin/../../lib/gcc/pic32c/8.3.1/../../../../pic32c/lib/thumb/v7e-m+fp/hard\libpic32c.a(pic32_data_init_clear.o)
 .comment       0x0000002b       0x2c c:/program files/microchip/xc32/v4.30/bin/bin/../../lib/gcc/pic32c/8.3.1/../../../../pic32c/lib/thumb/v7e-m+fp/hard\libpic32c.a(pic32_data_init_copy.o)

.debug_info     0x00000000     0xf13a
 .debug_info    0x00000000      0xba4 build/20232207_COM_Controller/debug/_ext/331146890/plib_clock.o
 .debug_info    0x00000ba4      0x360 build/20232207_COM_Controller/debug/_ext/333296376/plib_evsys.o
 .debug_info    0x00000f04      0x857 build/20232207_COM_Controller/debug/_ext/1374454042/plib_nvic.o
 .debug_info    0x0000175b      0xe9f build/20232207_COM_Controller/debug/_ext/1861644044/plib_nvmctrl.o
 .debug_info    0x000025fa     0x1107 build/20232207_COM_Controller/debug/_ext/1374400891/plib_port.o
 .debug_info    0x00003701     0x157d build/20232207_COM_Controller/debug/_ext/1869446501/plib_sercom2_usart.o
 .debug_info    0x00004c7e      0x9ab build/20232207_COM_Controller/debug/_ext/737068720/plib_tcc0.o
 .debug_info    0x00005629      0x419 build/20232207_COM_Controller/debug/_ext/1236672160/initialization.o
 .debug_info    0x00005a42     0x1721 build/20232207_COM_Controller/debug/_ext/1236672160/interrupts.o
 .debug_info    0x00007163      0x422 build/20232207_COM_Controller/debug/_ext/1236672160/exceptions.o
 .debug_info    0x00007585      0x8db build/20232207_COM_Controller/debug/_ext/1236672160/startup_xc32.o
 .debug_info    0x00007e60      0xfd3 build/20232207_COM_Controller/debug/_ext/1360937237/main.o
 .debug_info    0x00008e33      0x2bd c:/program files/microchip/xc32/v4.30/bin/bin/../../lib/gcc/pic32c/8.3.1/../../../../pic32c/lib/thumb/v7e-m+fp/hard\libpic32c.a(data_init.o)
 .debug_info    0x000090f0      0x621 c:/program files/microchip/xc32/v4.30/bin/bin/../../lib/gcc/pic32c/8.3.1/../../../../pic32c/lib/thumb/v7e-m+fp/hard\libg-musl.a(__libc_start_main.o)
 .debug_info    0x00009711      0x533 c:/program files/microchip/xc32/v4.30/bin/bin/../../lib/gcc/pic32c/8.3.1/../../../../pic32c/lib/thumb/v7e-m+fp/hard\libg-musl.a(libc.o)
 .debug_info    0x00009c44      0x41e c:/program files/microchip/xc32/v4.30/bin/bin/../../lib/gcc/pic32c/8.3.1/../../../../pic32c/lib/thumb/v7e-m+fp/hard\libg-musl.a(__sio_sprintf_dn.o)
 .debug_info    0x0000a062      0x5c0 c:/program files/microchip/xc32/v4.30/bin/bin/../../lib/gcc/pic32c/8.3.1/../../../../pic32c/lib/thumb/v7e-m+fp/hard\libg-musl.a(__fmt_d.o)
 .debug_info    0x0000a622      0x3ff c:/program files/microchip/xc32/v4.30/bin/bin/../../lib/gcc/pic32c/8.3.1/../../../../pic32c/lib/thumb/v7e-m+fp/hard\libg-musl.a(__pop_int.o)
 .debug_info    0x0000aa21      0x405 c:/program files/microchip/xc32/v4.30/bin/bin/../../lib/gcc/pic32c/8.3.1/../../../../pic32c/lib/thumb/v7e-m+fp/hard\libg-musl.a(__pop_ptr.o)
 .debug_info    0x0000ae26      0xd6c c:/program files/microchip/xc32/v4.30/bin/bin/../../lib/gcc/pic32c/8.3.1/../../../../pic32c/lib/thumb/v7e-m+fp/hard\libg-musl.a(__printf_core.o)
 .debug_info    0x0000bb92      0x2f9 c:/program files/microchip/xc32/v4.30/bin/bin/../../lib/gcc/pic32c/8.3.1/../../../../pic32c/lib/thumb/v7e-m+fp/hard\libg-musl.a(atoi.o)
 .debug_info    0x0000be8b      0x2ef c:/program files/microchip/xc32/v4.30/bin/bin/../../lib/gcc/pic32c/8.3.1/../../../../pic32c/lib/thumb/v7e-m+fp/hard\libg-musl.a(memcpy.o)
 .debug_info    0x0000c17a      0x2b3 c:/program files/microchip/xc32/v4.30/bin/bin/../../lib/gcc/pic32c/8.3.1/../../../../pic32c/lib/thumb/v7e-m+fp/hard\libg-musl.a(memset.o)
 .debug_info    0x0000c42d      0x2a4 c:/program files/microchip/xc32/v4.30/bin/bin/../../lib/gcc/pic32c/8.3.1/../../../../pic32c/lib/thumb/v7e-m+fp/hard\libg-musl.a(strlen.o)
 .debug_info    0x0000c6d1      0x351 c:/program files/microchip/xc32/v4.30/bin/bin/../../lib/gcc/pic32c/8.3.1/../../../../pic32c/lib/thumb/v7e-m+fp/hard\libg-musl.a(tolower.o)
 .debug_info    0x0000ca22      0x2ad c:/program files/microchip/xc32/v4.30/bin/bin/../../lib/gcc/pic32c/8.3.1/../../../../pic32c/lib/thumb/v7e-m+fp/hard\libg-musl.a(__environ.o)
 .debug_info    0x0000cccf      0x271 c:/program files/microchip/xc32/v4.30/bin/bin/../../lib/gcc/pic32c/8.3.1/../../../../pic32c/lib/thumb/v7e-m+fp/hard\libg-musl.a(__errno_location.o)
 .debug_info    0x0000cf40      0x3a2 c:/program files/microchip/xc32/v4.30/bin/bin/../../lib/gcc/pic32c/8.3.1/../../../../pic32c/lib/thumb/v7e-m+fp/hard\libg-musl.a(__int_vsprintf.o)
 .debug_info    0x0000d2e2      0x441 c:/program files/microchip/xc32/v4.30/bin/bin/../../lib/gcc/pic32c/8.3.1/../../../../pic32c/lib/thumb/v7e-m+fp/hard\libg-musl.a(__cvt_u.o)
 .debug_info    0x0000d723      0x3db c:/program files/microchip/xc32/v4.30/bin/bin/../../lib/gcc/pic32c/8.3.1/../../../../pic32c/lib/thumb/v7e-m+fp/hard\libg-musl.a(__pop_float.o)
 .debug_info    0x0000dafe      0x4a4 c:/program files/microchip/xc32/v4.30/bin/bin/../../lib/gcc/pic32c/8.3.1/../../../../pic32c/lib/thumb/v7e-m+fp/hard\libg-musl.a(__int_vsnprintf.o)
 .debug_info    0x0000dfa2      0x477 c:/program files/microchip/xc32/v4.30/bin/bin/../../lib/gcc/pic32c/8.3.1/../../../../pic32c/lib/thumb/v7e-m+fp/hard\libg-musl.a(__int_vfprintf.o)
 .debug_info    0x0000e419       0x26 c:/program files/microchip/xc32/v4.30/bin/bin/../../lib/gcc/pic32c/8.3.1/thumb/v7e-m+fp/hard\libgcc.a(_aeabi_uldivmod.o)
 .debug_info    0x0000e43f      0x7aa c:/program files/microchip/xc32/v4.30/bin/bin/../../lib/gcc/pic32c/8.3.1/thumb/v7e-m+fp/hard\libgcc.a(_udivmoddi4.o)
 .debug_info    0x0000ebe9       0x26 c:/program files/microchip/xc32/v4.30/bin/bin/../../lib/gcc/pic32c/8.3.1/thumb/v7e-m+fp/hard\libgcc.a(_dvmd_tls.o)
 .debug_info    0x0000ec0f      0x296 c:/program files/microchip/xc32/v4.30/bin/bin/../../lib/gcc/pic32c/8.3.1/../../../../pic32c/lib/thumb/v7e-m+fp/hard\libpic32c.a(pic32_data_init_clear.o)
 .debug_info    0x0000eea5      0x295 c:/program files/microchip/xc32/v4.30/bin/bin/../../lib/gcc/pic32c/8.3.1/../../../../pic32c/lib/thumb/v7e-m+fp/hard\libpic32c.a(pic32_data_init_copy.o)

.debug_abbrev   0x00000000     0x22d5
 .debug_abbrev  0x00000000      0x122 build/20232207_COM_Controller/debug/_ext/331146890/plib_clock.o
 .debug_abbrev  0x00000122       0x3b build/20232207_COM_Controller/debug/_ext/333296376/plib_evsys.o
 .debug_abbrev  0x0000015d      0x18d build/20232207_COM_Controller/debug/_ext/1374454042/plib_nvic.o
 .debug_abbrev  0x000002ea      0x245 build/20232207_COM_Controller/debug/_ext/1861644044/plib_nvmctrl.o
 .debug_abbrev  0x0000052f      0x1d6 build/20232207_COM_Controller/debug/_ext/1374400891/plib_port.o
 .debug_abbrev  0x00000705      0x2a1 build/20232207_COM_Controller/debug/_ext/1869446501/plib_sercom2_usart.o
 .debug_abbrev  0x000009a6      0x128 build/20232207_COM_Controller/debug/_ext/737068720/plib_tcc0.o
 .debug_abbrev  0x00000ace       0x8b build/20232207_COM_Controller/debug/_ext/1236672160/initialization.o
 .debug_abbrev  0x00000b59       0xb5 build/20232207_COM_Controller/debug/_ext/1236672160/interrupts.o
 .debug_abbrev  0x00000c0e       0x3e build/20232207_COM_Controller/debug/_ext/1236672160/exceptions.o
 .debug_abbrev  0x00000c4c      0x1db build/20232207_COM_Controller/debug/_ext/1236672160/startup_xc32.o
 .debug_abbrev  0x00000e27      0x238 build/20232207_COM_Controller/debug/_ext/1360937237/main.o
 .debug_abbrev  0x0000105f       0x44 c:/program files/microchip/xc32/v4.30/bin/bin/../../lib/gcc/pic32c/8.3.1/../../../../pic32c/lib/thumb/v7e-m+fp/hard\libpic32c.a(data_init.o)
 .debug_abbrev  0x000010a3      0x117 c:/program files/microchip/xc32/v4.30/bin/bin/../../lib/gcc/pic32c/8.3.1/../../../../pic32c/lib/thumb/v7e-m+fp/hard\libg-musl.a(__libc_start_main.o)
 .debug_abbrev  0x000011ba       0xb8 c:/program files/microchip/xc32/v4.30/bin/bin/../../lib/gcc/pic32c/8.3.1/../../../../pic32c/lib/thumb/v7e-m+fp/hard\libg-musl.a(libc.o)
 .debug_abbrev  0x00001272      0x12e c:/program files/microchip/xc32/v4.30/bin/bin/../../lib/gcc/pic32c/8.3.1/../../../../pic32c/lib/thumb/v7e-m+fp/hard\libg-musl.a(__sio_sprintf_dn.o)
 .debug_abbrev  0x000013a0      0x120 c:/program files/microchip/xc32/v4.30/bin/bin/../../lib/gcc/pic32c/8.3.1/../../../../pic32c/lib/thumb/v7e-m+fp/hard\libg-musl.a(__fmt_d.o)
 .debug_abbrev  0x000014c0       0xbd c:/program files/microchip/xc32/v4.30/bin/bin/../../lib/gcc/pic32c/8.3.1/../../../../pic32c/lib/thumb/v7e-m+fp/hard\libg-musl.a(__pop_int.o)
 .debug_abbrev  0x0000157d       0xce c:/program files/microchip/xc32/v4.30/bin/bin/../../lib/gcc/pic32c/8.3.1/../../../../pic32c/lib/thumb/v7e-m+fp/hard\libg-musl.a(__pop_ptr.o)
 .debug_abbrev  0x0000164b      0x2c5 c:/program files/microchip/xc32/v4.30/bin/bin/../../lib/gcc/pic32c/8.3.1/../../../../pic32c/lib/thumb/v7e-m+fp/hard\libg-musl.a(__printf_core.o)
 .debug_abbrev  0x00001910       0xbb c:/program files/microchip/xc32/v4.30/bin/bin/../../lib/gcc/pic32c/8.3.1/../../../../pic32c/lib/thumb/v7e-m+fp/hard\libg-musl.a(atoi.o)
 .debug_abbrev  0x000019cb       0x9c c:/program files/microchip/xc32/v4.30/bin/bin/../../lib/gcc/pic32c/8.3.1/../../../../pic32c/lib/thumb/v7e-m+fp/hard\libg-musl.a(memcpy.o)
 .debug_abbrev  0x00001a67       0x97 c:/program files/microchip/xc32/v4.30/bin/bin/../../lib/gcc/pic32c/8.3.1/../../../../pic32c/lib/thumb/v7e-m+fp/hard\libg-musl.a(memset.o)
 .debug_abbrev  0x00001afe       0x86 c:/program files/microchip/xc32/v4.30/bin/bin/../../lib/gcc/pic32c/8.3.1/../../../../pic32c/lib/thumb/v7e-m+fp/hard\libg-musl.a(strlen.o)
 .debug_abbrev  0x00001b84       0xfd c:/program files/microchip/xc32/v4.30/bin/bin/../../lib/gcc/pic32c/8.3.1/../../../../pic32c/lib/thumb/v7e-m+fp/hard\libg-musl.a(tolower.o)
 .debug_abbrev  0x00001c81       0x57 c:/program files/microchip/xc32/v4.30/bin/bin/../../lib/gcc/pic32c/8.3.1/../../../../pic32c/lib/thumb/v7e-m+fp/hard\libg-musl.a(__environ.o)
 .debug_abbrev  0x00001cd8       0x2e c:/program files/microchip/xc32/v4.30/bin/bin/../../lib/gcc/pic32c/8.3.1/../../../../pic32c/lib/thumb/v7e-m+fp/hard\libg-musl.a(__errno_location.o)
 .debug_abbrev  0x00001d06       0xc3 c:/program files/microchip/xc32/v4.30/bin/bin/../../lib/gcc/pic32c/8.3.1/../../../../pic32c/lib/thumb/v7e-m+fp/hard\libg-musl.a(__int_vsprintf.o)
 .debug_abbrev  0x00001dc9       0xa1 c:/program files/microchip/xc32/v4.30/bin/bin/../../lib/gcc/pic32c/8.3.1/../../../../pic32c/lib/thumb/v7e-m+fp/hard\libg-musl.a(__cvt_u.o)
 .debug_abbrev  0x00001e6a       0xbd c:/program files/microchip/xc32/v4.30/bin/bin/../../lib/gcc/pic32c/8.3.1/../../../../pic32c/lib/thumb/v7e-m+fp/hard\libg-musl.a(__pop_float.o)
 .debug_abbrev  0x00001f27      0x127 c:/program files/microchip/xc32/v4.30/bin/bin/../../lib/gcc/pic32c/8.3.1/../../../../pic32c/lib/thumb/v7e-m+fp/hard\libg-musl.a(__int_vsnprintf.o)
 .debug_abbrev  0x0000204e      0x111 c:/program files/microchip/xc32/v4.30/bin/bin/../../lib/gcc/pic32c/8.3.1/../../../../pic32c/lib/thumb/v7e-m+fp/hard\libg-musl.a(__int_vfprintf.o)
 .debug_abbrev  0x0000215f       0x14 c:/program files/microchip/xc32/v4.30/bin/bin/../../lib/gcc/pic32c/8.3.1/thumb/v7e-m+fp/hard\libgcc.a(_aeabi_uldivmod.o)
 .debug_abbrev  0x00002173       0xf2 c:/program files/microchip/xc32/v4.30/bin/bin/../../lib/gcc/pic32c/8.3.1/thumb/v7e-m+fp/hard\libgcc.a(_udivmoddi4.o)
 .debug_abbrev  0x00002265       0x14 c:/program files/microchip/xc32/v4.30/bin/bin/../../lib/gcc/pic32c/8.3.1/thumb/v7e-m+fp/hard\libgcc.a(_dvmd_tls.o)
 .debug_abbrev  0x00002279       0x2e c:/program files/microchip/xc32/v4.30/bin/bin/../../lib/gcc/pic32c/8.3.1/../../../../pic32c/lib/thumb/v7e-m+fp/hard\libpic32c.a(pic32_data_init_clear.o)
 .debug_abbrev  0x000022a7       0x2e c:/program files/microchip/xc32/v4.30/bin/bin/../../lib/gcc/pic32c/8.3.1/../../../../pic32c/lib/thumb/v7e-m+fp/hard\libpic32c.a(pic32_data_init_copy.o)

.debug_aranges  0x00000000      0x710
 .debug_aranges
                0x00000000       0x20 build/20232207_COM_Controller/debug/_ext/331146890/plib_clock.o
 .debug_aranges
                0x00000020       0x20 build/20232207_COM_Controller/debug/_ext/333296376/plib_evsys.o
 .debug_aranges
                0x00000040       0x38 build/20232207_COM_Controller/debug/_ext/1374454042/plib_nvic.o
 .debug_aranges
                0x00000078       0xd8 build/20232207_COM_Controller/debug/_ext/1861644044/plib_nvmctrl.o
 .debug_aranges
                0x00000150       0x70 build/20232207_COM_Controller/debug/_ext/1374400891/plib_port.o
 .debug_aranges
                0x000001c0       0x98 build/20232207_COM_Controller/debug/_ext/1869446501/plib_sercom2_usart.o
 .debug_aranges
                0x00000258       0x78 build/20232207_COM_Controller/debug/_ext/737068720/plib_tcc0.o
 .debug_aranges
                0x000002d0       0x20 build/20232207_COM_Controller/debug/_ext/1236672160/initialization.o
 .debug_aranges
                0x000002f0       0x20 build/20232207_COM_Controller/debug/_ext/1236672160/interrupts.o
 .debug_aranges
                0x00000310       0x48 build/20232207_COM_Controller/debug/_ext/1236672160/exceptions.o
 .debug_aranges
                0x00000358       0x28 build/20232207_COM_Controller/debug/_ext/1236672160/startup_xc32.o
 .debug_aranges
                0x00000380       0x38 build/20232207_COM_Controller/debug/_ext/1360937237/main.o
 .debug_aranges
                0x000003b8       0x28 c:/program files/microchip/xc32/v4.30/bin/bin/../../lib/gcc/pic32c/8.3.1/../../../../pic32c/lib/thumb/v7e-m+fp/hard\libpic32c.a(data_init.o)
 .debug_aranges
                0x000003e0       0x28 c:/program files/microchip/xc32/v4.30/bin/bin/../../lib/gcc/pic32c/8.3.1/../../../../pic32c/lib/thumb/v7e-m+fp/hard\libg-musl.a(__libc_start_main.o)
 .debug_aranges
                0x00000408       0x18 c:/program files/microchip/xc32/v4.30/bin/bin/../../lib/gcc/pic32c/8.3.1/../../../../pic32c/lib/thumb/v7e-m+fp/hard\libg-musl.a(libc.o)
 .debug_aranges
                0x00000420       0x28 c:/program files/microchip/xc32/v4.30/bin/bin/../../lib/gcc/pic32c/8.3.1/../../../../pic32c/lib/thumb/v7e-m+fp/hard\libg-musl.a(__sio_sprintf_dn.o)
 .debug_aranges
                0x00000448       0x20 c:/program files/microchip/xc32/v4.30/bin/bin/../../lib/gcc/pic32c/8.3.1/../../../../pic32c/lib/thumb/v7e-m+fp/hard\libg-musl.a(__fmt_d.o)
 .debug_aranges
                0x00000468       0x20 c:/program files/microchip/xc32/v4.30/bin/bin/../../lib/gcc/pic32c/8.3.1/../../../../pic32c/lib/thumb/v7e-m+fp/hard\libg-musl.a(__pop_int.o)
 .debug_aranges
                0x00000488       0x20 c:/program files/microchip/xc32/v4.30/bin/bin/../../lib/gcc/pic32c/8.3.1/../../../../pic32c/lib/thumb/v7e-m+fp/hard\libg-musl.a(__pop_ptr.o)
 .debug_aranges
                0x000004a8       0x50 c:/program files/microchip/xc32/v4.30/bin/bin/../../lib/gcc/pic32c/8.3.1/../../../../pic32c/lib/thumb/v7e-m+fp/hard\libg-musl.a(__printf_core.o)
 .debug_aranges
                0x000004f8       0x20 c:/program files/microchip/xc32/v4.30/bin/bin/../../lib/gcc/pic32c/8.3.1/../../../../pic32c/lib/thumb/v7e-m+fp/hard\libg-musl.a(atoi.o)
 .debug_aranges
                0x00000518       0x20 c:/program files/microchip/xc32/v4.30/bin/bin/../../lib/gcc/pic32c/8.3.1/../../../../pic32c/lib/thumb/v7e-m+fp/hard\libg-musl.a(memcpy.o)
 .debug_aranges
                0x00000538       0x20 c:/program files/microchip/xc32/v4.30/bin/bin/../../lib/gcc/pic32c/8.3.1/../../../../pic32c/lib/thumb/v7e-m+fp/hard\libg-musl.a(memset.o)
 .debug_aranges
                0x00000558       0x20 c:/program files/microchip/xc32/v4.30/bin/bin/../../lib/gcc/pic32c/8.3.1/../../../../pic32c/lib/thumb/v7e-m+fp/hard\libg-musl.a(strlen.o)
 .debug_aranges
                0x00000578       0x28 c:/program files/microchip/xc32/v4.30/bin/bin/../../lib/gcc/pic32c/8.3.1/../../../../pic32c/lib/thumb/v7e-m+fp/hard\libg-musl.a(tolower.o)
 .debug_aranges
                0x000005a0       0x18 c:/program files/microchip/xc32/v4.30/bin/bin/../../lib/gcc/pic32c/8.3.1/../../../../pic32c/lib/thumb/v7e-m+fp/hard\libg-musl.a(__environ.o)
 .debug_aranges
                0x000005b8       0x18 c:/program files/microchip/xc32/v4.30/bin/bin/../../lib/gcc/pic32c/8.3.1/../../../../pic32c/lib/thumb/v7e-m+fp/hard\libg-musl.a(__errno_location.o)
 .debug_aranges
                0x000005d0       0x20 c:/program files/microchip/xc32/v4.30/bin/bin/../../lib/gcc/pic32c/8.3.1/../../../../pic32c/lib/thumb/v7e-m+fp/hard\libg-musl.a(__int_vsprintf.o)
 .debug_aranges
                0x000005f0       0x20 c:/program files/microchip/xc32/v4.30/bin/bin/../../lib/gcc/pic32c/8.3.1/../../../../pic32c/lib/thumb/v7e-m+fp/hard\libg-musl.a(__cvt_u.o)
 .debug_aranges
                0x00000610       0x20 c:/program files/microchip/xc32/v4.30/bin/bin/../../lib/gcc/pic32c/8.3.1/../../../../pic32c/lib/thumb/v7e-m+fp/hard\libg-musl.a(__pop_float.o)
 .debug_aranges
                0x00000630       0x20 c:/program files/microchip/xc32/v4.30/bin/bin/../../lib/gcc/pic32c/8.3.1/../../../../pic32c/lib/thumb/v7e-m+fp/hard\libg-musl.a(__int_vsnprintf.o)
 .debug_aranges
                0x00000650       0x20 c:/program files/microchip/xc32/v4.30/bin/bin/../../lib/gcc/pic32c/8.3.1/../../../../pic32c/lib/thumb/v7e-m+fp/hard\libg-musl.a(__int_vfprintf.o)
 .debug_aranges
                0x00000670       0x20 c:/program files/microchip/xc32/v4.30/bin/bin/../../lib/gcc/pic32c/8.3.1/thumb/v7e-m+fp/hard\libgcc.a(_aeabi_uldivmod.o)
 .debug_aranges
                0x00000690       0x20 c:/program files/microchip/xc32/v4.30/bin/bin/../../lib/gcc/pic32c/8.3.1/thumb/v7e-m+fp/hard\libgcc.a(_udivmoddi4.o)
 .debug_aranges
                0x000006b0       0x20 c:/program files/microchip/xc32/v4.30/bin/bin/../../lib/gcc/pic32c/8.3.1/thumb/v7e-m+fp/hard\libgcc.a(_dvmd_tls.o)
 .debug_aranges
                0x000006d0       0x20 c:/program files/microchip/xc32/v4.30/bin/bin/../../lib/gcc/pic32c/8.3.1/../../../../pic32c/lib/thumb/v7e-m+fp/hard\libpic32c.a(pic32_data_init_clear.o)
 .debug_aranges
                0x000006f0       0x20 c:/program files/microchip/xc32/v4.30/bin/bin/../../lib/gcc/pic32c/8.3.1/../../../../pic32c/lib/thumb/v7e-m+fp/hard\libpic32c.a(pic32_data_init_copy.o)

.debug_ranges   0x00000000      0x598
 .debug_ranges  0x00000000       0x10 build/20232207_COM_Controller/debug/_ext/331146890/plib_clock.o
 .debug_ranges  0x00000010       0x10 build/20232207_COM_Controller/debug/_ext/333296376/plib_evsys.o
 .debug_ranges  0x00000020       0x28 build/20232207_COM_Controller/debug/_ext/1374454042/plib_nvic.o
 .debug_ranges  0x00000048       0xc8 build/20232207_COM_Controller/debug/_ext/1861644044/plib_nvmctrl.o
 .debug_ranges  0x00000110       0x60 build/20232207_COM_Controller/debug/_ext/1374400891/plib_port.o
 .debug_ranges  0x00000170       0x88 build/20232207_COM_Controller/debug/_ext/1869446501/plib_sercom2_usart.o
 .debug_ranges  0x000001f8       0x68 build/20232207_COM_Controller/debug/_ext/737068720/plib_tcc0.o
 .debug_ranges  0x00000260       0x10 build/20232207_COM_Controller/debug/_ext/1236672160/initialization.o
 .debug_ranges  0x00000270       0x10 build/20232207_COM_Controller/debug/_ext/1236672160/interrupts.o
 .debug_ranges  0x00000280       0x38 build/20232207_COM_Controller/debug/_ext/1236672160/exceptions.o
 .debug_ranges  0x000002b8       0x18 build/20232207_COM_Controller/debug/_ext/1236672160/startup_xc32.o
 .debug_ranges  0x000002d0       0x58 build/20232207_COM_Controller/debug/_ext/1360937237/main.o
 .debug_ranges  0x00000328       0x18 c:/program files/microchip/xc32/v4.30/bin/bin/../../lib/gcc/pic32c/8.3.1/../../../../pic32c/lib/thumb/v7e-m+fp/hard\libpic32c.a(data_init.o)
 .debug_ranges  0x00000340       0x40 c:/program files/microchip/xc32/v4.30/bin/bin/../../lib/gcc/pic32c/8.3.1/../../../../pic32c/lib/thumb/v7e-m+fp/hard\libg-musl.a(__libc_start_main.o)
 .debug_ranges  0x00000380       0x18 c:/program files/microchip/xc32/v4.30/bin/bin/../../lib/gcc/pic32c/8.3.1/../../../../pic32c/lib/thumb/v7e-m+fp/hard\libg-musl.a(__sio_sprintf_dn.o)
 .debug_ranges  0x00000398       0x10 c:/program files/microchip/xc32/v4.30/bin/bin/../../lib/gcc/pic32c/8.3.1/../../../../pic32c/lib/thumb/v7e-m+fp/hard\libg-musl.a(__fmt_d.o)
 .debug_ranges  0x000003a8       0x10 c:/program files/microchip/xc32/v4.30/bin/bin/../../lib/gcc/pic32c/8.3.1/../../../../pic32c/lib/thumb/v7e-m+fp/hard\libg-musl.a(__pop_int.o)
 .debug_ranges  0x000003b8       0x10 c:/program files/microchip/xc32/v4.30/bin/bin/../../lib/gcc/pic32c/8.3.1/../../../../pic32c/lib/thumb/v7e-m+fp/hard\libg-musl.a(__pop_ptr.o)
 .debug_ranges  0x000003c8       0x58 c:/program files/microchip/xc32/v4.30/bin/bin/../../lib/gcc/pic32c/8.3.1/../../../../pic32c/lib/thumb/v7e-m+fp/hard\libg-musl.a(__printf_core.o)
 .debug_ranges  0x00000420       0x10 c:/program files/microchip/xc32/v4.30/bin/bin/../../lib/gcc/pic32c/8.3.1/../../../../pic32c/lib/thumb/v7e-m+fp/hard\libg-musl.a(atoi.o)
 .debug_ranges  0x00000430       0x10 c:/program files/microchip/xc32/v4.30/bin/bin/../../lib/gcc/pic32c/8.3.1/../../../../pic32c/lib/thumb/v7e-m+fp/hard\libg-musl.a(memcpy.o)
 .debug_ranges  0x00000440       0x10 c:/program files/microchip/xc32/v4.30/bin/bin/../../lib/gcc/pic32c/8.3.1/../../../../pic32c/lib/thumb/v7e-m+fp/hard\libg-musl.a(memset.o)
 .debug_ranges  0x00000450       0x10 c:/program files/microchip/xc32/v4.30/bin/bin/../../lib/gcc/pic32c/8.3.1/../../../../pic32c/lib/thumb/v7e-m+fp/hard\libg-musl.a(strlen.o)
 .debug_ranges  0x00000460       0x18 c:/program files/microchip/xc32/v4.30/bin/bin/../../lib/gcc/pic32c/8.3.1/../../../../pic32c/lib/thumb/v7e-m+fp/hard\libg-musl.a(tolower.o)
 .debug_ranges  0x00000478       0x10 c:/program files/microchip/xc32/v4.30/bin/bin/../../lib/gcc/pic32c/8.3.1/../../../../pic32c/lib/thumb/v7e-m+fp/hard\libg-musl.a(__int_vsprintf.o)
 .debug_ranges  0x00000488       0x10 c:/program files/microchip/xc32/v4.30/bin/bin/../../lib/gcc/pic32c/8.3.1/../../../../pic32c/lib/thumb/v7e-m+fp/hard\libg-musl.a(__cvt_u.o)
 .debug_ranges  0x00000498       0x10 c:/program files/microchip/xc32/v4.30/bin/bin/../../lib/gcc/pic32c/8.3.1/../../../../pic32c/lib/thumb/v7e-m+fp/hard\libg-musl.a(__pop_float.o)
 .debug_ranges  0x000004a8       0x10 c:/program files/microchip/xc32/v4.30/bin/bin/../../lib/gcc/pic32c/8.3.1/../../../../pic32c/lib/thumb/v7e-m+fp/hard\libg-musl.a(__int_vsnprintf.o)
 .debug_ranges  0x000004b8       0x10 c:/program files/microchip/xc32/v4.30/bin/bin/../../lib/gcc/pic32c/8.3.1/../../../../pic32c/lib/thumb/v7e-m+fp/hard\libg-musl.a(__int_vfprintf.o)
 .debug_ranges  0x000004c8       0xb0 c:/program files/microchip/xc32/v4.30/bin/bin/../../lib/gcc/pic32c/8.3.1/thumb/v7e-m+fp/hard\libgcc.a(_udivmoddi4.o)
 .debug_ranges  0x00000578       0x10 c:/program files/microchip/xc32/v4.30/bin/bin/../../lib/gcc/pic32c/8.3.1/../../../../pic32c/lib/thumb/v7e-m+fp/hard\libpic32c.a(pic32_data_init_clear.o)
 .debug_ranges  0x00000588       0x10 c:/program files/microchip/xc32/v4.30/bin/bin/../../lib/gcc/pic32c/8.3.1/../../../../pic32c/lib/thumb/v7e-m+fp/hard\libpic32c.a(pic32_data_init_copy.o)

.debug_line     0x00000000     0x4912
 .debug_line    0x00000000      0x282 build/20232207_COM_Controller/debug/_ext/331146890/plib_clock.o
 .debug_line    0x00000282       0x76 build/20232207_COM_Controller/debug/_ext/333296376/plib_evsys.o
 .debug_line    0x000002f8      0x276 build/20232207_COM_Controller/debug/_ext/1374454042/plib_nvic.o
 .debug_line    0x0000056e      0x5d2 build/20232207_COM_Controller/debug/_ext/1861644044/plib_nvmctrl.o
 .debug_line    0x00000b40      0x2d1 build/20232207_COM_Controller/debug/_ext/1374400891/plib_port.o
 .debug_line    0x00000e11      0x5f0 build/20232207_COM_Controller/debug/_ext/1869446501/plib_sercom2_usart.o
 .debug_line    0x00001401      0x357 build/20232207_COM_Controller/debug/_ext/737068720/plib_tcc0.o
 .debug_line    0x00001758      0x276 build/20232207_COM_Controller/debug/_ext/1236672160/initialization.o
 .debug_line    0x000019ce       0xcb build/20232207_COM_Controller/debug/_ext/1236672160/interrupts.o
 .debug_line    0x00001a99       0xdc build/20232207_COM_Controller/debug/_ext/1236672160/exceptions.o
 .debug_line    0x00001b75      0x258 build/20232207_COM_Controller/debug/_ext/1236672160/startup_xc32.o
 .debug_line    0x00001dcd      0x441 build/20232207_COM_Controller/debug/_ext/1360937237/main.o
 .debug_line    0x0000220e       0xe9 c:/program files/microchip/xc32/v4.30/bin/bin/../../lib/gcc/pic32c/8.3.1/../../../../pic32c/lib/thumb/v7e-m+fp/hard\libpic32c.a(data_init.o)
 .debug_line    0x000022f7      0x1d5 c:/program files/microchip/xc32/v4.30/bin/bin/../../lib/gcc/pic32c/8.3.1/../../../../pic32c/lib/thumb/v7e-m+fp/hard\libg-musl.a(__libc_start_main.o)
 .debug_line    0x000024cc       0xbc c:/program files/microchip/xc32/v4.30/bin/bin/../../lib/gcc/pic32c/8.3.1/../../../../pic32c/lib/thumb/v7e-m+fp/hard\libg-musl.a(libc.o)
 .debug_line    0x00002588      0x1a9 c:/program files/microchip/xc32/v4.30/bin/bin/../../lib/gcc/pic32c/8.3.1/../../../../pic32c/lib/thumb/v7e-m+fp/hard\libg-musl.a(__sio_sprintf_dn.o)
 .debug_line    0x00002731      0x20d c:/program files/microchip/xc32/v4.30/bin/bin/../../lib/gcc/pic32c/8.3.1/../../../../pic32c/lib/thumb/v7e-m+fp/hard\libg-musl.a(__fmt_d.o)
 .debug_line    0x0000293e      0x20e c:/program files/microchip/xc32/v4.30/bin/bin/../../lib/gcc/pic32c/8.3.1/../../../../pic32c/lib/thumb/v7e-m+fp/hard\libg-musl.a(__pop_int.o)
 .debug_line    0x00002b4c      0x1ee c:/program files/microchip/xc32/v4.30/bin/bin/../../lib/gcc/pic32c/8.3.1/../../../../pic32c/lib/thumb/v7e-m+fp/hard\libg-musl.a(__pop_ptr.o)
 .debug_line    0x00002d3a      0x6a3 c:/program files/microchip/xc32/v4.30/bin/bin/../../lib/gcc/pic32c/8.3.1/../../../../pic32c/lib/thumb/v7e-m+fp/hard\libg-musl.a(__printf_core.o)
 .debug_line    0x000033dd      0x175 c:/program files/microchip/xc32/v4.30/bin/bin/../../lib/gcc/pic32c/8.3.1/../../../../pic32c/lib/thumb/v7e-m+fp/hard\libg-musl.a(atoi.o)
 .debug_line    0x00003552       0xf2 c:/program files/microchip/xc32/v4.30/bin/bin/../../lib/gcc/pic32c/8.3.1/../../../../pic32c/lib/thumb/v7e-m+fp/hard\libg-musl.a(memcpy.o)
 .debug_line    0x00003644       0xe9 c:/program files/microchip/xc32/v4.30/bin/bin/../../lib/gcc/pic32c/8.3.1/../../../../pic32c/lib/thumb/v7e-m+fp/hard\libg-musl.a(memset.o)
 .debug_line    0x0000372d       0xe5 c:/program files/microchip/xc32/v4.30/bin/bin/../../lib/gcc/pic32c/8.3.1/../../../../pic32c/lib/thumb/v7e-m+fp/hard\libg-musl.a(strlen.o)
 .debug_line    0x00003812      0x165 c:/program files/microchip/xc32/v4.30/bin/bin/../../lib/gcc/pic32c/8.3.1/../../../../pic32c/lib/thumb/v7e-m+fp/hard\libg-musl.a(tolower.o)
 .debug_line    0x00003977      0x109 c:/program files/microchip/xc32/v4.30/bin/bin/../../lib/gcc/pic32c/8.3.1/../../../../pic32c/lib/thumb/v7e-m+fp/hard\libg-musl.a(__environ.o)
 .debug_line    0x00003a80       0xa1 c:/program files/microchip/xc32/v4.30/bin/bin/../../lib/gcc/pic32c/8.3.1/../../../../pic32c/lib/thumb/v7e-m+fp/hard\libg-musl.a(__errno_location.o)
 .debug_line    0x00003b21      0x15b c:/program files/microchip/xc32/v4.30/bin/bin/../../lib/gcc/pic32c/8.3.1/../../../../pic32c/lib/thumb/v7e-m+fp/hard\libg-musl.a(__int_vsprintf.o)
 .debug_line    0x00003c7c      0x1d9 c:/program files/microchip/xc32/v4.30/bin/bin/../../lib/gcc/pic32c/8.3.1/../../../../pic32c/lib/thumb/v7e-m+fp/hard\libg-musl.a(__cvt_u.o)
 .debug_line    0x00003e55      0x173 c:/program files/microchip/xc32/v4.30/bin/bin/../../lib/gcc/pic32c/8.3.1/../../../../pic32c/lib/thumb/v7e-m+fp/hard\libg-musl.a(__pop_float.o)
 .debug_line    0x00003fc8      0x1c9 c:/program files/microchip/xc32/v4.30/bin/bin/../../lib/gcc/pic32c/8.3.1/../../../../pic32c/lib/thumb/v7e-m+fp/hard\libg-musl.a(__int_vsnprintf.o)
 .debug_line    0x00004191      0x176 c:/program files/microchip/xc32/v4.30/bin/bin/../../lib/gcc/pic32c/8.3.1/../../../../pic32c/lib/thumb/v7e-m+fp/hard\libg-musl.a(__int_vfprintf.o)
 .debug_line    0x00004307       0x98 c:/program files/microchip/xc32/v4.30/bin/bin/../../lib/gcc/pic32c/8.3.1/thumb/v7e-m+fp/hard\libgcc.a(_aeabi_uldivmod.o)
 .debug_line    0x0000439f      0x367 c:/program files/microchip/xc32/v4.30/bin/bin/../../lib/gcc/pic32c/8.3.1/thumb/v7e-m+fp/hard\libgcc.a(_udivmoddi4.o)
 .debug_line    0x00004706       0x98 c:/program files/microchip/xc32/v4.30/bin/bin/../../lib/gcc/pic32c/8.3.1/thumb/v7e-m+fp/hard\libgcc.a(_dvmd_tls.o)
 .debug_line    0x0000479e       0xb6 c:/program files/microchip/xc32/v4.30/bin/bin/../../lib/gcc/pic32c/8.3.1/../../../../pic32c/lib/thumb/v7e-m+fp/hard\libpic32c.a(pic32_data_init_clear.o)
 .debug_line    0x00004854       0xbe c:/program files/microchip/xc32/v4.30/bin/bin/../../lib/gcc/pic32c/8.3.1/../../../../pic32c/lib/thumb/v7e-m+fp/hard\libpic32c.a(pic32_data_init_copy.o)

.debug_str      0x00000000      0x51e
 .debug_str     0x00000000       0x1e build/20232207_COM_Controller/debug/_ext/331146890/plib_clock.o
 .debug_str     0x0000001e        0x0 build/20232207_COM_Controller/debug/_ext/333296376/plib_evsys.o
 .debug_str     0x0000001e        0x0 build/20232207_COM_Controller/debug/_ext/1374454042/plib_nvic.o
 .debug_str     0x0000001e       0x20 build/20232207_COM_Controller/debug/_ext/1861644044/plib_nvmctrl.o
 .debug_str     0x0000003e        0xb build/20232207_COM_Controller/debug/_ext/1374400891/plib_port.o
 .debug_str     0x00000049      0x135 build/20232207_COM_Controller/debug/_ext/1869446501/plib_sercom2_usart.o
 .debug_str     0x0000017e        0x0 build/20232207_COM_Controller/debug/_ext/737068720/plib_tcc0.o
 .debug_str     0x0000017e       0x81 build/20232207_COM_Controller/debug/_ext/1236672160/initialization.o
 .debug_str     0x000001ff        0x0 build/20232207_COM_Controller/debug/_ext/1236672160/interrupts.o
 .debug_str     0x000001ff        0x0 build/20232207_COM_Controller/debug/_ext/1236672160/exceptions.o
 .debug_str     0x000001ff       0x2f build/20232207_COM_Controller/debug/_ext/1236672160/startup_xc32.o
 .debug_str     0x0000022e       0x99 build/20232207_COM_Controller/debug/_ext/1360937237/main.o
 .debug_str     0x000002c7        0x0 c:/program files/microchip/xc32/v4.30/bin/bin/../../lib/gcc/pic32c/8.3.1/../../../../pic32c/lib/thumb/v7e-m+fp/hard\libpic32c.a(data_init.o)
 .debug_str     0x000002c7        0x0 c:/program files/microchip/xc32/v4.30/bin/bin/../../lib/gcc/pic32c/8.3.1/../../../../pic32c/lib/thumb/v7e-m+fp/hard\libg-musl.a(__libc_start_main.o)
 .debug_str     0x000002c7        0x0 c:/program files/microchip/xc32/v4.30/bin/bin/../../lib/gcc/pic32c/8.3.1/../../../../pic32c/lib/thumb/v7e-m+fp/hard\libg-musl.a(libc.o)
 .debug_str     0x000002c7       0x3c c:/program files/microchip/xc32/v4.30/bin/bin/../../lib/gcc/pic32c/8.3.1/../../../../pic32c/lib/thumb/v7e-m+fp/hard\libg-musl.a(__sio_sprintf_dn.o)
 .debug_str     0x00000303        0x0 c:/program files/microchip/xc32/v4.30/bin/bin/../../lib/gcc/pic32c/8.3.1/../../../../pic32c/lib/thumb/v7e-m+fp/hard\libg-musl.a(__fmt_d.o)
 .debug_str     0x00000303        0x0 c:/program files/microchip/xc32/v4.30/bin/bin/../../lib/gcc/pic32c/8.3.1/../../../../pic32c/lib/thumb/v7e-m+fp/hard\libg-musl.a(__pop_int.o)
 .debug_str     0x00000303        0x0 c:/program files/microchip/xc32/v4.30/bin/bin/../../lib/gcc/pic32c/8.3.1/../../../../pic32c/lib/thumb/v7e-m+fp/hard\libg-musl.a(__pop_ptr.o)
 .debug_str     0x00000303       0x20 c:/program files/microchip/xc32/v4.30/bin/bin/../../lib/gcc/pic32c/8.3.1/../../../../pic32c/lib/thumb/v7e-m+fp/hard\libg-musl.a(__printf_core.o)
 .debug_str     0x00000323        0x0 c:/program files/microchip/xc32/v4.30/bin/bin/../../lib/gcc/pic32c/8.3.1/../../../../pic32c/lib/thumb/v7e-m+fp/hard\libg-musl.a(atoi.o)
 .debug_str     0x00000323        0x0 c:/program files/microchip/xc32/v4.30/bin/bin/../../lib/gcc/pic32c/8.3.1/../../../../pic32c/lib/thumb/v7e-m+fp/hard\libg-musl.a(memcpy.o)
 .debug_str     0x00000323        0x0 c:/program files/microchip/xc32/v4.30/bin/bin/../../lib/gcc/pic32c/8.3.1/../../../../pic32c/lib/thumb/v7e-m+fp/hard\libg-musl.a(memset.o)
 .debug_str     0x00000323        0x0 c:/program files/microchip/xc32/v4.30/bin/bin/../../lib/gcc/pic32c/8.3.1/../../../../pic32c/lib/thumb/v7e-m+fp/hard\libg-musl.a(strlen.o)
 .debug_str     0x00000323        0x0 c:/program files/microchip/xc32/v4.30/bin/bin/../../lib/gcc/pic32c/8.3.1/../../../../pic32c/lib/thumb/v7e-m+fp/hard\libg-musl.a(tolower.o)
 .debug_str     0x00000323        0x0 c:/program files/microchip/xc32/v4.30/bin/bin/../../lib/gcc/pic32c/8.3.1/../../../../pic32c/lib/thumb/v7e-m+fp/hard\libg-musl.a(__environ.o)
 .debug_str     0x00000323        0x0 c:/program files/microchip/xc32/v4.30/bin/bin/../../lib/gcc/pic32c/8.3.1/../../../../pic32c/lib/thumb/v7e-m+fp/hard\libg-musl.a(__errno_location.o)
 .debug_str     0x00000323        0xc c:/program files/microchip/xc32/v4.30/bin/bin/../../lib/gcc/pic32c/8.3.1/../../../../pic32c/lib/thumb/v7e-m+fp/hard\libg-musl.a(__int_vsprintf.o)
 .debug_str     0x0000032f        0x0 c:/program files/microchip/xc32/v4.30/bin/bin/../../lib/gcc/pic32c/8.3.1/../../../../pic32c/lib/thumb/v7e-m+fp/hard\libg-musl.a(__cvt_u.o)
 .debug_str     0x0000032f        0x0 c:/program files/microchip/xc32/v4.30/bin/bin/../../lib/gcc/pic32c/8.3.1/../../../../pic32c/lib/thumb/v7e-m+fp/hard\libg-musl.a(__pop_float.o)
 .debug_str     0x0000032f        0xb c:/program files/microchip/xc32/v4.30/bin/bin/../../lib/gcc/pic32c/8.3.1/../../../../pic32c/lib/thumb/v7e-m+fp/hard\libg-musl.a(__int_vsnprintf.o)
 .debug_str     0x0000033a        0xe c:/program files/microchip/xc32/v4.30/bin/bin/../../lib/gcc/pic32c/8.3.1/../../../../pic32c/lib/thumb/v7e-m+fp/hard\libg-musl.a(__int_vfprintf.o)
 .debug_str     0x00000348       0xe9 c:/program files/microchip/xc32/v4.30/bin/bin/../../lib/gcc/pic32c/8.3.1/thumb/v7e-m+fp/hard\libgcc.a(_aeabi_uldivmod.o)
 .debug_str     0x00000431        0x0 c:/program files/microchip/xc32/v4.30/bin/bin/../../lib/gcc/pic32c/8.3.1/thumb/v7e-m+fp/hard\libgcc.a(_udivmoddi4.o)
 .debug_str     0x00000431       0xed c:/program files/microchip/xc32/v4.30/bin/bin/../../lib/gcc/pic32c/8.3.1/thumb/v7e-m+fp/hard\libgcc.a(_dvmd_tls.o)
 .debug_str     0x0000051e        0x0 c:/program files/microchip/xc32/v4.30/bin/bin/../../lib/gcc/pic32c/8.3.1/../../../../pic32c/lib/thumb/v7e-m+fp/hard\libpic32c.a(pic32_data_init_clear.o)
 .debug_str     0x0000051e        0x0 c:/program files/microchip/xc32/v4.30/bin/bin/../../lib/gcc/pic32c/8.3.1/../../../../pic32c/lib/thumb/v7e-m+fp/hard\libpic32c.a(pic32_data_init_copy.o)

.debug_frame    0x00000000      0xb48
 .debug_frame   0x00000000       0x20 build/20232207_COM_Controller/debug/_ext/331146890/plib_clock.o
 .debug_frame   0x00000020       0x20 build/20232207_COM_Controller/debug/_ext/333296376/plib_evsys.o
 .debug_frame   0x00000040       0x50 build/20232207_COM_Controller/debug/_ext/1374454042/plib_nvic.o
 .debug_frame   0x00000090      0x1dc build/20232207_COM_Controller/debug/_ext/1861644044/plib_nvmctrl.o
 .debug_frame   0x0000026c       0xcc build/20232207_COM_Controller/debug/_ext/1374400891/plib_port.o
 .debug_frame   0x00000338      0x15c build/20232207_COM_Controller/debug/_ext/1869446501/plib_sercom2_usart.o
 .debug_frame   0x00000494       0xd0 build/20232207_COM_Controller/debug/_ext/737068720/plib_tcc0.o
 .debug_frame   0x00000564       0x28 build/20232207_COM_Controller/debug/_ext/1236672160/initialization.o
 .debug_frame   0x0000058c       0x20 build/20232207_COM_Controller/debug/_ext/1236672160/interrupts.o
 .debug_frame   0x000005ac       0x70 build/20232207_COM_Controller/debug/_ext/1236672160/exceptions.o
 .debug_frame   0x0000061c       0x38 build/20232207_COM_Controller/debug/_ext/1236672160/startup_xc32.o
 .debug_frame   0x00000654       0x84 build/20232207_COM_Controller/debug/_ext/1360937237/main.o
 .debug_frame   0x000006d8       0x3c c:/program files/microchip/xc32/v4.30/bin/bin/../../lib/gcc/pic32c/8.3.1/../../../../pic32c/lib/thumb/v7e-m+fp/hard\libpic32c.a(data_init.o)
 .debug_frame   0x00000714       0x3c c:/program files/microchip/xc32/v4.30/bin/bin/../../lib/gcc/pic32c/8.3.1/../../../../pic32c/lib/thumb/v7e-m+fp/hard\libg-musl.a(__libc_start_main.o)
 .debug_frame   0x00000750       0x58 c:/program files/microchip/xc32/v4.30/bin/bin/../../lib/gcc/pic32c/8.3.1/../../../../pic32c/lib/thumb/v7e-m+fp/hard\libg-musl.a(__sio_sprintf_dn.o)
 .debug_frame   0x000007a8       0x3c c:/program files/microchip/xc32/v4.30/bin/bin/../../lib/gcc/pic32c/8.3.1/../../../../pic32c/lib/thumb/v7e-m+fp/hard\libg-musl.a(__fmt_d.o)
 .debug_frame   0x000007e4       0x28 c:/program files/microchip/xc32/v4.30/bin/bin/../../lib/gcc/pic32c/8.3.1/../../../../pic32c/lib/thumb/v7e-m+fp/hard\libg-musl.a(__pop_int.o)
 .debug_frame   0x0000080c       0x28 c:/program files/microchip/xc32/v4.30/bin/bin/../../lib/gcc/pic32c/8.3.1/../../../../pic32c/lib/thumb/v7e-m+fp/hard\libg-musl.a(__pop_ptr.o)
 .debug_frame   0x00000834       0xd0 c:/program files/microchip/xc32/v4.30/bin/bin/../../lib/gcc/pic32c/8.3.1/../../../../pic32c/lib/thumb/v7e-m+fp/hard\libg-musl.a(__printf_core.o)
 .debug_frame   0x00000904       0x28 c:/program files/microchip/xc32/v4.30/bin/bin/../../lib/gcc/pic32c/8.3.1/../../../../pic32c/lib/thumb/v7e-m+fp/hard\libg-musl.a(atoi.o)
 .debug_frame   0x0000092c       0x28 c:/program files/microchip/xc32/v4.30/bin/bin/../../lib/gcc/pic32c/8.3.1/../../../../pic32c/lib/thumb/v7e-m+fp/hard\libg-musl.a(memcpy.o)
 .debug_frame   0x00000954       0x20 c:/program files/microchip/xc32/v4.30/bin/bin/../../lib/gcc/pic32c/8.3.1/../../../../pic32c/lib/thumb/v7e-m+fp/hard\libg-musl.a(memset.o)
 .debug_frame   0x00000974       0x20 c:/program files/microchip/xc32/v4.30/bin/bin/../../lib/gcc/pic32c/8.3.1/../../../../pic32c/lib/thumb/v7e-m+fp/hard\libg-musl.a(strlen.o)
 .debug_frame   0x00000994       0x30 c:/program files/microchip/xc32/v4.30/bin/bin/../../lib/gcc/pic32c/8.3.1/../../../../pic32c/lib/thumb/v7e-m+fp/hard\libg-musl.a(tolower.o)
 .debug_frame   0x000009c4       0x20 c:/program files/microchip/xc32/v4.30/bin/bin/../../lib/gcc/pic32c/8.3.1/../../../../pic32c/lib/thumb/v7e-m+fp/hard\libg-musl.a(__int_vsprintf.o)
 .debug_frame   0x000009e4       0x38 c:/program files/microchip/xc32/v4.30/bin/bin/../../lib/gcc/pic32c/8.3.1/../../../../pic32c/lib/thumb/v7e-m+fp/hard\libg-musl.a(__cvt_u.o)
 .debug_frame   0x00000a1c       0x20 c:/program files/microchip/xc32/v4.30/bin/bin/../../lib/gcc/pic32c/8.3.1/../../../../pic32c/lib/thumb/v7e-m+fp/hard\libg-musl.a(__pop_float.o)
 .debug_frame   0x00000a3c       0x34 c:/program files/microchip/xc32/v4.30/bin/bin/../../lib/gcc/pic32c/8.3.1/../../../../pic32c/lib/thumb/v7e-m+fp/hard\libg-musl.a(__int_vsnprintf.o)
 .debug_frame   0x00000a70       0x2c c:/program files/microchip/xc32/v4.30/bin/bin/../../lib/gcc/pic32c/8.3.1/../../../../pic32c/lib/thumb/v7e-m+fp/hard\libg-musl.a(__int_vfprintf.o)
 .debug_frame   0x00000a9c       0x2c c:/program files/microchip/xc32/v4.30/bin/bin/../../lib/gcc/pic32c/8.3.1/thumb/v7e-m+fp/hard\libgcc.a(_aeabi_uldivmod.o)
 .debug_frame   0x00000ac8       0x38 c:/program files/microchip/xc32/v4.30/bin/bin/../../lib/gcc/pic32c/8.3.1/thumb/v7e-m+fp/hard\libgcc.a(_udivmoddi4.o)
 .debug_frame   0x00000b00       0x20 c:/program files/microchip/xc32/v4.30/bin/bin/../../lib/gcc/pic32c/8.3.1/../../../../pic32c/lib/thumb/v7e-m+fp/hard\libpic32c.a(pic32_data_init_clear.o)
 .debug_frame   0x00000b20       0x28 c:/program files/microchip/xc32/v4.30/bin/bin/../../lib/gcc/pic32c/8.3.1/../../../../pic32c/lib/thumb/v7e-m+fp/hard\libpic32c.a(pic32_data_init_copy.o)

.debug_loc      0x00000000     0x39f4
 .debug_loc     0x00000000       0x73 build/20232207_COM_Controller/debug/_ext/1374454042/plib_nvic.o
 .debug_loc     0x00000073      0x868 build/20232207_COM_Controller/debug/_ext/1861644044/plib_nvmctrl.o
 .debug_loc     0x000008db      0x1bc build/20232207_COM_Controller/debug/_ext/1374400891/plib_port.o
 .debug_loc     0x00000a97      0x861 build/20232207_COM_Controller/debug/_ext/1869446501/plib_sercom2_usart.o
 .debug_loc     0x000012f8      0x161 build/20232207_COM_Controller/debug/_ext/737068720/plib_tcc0.o
 .debug_loc     0x00001459       0x45 build/20232207_COM_Controller/debug/_ext/1236672160/initialization.o
 .debug_loc     0x0000149e       0x4a build/20232207_COM_Controller/debug/_ext/1236672160/startup_xc32.o
 .debug_loc     0x000014e8      0x1e9 build/20232207_COM_Controller/debug/_ext/1360937237/main.o
 .debug_loc     0x000016d1       0x14 c:/program files/microchip/xc32/v4.30/bin/bin/../../lib/gcc/pic32c/8.3.1/../../../../pic32c/lib/thumb/v7e-m+fp/hard\libpic32c.a(data_init.o)
 .debug_loc     0x000016e5       0x51 c:/program files/microchip/xc32/v4.30/bin/bin/../../lib/gcc/pic32c/8.3.1/../../../../pic32c/lib/thumb/v7e-m+fp/hard\libg-musl.a(__libc_start_main.o)
 .debug_loc     0x00001736       0xb6 c:/program files/microchip/xc32/v4.30/bin/bin/../../lib/gcc/pic32c/8.3.1/../../../../pic32c/lib/thumb/v7e-m+fp/hard\libg-musl.a(__sio_sprintf_dn.o)
 .debug_loc     0x000017ec      0x1ef c:/program files/microchip/xc32/v4.30/bin/bin/../../lib/gcc/pic32c/8.3.1/../../../../pic32c/lib/thumb/v7e-m+fp/hard\libg-musl.a(__fmt_d.o)
 .debug_loc     0x000019db      0x2f5 c:/program files/microchip/xc32/v4.30/bin/bin/../../lib/gcc/pic32c/8.3.1/../../../../pic32c/lib/thumb/v7e-m+fp/hard\libg-musl.a(__pop_int.o)
 .debug_loc     0x00001cd0      0x1db c:/program files/microchip/xc32/v4.30/bin/bin/../../lib/gcc/pic32c/8.3.1/../../../../pic32c/lib/thumb/v7e-m+fp/hard\libg-musl.a(__pop_ptr.o)
 .debug_loc     0x00001eab      0x5e9 c:/program files/microchip/xc32/v4.30/bin/bin/../../lib/gcc/pic32c/8.3.1/../../../../pic32c/lib/thumb/v7e-m+fp/hard\libg-musl.a(__printf_core.o)
 .debug_loc     0x00002494       0xd8 c:/program files/microchip/xc32/v4.30/bin/bin/../../lib/gcc/pic32c/8.3.1/../../../../pic32c/lib/thumb/v7e-m+fp/hard\libg-musl.a(atoi.o)
 .debug_loc     0x0000256c       0xe5 c:/program files/microchip/xc32/v4.30/bin/bin/../../lib/gcc/pic32c/8.3.1/../../../../pic32c/lib/thumb/v7e-m+fp/hard\libg-musl.a(memcpy.o)
 .debug_loc     0x00002651       0x56 c:/program files/microchip/xc32/v4.30/bin/bin/../../lib/gcc/pic32c/8.3.1/../../../../pic32c/lib/thumb/v7e-m+fp/hard\libg-musl.a(memset.o)
 .debug_loc     0x000026a7       0x47 c:/program files/microchip/xc32/v4.30/bin/bin/../../lib/gcc/pic32c/8.3.1/../../../../pic32c/lib/thumb/v7e-m+fp/hard\libg-musl.a(strlen.o)
 .debug_loc     0x000026ee       0x4a c:/program files/microchip/xc32/v4.30/bin/bin/../../lib/gcc/pic32c/8.3.1/../../../../pic32c/lib/thumb/v7e-m+fp/hard\libg-musl.a(tolower.o)
 .debug_loc     0x00002738       0x6c c:/program files/microchip/xc32/v4.30/bin/bin/../../lib/gcc/pic32c/8.3.1/../../../../pic32c/lib/thumb/v7e-m+fp/hard\libg-musl.a(__int_vsprintf.o)
 .debug_loc     0x000027a4      0x198 c:/program files/microchip/xc32/v4.30/bin/bin/../../lib/gcc/pic32c/8.3.1/../../../../pic32c/lib/thumb/v7e-m+fp/hard\libg-musl.a(__cvt_u.o)
 .debug_loc     0x0000293c       0xa6 c:/program files/microchip/xc32/v4.30/bin/bin/../../lib/gcc/pic32c/8.3.1/../../../../pic32c/lib/thumb/v7e-m+fp/hard\libg-musl.a(__pop_float.o)
 .debug_loc     0x000029e2       0xfd c:/program files/microchip/xc32/v4.30/bin/bin/../../lib/gcc/pic32c/8.3.1/../../../../pic32c/lib/thumb/v7e-m+fp/hard\libg-musl.a(__int_vsnprintf.o)
 .debug_loc     0x00002adf       0x88 c:/program files/microchip/xc32/v4.30/bin/bin/../../lib/gcc/pic32c/8.3.1/../../../../pic32c/lib/thumb/v7e-m+fp/hard\libg-musl.a(__int_vfprintf.o)
 .debug_loc     0x00002b67      0xe79 c:/program files/microchip/xc32/v4.30/bin/bin/../../lib/gcc/pic32c/8.3.1/thumb/v7e-m+fp/hard\libgcc.a(_udivmoddi4.o)
 .debug_loc     0x000039e0       0x14 c:/program files/microchip/xc32/v4.30/bin/bin/../../lib/gcc/pic32c/8.3.1/../../../../pic32c/lib/thumb/v7e-m+fp/hard\libpic32c.a(pic32_data_init_copy.o)

.note.GNU-stack
                0x00000000        0x0
 .note.GNU-stack
                0x00000000        0x0 c:/program files/microchip/xc32/v4.30/bin/bin/../../lib/gcc/pic32c/8.3.1/../../../../pic32c/lib/thumb/v7e-m+fp/hard\libg-musl.a(__libc_start_main.o)
 .note.GNU-stack
                0x00000000        0x0 c:/program files/microchip/xc32/v4.30/bin/bin/../../lib/gcc/pic32c/8.3.1/../../../../pic32c/lib/thumb/v7e-m+fp/hard\libg-musl.a(libc.o)
 .note.GNU-stack
                0x00000000        0x0 c:/program files/microchip/xc32/v4.30/bin/bin/../../lib/gcc/pic32c/8.3.1/../../../../pic32c/lib/thumb/v7e-m+fp/hard\libg-musl.a(__sio_sprintf_dn.o)
 .note.GNU-stack
                0x00000000        0x0 c:/program files/microchip/xc32/v4.30/bin/bin/../../lib/gcc/pic32c/8.3.1/../../../../pic32c/lib/thumb/v7e-m+fp/hard\libg-musl.a(__fmt_d.o)
 .note.GNU-stack
                0x00000000        0x0 c:/program files/microchip/xc32/v4.30/bin/bin/../../lib/gcc/pic32c/8.3.1/../../../../pic32c/lib/thumb/v7e-m+fp/hard\libg-musl.a(__pop_int.o)
 .note.GNU-stack
                0x00000000        0x0 c:/program files/microchip/xc32/v4.30/bin/bin/../../lib/gcc/pic32c/8.3.1/../../../../pic32c/lib/thumb/v7e-m+fp/hard\libg-musl.a(__pop_ptr.o)
 .note.GNU-stack
                0x00000000        0x0 c:/program files/microchip/xc32/v4.30/bin/bin/../../lib/gcc/pic32c/8.3.1/../../../../pic32c/lib/thumb/v7e-m+fp/hard\libg-musl.a(__printf_core.o)
 .note.GNU-stack
                0x00000000        0x0 c:/program files/microchip/xc32/v4.30/bin/bin/../../lib/gcc/pic32c/8.3.1/../../../../pic32c/lib/thumb/v7e-m+fp/hard\libg-musl.a(atoi.o)
 .note.GNU-stack
                0x00000000        0x0 c:/program files/microchip/xc32/v4.30/bin/bin/../../lib/gcc/pic32c/8.3.1/../../../../pic32c/lib/thumb/v7e-m+fp/hard\libg-musl.a(memcpy.o)
 .note.GNU-stack
                0x00000000        0x0 c:/program files/microchip/xc32/v4.30/bin/bin/../../lib/gcc/pic32c/8.3.1/../../../../pic32c/lib/thumb/v7e-m+fp/hard\libg-musl.a(memset.o)
 .note.GNU-stack
                0x00000000        0x0 c:/program files/microchip/xc32/v4.30/bin/bin/../../lib/gcc/pic32c/8.3.1/../../../../pic32c/lib/thumb/v7e-m+fp/hard\libg-musl.a(strlen.o)
 .note.GNU-stack
                0x00000000        0x0 c:/program files/microchip/xc32/v4.30/bin/bin/../../lib/gcc/pic32c/8.3.1/../../../../pic32c/lib/thumb/v7e-m+fp/hard\libg-musl.a(tolower.o)
 .note.GNU-stack
                0x00000000        0x0 c:/program files/microchip/xc32/v4.30/bin/bin/../../lib/gcc/pic32c/8.3.1/../../../../pic32c/lib/thumb/v7e-m+fp/hard\libg-musl.a(__environ.o)
 .note.GNU-stack
                0x00000000        0x0 c:/program files/microchip/xc32/v4.30/bin/bin/../../lib/gcc/pic32c/8.3.1/../../../../pic32c/lib/thumb/v7e-m+fp/hard\libg-musl.a(__errno_location.o)
 .note.GNU-stack
                0x00000000        0x0 c:/program files/microchip/xc32/v4.30/bin/bin/../../lib/gcc/pic32c/8.3.1/../../../../pic32c/lib/thumb/v7e-m+fp/hard\libg-musl.a(__int_vsprintf.o)
 .note.GNU-stack
                0x00000000        0x0 c:/program files/microchip/xc32/v4.30/bin/bin/../../lib/gcc/pic32c/8.3.1/../../../../pic32c/lib/thumb/v7e-m+fp/hard\libg-musl.a(__cvt_u.o)
 .note.GNU-stack
                0x00000000        0x0 c:/program files/microchip/xc32/v4.30/bin/bin/../../lib/gcc/pic32c/8.3.1/../../../../pic32c/lib/thumb/v7e-m+fp/hard\libg-musl.a(__pop_float.o)
 .note.GNU-stack
                0x00000000        0x0 c:/program files/microchip/xc32/v4.30/bin/bin/../../lib/gcc/pic32c/8.3.1/../../../../pic32c/lib/thumb/v7e-m+fp/hard\libg-musl.a(__int_vsnprintf.o)
 .note.GNU-stack
                0x00000000        0x0 c:/program files/microchip/xc32/v4.30/bin/bin/../../lib/gcc/pic32c/8.3.1/../../../../pic32c/lib/thumb/v7e-m+fp/hard\libg-musl.a(__int_vfprintf.o)

.stack          0x20000358      0x100
 .stack         0x20000358      0x100 stack

.bss%1          0x20000000       0x50
 .bss           0x20000000       0x50 c:/program files/microchip/xc32/v4.30/bin/bin/../../lib/gcc/pic32c/8.3.1/../../../../pic32c/lib/thumb/v7e-m+fp/hard\libg-musl.a(libc.o)
                0x20000000                __progname_full
                0x20000000                program_invocation_name
                0x20000004                program_invocation_short_name
                0x20000004                __progname
                0x20000008                __sysinfo
                0x2000000c                __hwcap
                0x20000010                __libc

.bss%2          0x20000050       0x1c
 .bss           0x20000050       0x1c c:/program files/microchip/xc32/v4.30/bin/bin/../../lib/gcc/pic32c/8.3.1/thumb/v7e-m+fp/hard/crtbegin.o

.bss.clear%3    0x2000006c       0x18
 .bss.clear     0x2000006c       0x18 build/20232207_COM_Controller/debug/_ext/1360937237/main.o
                0x2000006c                clear

.bss.channel_array%4
                0x20000084        0xa
 .bss.channel_array
                0x20000084        0xa build/20232207_COM_Controller/debug/_ext/1360937237/main.o
                0x20000084                channel_array

.bss.array_index%5
                0x20000090        0x4
 .bss.array_index
                0x20000090        0x4 build/20232207_COM_Controller/debug/_ext/1360937237/main.o
                0x20000090                array_index

.bss.channel_num%6
                0x20000094        0x4
 .bss.channel_num
                0x20000094        0x4 build/20232207_COM_Controller/debug/_ext/1360937237/main.o
                0x20000094                channel_num

.bss.duty%7     0x20000098        0x4
 .bss.duty      0x20000098        0x4 build/20232207_COM_Controller/debug/_ext/1360937237/main.o
                0x20000098                duty

.bss.duty_default%8
                0x2000009c        0x4
 .bss.duty_default
                0x2000009c        0x4 build/20232207_COM_Controller/debug/_ext/1360937237/main.o
                0x2000009c                duty_default

.bss.linked%9   0x200000a0        0x4
 .bss.linked    0x200000a0        0x4 build/20232207_COM_Controller/debug/_ext/1360937237/main.o
                0x200000a0                linked

.bss.lower_bound%10
                0x200000a4        0x4
 .bss.lower_bound
                0x200000a4        0x4 build/20232207_COM_Controller/debug/_ext/1360937237/main.o
                0x200000a4                lower_bound

.bss%11         0x200000a8        0x4
 .bss           0x200000a8        0x4 c:/program files/microchip/xc32/v4.30/bin/bin/../../lib/gcc/pic32c/8.3.1/../../../../pic32c/lib/thumb/v7e-m+fp/hard\libpic32c.a(data_init.o)

.bss%12         0x200000ac        0x4
 .bss           0x200000ac        0x4 c:/program files/microchip/xc32/v4.30/bin/bin/../../lib/gcc/pic32c/8.3.1/../../../../pic32c/lib/thumb/v7e-m+fp/hard\libg-musl.a(__environ.o)
                0x200000ac                __environ
                0x200000ac                environ
                0x200000ac                ___environ
                0x200000ac                _environ

.bss%13         0x200000b0        0x4
 .bss           0x200000b0        0x4 c:/program files/microchip/xc32/v4.30/bin/bin/../../lib/gcc/pic32c/8.3.1/../../../../pic32c/lib/thumb/v7e-m+fp/hard\libg-musl.a(__errno_location.o)
                0x200000b0                __errno_val

.bss.current_chan%14
                0x2000008e        0x1
 .bss.current_chan
                0x2000008e        0x1 build/20232207_COM_Controller/debug/_ext/1360937237/main.o
                0x2000008e                current_chan

.bss.data%15    0x2000008f        0x1
 .bss.data      0x2000008f        0x1 build/20232207_COM_Controller/debug/_ext/1360937237/main.o

.data.messageStart%16
                0x200000b4       0x2b
 .data.messageStart
                0x200000b4       0x2b build/20232207_COM_Controller/debug/_ext/1360937237/main.o
                0x200000b4                messageStart

.data.errorMessage%17
                0x200000e0       0x27
 .data.errorMessage
                0x200000e0       0x27 build/20232207_COM_Controller/debug/_ext/1360937237/main.o
                0x200000e0                errorMessage

.data.duty_mess%18
                0x20000108        0xb
 .data.duty_mess
                0x20000108        0xb build/20232207_COM_Controller/debug/_ext/1360937237/main.o
                0x20000108                duty_mess

.data.mess%19   0x20000114        0xa
 .data.mess     0x20000114        0xa build/20232207_COM_Controller/debug/_ext/1360937237/main.o
                0x20000114                mess

.data.duty_0%20
                0x20000120        0x4
 .data.duty_0   0x20000120        0x4 build/20232207_COM_Controller/debug/_ext/1360937237/main.o
                0x20000120                duty_0

.data.duty_3%21
                0x20000124        0x4
 .data.duty_3   0x20000124        0x4 build/20232207_COM_Controller/debug/_ext/1360937237/main.o
                0x20000124                duty_3

.data.duty_4%22
                0x20000128        0x4
 .data.duty_4   0x20000128        0x4 build/20232207_COM_Controller/debug/_ext/1360937237/main.o
                0x20000128                duty_4

.data.upper_bound%23
                0x2000012c        0x4
 .data.upper_bound
                0x2000012c        0x4 build/20232207_COM_Controller/debug/_ext/1360937237/main.o
                0x2000012c                upper_bound

.data.tab%24    0x20000130        0x2
 .data.tab      0x20000130        0x2 build/20232207_COM_Controller/debug/_ext/1360937237/main.o
                0x20000130                tab

.data.ret%25    0x20000134        0x2
 .data.ret      0x20000134        0x2 build/20232207_COM_Controller/debug/_ext/1360937237/main.o
                0x20000134                ret

.data.newline%26
                0x20000138        0x3
 .data.newline  0x20000138        0x3 build/20232207_COM_Controller/debug/_ext/1360937237/main.o
                0x20000138                newline

.data.chan%27   0x2000013c        0x1
 .data.chan     0x2000013c        0x1 build/20232207_COM_Controller/debug/_ext/1360937237/main.o
                0x2000013c                chan

.eh_frame%z1    0x00000000        0x0
 .eh_frame      0x00000000        0x0 c:/program files/microchip/xc32/v4.30/bin/bin/../../lib/gcc/pic32c/8.3.1/thumb/v7e-m+fp/hard/crtbegin.o

.config_00804000.__config_00804000%28
                0x00804000        0x4
 .config_00804000.__config_00804000
                0x00804000        0x4 build/20232207_COM_Controller/debug/_ext/1236672160/initialization.o
                0x00804000                __config_00804000

.config_00804004.__config_00804004%29
                0x00804004        0x4
 .config_00804004.__config_00804004
                0x00804004        0x4 build/20232207_COM_Controller/debug/_ext/1236672160/initialization.o
                0x00804004                __config_00804004

.config_00804008.__config_00804008%30
                0x00804008        0x4
 .config_00804008.__config_00804008
                0x00804008        0x4 build/20232207_COM_Controller/debug/_ext/1236672160/initialization.o
                0x00804008                __config_00804008

.text.__printf_core%31
                0x0000028c      0x308
 .text.__printf_core
                0x0000028c      0x308 c:/program files/microchip/xc32/v4.30/bin/bin/../../lib/gcc/pic32c/8.3.1/../../../../pic32c/lib/thumb/v7e-m+fp/hard\libg-musl.a(__printf_core.o)
                0x0000028c                __printf_core

.text%32        0x00000594      0x2bc
 .text          0x00000594      0x2bc c:/program files/microchip/xc32/v4.30/bin/bin/../../lib/gcc/pic32c/8.3.1/thumb/v7e-m+fp/hard\libgcc.a(_udivmoddi4.o)
                0x00000594                __udivmoddi4

.dinit%33       0x00000850      0x190
 .dinit         0x00000850      0x190 data_init

.text.coms_handler%34
                0x00000a80      0x138
 .text.coms_handler
                0x00000a80      0x138 build/20232207_COM_Controller/debug/_ext/1360937237/main.o
                0x00000a80                coms_handler

.text.main%35   0x00000bb8      0x108
 .text.main     0x00000bb8      0x108 build/20232207_COM_Controller/debug/_ext/1360937237/main.o
                0x00000bb8                main

.text.CLOCK_Initialize%36
                0x00000cc0       0xec
 .text.CLOCK_Initialize
                0x00000cc0       0xec build/20232207_COM_Controller/debug/_ext/331146890/plib_clock.o
                0x00000cc0                CLOCK_Initialize

.text.__pop_int%37
                0x00000dac       0xac
 .text.__pop_int
                0x00000dac       0xac c:/program files/microchip/xc32/v4.30/bin/bin/../../lib/gcc/pic32c/8.3.1/../../../../pic32c/lib/thumb/v7e-m+fp/hard\libg-musl.a(__pop_int.o)
                0x00000dac                __pop_int_needed
                0x00000dac                __pop_int

.text.__fmt_d%38
                0x00000e58       0xa8
 .text.__fmt_d  0x00000e58       0xa8 c:/program files/microchip/xc32/v4.30/bin/bin/../../lib/gcc/pic32c/8.3.1/../../../../pic32c/lib/thumb/v7e-m+fp/hard\libg-musl.a(__fmt_d.o)
                0x00000e58                __fmt_d
                0x00000e58                __fmt_d_needed

.text.Reset_Handler%39
                0x00000f00       0x8c
 .text.Reset_Handler
                0x00000f00       0x8c build/20232207_COM_Controller/debug/_ext/1236672160/startup_xc32.o
                0x00000f00                Reset_Handler

.text.telemetry%40
                0x00000f8c       0x80
 .text.telemetry
                0x00000f8c       0x80 build/20232207_COM_Controller/debug/_ext/1360937237/main.o
                0x00000f8c                telemetry

.text.__pad%41  0x0000100c       0x80
 .text.__pad    0x0000100c       0x80 c:/program files/microchip/xc32/v4.30/bin/bin/../../lib/gcc/pic32c/8.3.1/../../../../pic32c/lib/thumb/v7e-m+fp/hard\libg-musl.a(__printf_core.o)
                0x0000100c                __pad

.text.__pop_ptr%42
                0x0000108c       0x7c
 .text.__pop_ptr
                0x0000108c       0x7c c:/program files/microchip/xc32/v4.30/bin/bin/../../lib/gcc/pic32c/8.3.1/../../../../pic32c/lib/thumb/v7e-m+fp/hard\libg-musl.a(__pop_ptr.o)
                0x0000108c                __pop_ptr
                0x0000108c                __pop_ptr_needed

.text.__cvt_u%43
                0x00001108       0x78
 .text.__cvt_u  0x00001108       0x78 c:/program files/microchip/xc32/v4.30/bin/bin/../../lib/gcc/pic32c/8.3.1/../../../../pic32c/lib/thumb/v7e-m+fp/hard\libg-musl.a(__cvt_u.o)
                0x00001108                __cvt_u

.text.__libc_start_init%44
                0x00001180       0x5c
 .text.__libc_start_init
                0x00001180       0x5c c:/program files/microchip/xc32/v4.30/bin/bin/../../lib/gcc/pic32c/8.3.1/../../../../pic32c/lib/thumb/v7e-m+fp/hard\libg-musl.a(__libc_start_main.o)
                0x00001180                __libc_init_array

.text.TCC0_PWMInitialize%45
                0x000011dc       0x54
 .text.TCC0_PWMInitialize
                0x000011dc       0x54 build/20232207_COM_Controller/debug/_ext/737068720/plib_tcc0.o
                0x000011dc                TCC0_PWMInitialize

.text.SERCOM2_USART_Read%46
                0x00001230       0x50
 .text.SERCOM2_USART_Read
                0x00001230       0x50 build/20232207_COM_Controller/debug/_ext/1869446501/plib_sercom2_usart.o
                0x00001230                SERCOM2_USART_Read

.text.__vsnprintf%47
                0x00001280       0x50
 .text.__vsnprintf
                0x00001280       0x50 c:/program files/microchip/xc32/v4.30/bin/bin/../../lib/gcc/pic32c/8.3.1/../../../../pic32c/lib/thumb/v7e-m+fp/hard\libg-musl.a(__int_vsnprintf.o)
                0x00001280                __vsnprintf

.text.__pic32c_data_initialization%48
                0x000012d0       0x4c
 .text.__pic32c_data_initialization
                0x000012d0       0x4c c:/program files/microchip/xc32/v4.30/bin/bin/../../lib/gcc/pic32c/8.3.1/../../../../pic32c/lib/thumb/v7e-m+fp/hard\libpic32c.a(data_init.o)
                0x000012d0                __pic32c_data_initialization

.text.atoi%49   0x0000131c       0x46
 .text.atoi     0x0000131c       0x46 c:/program files/microchip/xc32/v4.30/bin/bin/../../lib/gcc/pic32c/8.3.1/../../../../pic32c/lib/thumb/v7e-m+fp/hard\libg-musl.a(atoi.o)
                0x0000131c                atoi

.text.SERCOM2_USART_Write%50
                0x00001364       0x44
 .text.SERCOM2_USART_Write
                0x00001364       0x44 build/20232207_COM_Controller/debug/_ext/1869446501/plib_sercom2_usart.o
                0x00001364                SERCOM2_USART_Write

.text.link%51   0x000013a8       0x44
 .text.link     0x000013a8       0x44 build/20232207_COM_Controller/debug/_ext/1360937237/main.o
                0x000013a8                link

.text%52        0x000013ec       0x40
 .text          0x000013ec       0x40 c:/program files/microchip/xc32/v4.30/bin/bin/../../lib/gcc/pic32c/8.3.1/thumb/v7e-m+fp/hard/crtbegin.o

.text.PORT_Initialize%53
                0x0000142c       0x40
 .text.PORT_Initialize
                0x0000142c       0x40 build/20232207_COM_Controller/debug/_ext/1374400891/plib_port.o
                0x0000142c                PORT_Initialize

.text.NVIC_Initialize%54
                0x0000146c       0x3c
 .text.NVIC_Initialize
                0x0000146c       0x3c build/20232207_COM_Controller/debug/_ext/1374454042/plib_nvic.o
                0x0000146c                NVIC_Initialize

.text.__fmt_state%55
                0x000014a8       0x38
 .text.__fmt_state
                0x000014a8       0x38 c:/program files/microchip/xc32/v4.30/bin/bin/../../lib/gcc/pic32c/8.3.1/../../../../pic32c/lib/thumb/v7e-m+fp/hard\libg-musl.a(__printf_core.o)
                0x000014a8                __fmt_state

.text.SERCOM2_USART_Initialize%56
                0x000014e0       0x34
 .text.SERCOM2_USART_Initialize
                0x000014e0       0x34 build/20232207_COM_Controller/debug/_ext/1869446501/plib_sercom2_usart.o
                0x000014e0                SERCOM2_USART_Initialize

.text.SERCOM2_USART_ErrorClear%57
                0x00001514       0x30
 .text.SERCOM2_USART_ErrorClear
                0x00001514       0x30 build/20232207_COM_Controller/debug/_ext/1869446501/plib_sercom2_usart.o

.text%58        0x00001544       0x30
 .text          0x00001544       0x30 c:/program files/microchip/xc32/v4.30/bin/bin/../../lib/gcc/pic32c/8.3.1/thumb/v7e-m+fp/hard\libgcc.a(_aeabi_uldivmod.o)
                0x00001544                __aeabi_uldivmod

.text.__pop_float%59
                0x00001574       0x2a
 .text.__pop_float
                0x00001574       0x2a c:/program files/microchip/xc32/v4.30/bin/bin/../../lib/gcc/pic32c/8.3.1/../../../../pic32c/lib/thumb/v7e-m+fp/hard\libg-musl.a(__pop_float.o)
                0x00001574                __pop_float_needed
                0x00001574                __pop_float

.text.__string_out%60
                0x0000159e       0x26
 .text.__string_out
                0x0000159e       0x26 c:/program files/microchip/xc32/v4.30/bin/bin/../../lib/gcc/pic32c/8.3.1/../../../../pic32c/lib/thumb/v7e-m+fp/hard\libg-musl.a(__printf_core.o)
                0x0000159e                __out

.text.SYS_Initialize%61
                0x000015c4       0x20
 .text.SYS_Initialize
                0x000015c4       0x20 build/20232207_COM_Controller/debug/_ext/1236672160/initialization.o
                0x000015c4                SYS_Initialize

.rodata%62      0x000015e4       0x1e
 .rodata        0x000015e4       0x1e c:/program files/microchip/xc32/v4.30/bin/bin/../../lib/gcc/pic32c/8.3.1/../../../../pic32c/lib/thumb/v7e-m+fp/hard\libg-musl.a(__printf_core.o)

.text.__dinit_copy%63
                0x00001602       0x1e
 .text.__dinit_copy
                0x00001602       0x1e c:/program files/microchip/xc32/v4.30/bin/bin/../../lib/gcc/pic32c/8.3.1/../../../../pic32c/lib/thumb/v7e-m+fp/hard\libpic32c.a(pic32_data_init_copy.o)
                0x00001602                __dinit_copy_needed
                0x00001602                __dinit_copy

.text.SERCOM2_USART_ErrorGet%64
                0x00001620       0x1c
 .text.SERCOM2_USART_ErrorGet
                0x00001620       0x1c build/20232207_COM_Controller/debug/_ext/1869446501/plib_sercom2_usart.o
                0x00001620                SERCOM2_USART_ErrorGet

.text.__vfprintf%65
                0x0000163c       0x1c
 .text.__vfprintf
                0x0000163c       0x1c c:/program files/microchip/xc32/v4.30/bin/bin/../../lib/gcc/pic32c/8.3.1/../../../../pic32c/lib/thumb/v7e-m+fp/hard\libg-musl.a(__int_vfprintf.o)
                0x0000163c                __vfprintf

.text.__wrap_sprintf%66
                0x00001658       0x1a
 .text.__wrap_sprintf
                0x00001658       0x1a c:/program files/microchip/xc32/v4.30/bin/bin/../../lib/gcc/pic32c/8.3.1/../../../../pic32c/lib/thumb/v7e-m+fp/hard\libg-musl.a(__sio_sprintf_dn.o)
                0x00001658                _dsprintf_dn
                0x00001658                _sprintf_dn

.text.TCC0_PWMStart%67
                0x00001674       0x18
 .text.TCC0_PWMStart
                0x00001674       0x18 build/20232207_COM_Controller/debug/_ext/737068720/plib_tcc0.o
                0x00001674                TCC0_PWMStart

.rodata%68      0x0000168c       0x14
 .rodata        0x0000168c       0x14 c:/program files/microchip/xc32/v4.30/bin/bin/../../lib/gcc/pic32c/8.3.1/../../../../pic32c/lib/thumb/v7e-m+fp/hard\libpic32c.a(data_init.o)

.text.memcpy%69
                0x000016a0       0x12
 .text.memcpy   0x000016a0       0x12 c:/program files/microchip/xc32/v4.30/bin/bin/../../lib/gcc/pic32c/8.3.1/../../../../pic32c/lib/thumb/v7e-m+fp/hard\libg-musl.a(memcpy.o)
                0x000016a0                memcpy

.text.__dinit_clear%70
                0x000016b2       0x12
 .text.__dinit_clear
                0x000016b2       0x12 c:/program files/microchip/xc32/v4.30/bin/bin/../../lib/gcc/pic32c/8.3.1/../../../../pic32c/lib/thumb/v7e-m+fp/hard\libpic32c.a(pic32_data_init_clear.o)
                0x000016b2                __dinit_clear
                0x000016b2                __dinit_clear_needed

.text.NVMCTRL_Initialize%71
                0x000016c4       0x10
 .text.NVMCTRL_Initialize
                0x000016c4       0x10 build/20232207_COM_Controller/debug/_ext/1861644044/plib_nvmctrl.o
                0x000016c4                NVMCTRL_Initialize

.text.SERCOM2_USART_ReceiverIsReady%72
                0x000016d4       0x10
 .text.SERCOM2_USART_ReceiverIsReady
                0x000016d4       0x10 build/20232207_COM_Controller/debug/_ext/1869446501/plib_sercom2_usart.o
                0x000016d4                SERCOM2_USART_ReceiverIsReady

.text.memset%73
                0x000016e4       0x10
 .text.memset   0x000016e4       0x10 c:/program files/microchip/xc32/v4.30/bin/bin/../../lib/gcc/pic32c/8.3.1/../../../../pic32c/lib/thumb/v7e-m+fp/hard\libg-musl.a(memset.o)
                0x000016e4                memset

.text.strlen%74
                0x000016f4       0x10
 .text.strlen   0x000016f4       0x10 c:/program files/microchip/xc32/v4.30/bin/bin/../../lib/gcc/pic32c/8.3.1/../../../../pic32c/lib/thumb/v7e-m+fp/hard\libg-musl.a(strlen.o)
                0x000016f4                strlen

.text.tolower%75
                0x00001704        0xe
 .text.tolower  0x00001704        0xe c:/program files/microchip/xc32/v4.30/bin/bin/../../lib/gcc/pic32c/8.3.1/../../../../pic32c/lib/thumb/v7e-m+fp/hard\libg-musl.a(tolower.o)
                0x00001704                tolower

.text.__vsprintf%76
                0x00001712        0xc
 .text.__vsprintf
                0x00001712        0xc c:/program files/microchip/xc32/v4.30/bin/bin/../../lib/gcc/pic32c/8.3.1/../../../../pic32c/lib/thumb/v7e-m+fp/hard\libg-musl.a(__int_vsprintf.o)
                0x00001712                __vsprintf

.text.Dummy_Handler%77
                0x0000171e        0x4
 .text.Dummy_Handler
                0x0000171e        0x4 build/20232207_COM_Controller/debug/_ext/1236672160/interrupts.o
                0x0000171e                EIC_EXTINT_9_Handler
                0x0000171e                TCC0_MC5_Handler
                0x0000171e                SVCall_Handler
                0x0000171e                SERCOM0_2_Handler
                0x0000171e                USB_SOF_HSOF_Handler
                0x0000171e                TCC4_OTHER_Handler
                0x0000171e                TCC2_MC2_Handler
                0x0000171e                EVSYS_0_Handler
                0x0000171e                TRNG_Handler
                0x0000171e                TC2_Handler
                0x0000171e                USB_TRCPT0_Handler
                0x0000171e                DAC_OTHER_Handler
                0x0000171e                AC_Handler
                0x0000171e                DAC_EMPTY_0_Handler
                0x0000171e                DMAC_OTHER_Handler
                0x0000171e                EIC_EXTINT_5_Handler
                0x0000171e                SERCOM3_1_Handler
                0x0000171e                SysTick_Handler
                0x0000171e                SERCOM4_OTHER_Handler
                0x0000171e                SERCOM3_2_Handler
                0x0000171e                EIC_EXTINT_6_Handler
                0x0000171e                PendSV_Handler
                0x0000171e                TC7_Handler
                0x0000171e                TCC4_MC0_Handler
                0x0000171e                EVSYS_3_Handler
                0x0000171e                QSPI_Handler
                0x0000171e                TCC2_MC0_Handler
                0x0000171e                PDEC_OTHER_Handler
                0x0000171e                TCC3_MC0_Handler
                0x0000171e                PDEC_MC1_Handler
                0x0000171e                TCC2_MC1_Handler
                0x0000171e                OSCCTRL_XOSC1_Handler
                0x0000171e                PDEC_MC0_Handler
                0x0000171e                EIC_EXTINT_4_Handler
                0x0000171e                EIC_EXTINT_7_Handler
                0x0000171e                SERCOM0_OTHER_Handler
                0x0000171e                EVSYS_OTHER_Handler
                0x0000171e                SERCOM0_0_Handler
                0x0000171e                RTC_Handler
                0x0000171e                SERCOM4_0_Handler
                0x0000171e                TCC1_MC0_Handler
                0x0000171e                SERCOM1_OTHER_Handler
                0x0000171e                TCC2_OTHER_Handler
                0x0000171e                EIC_EXTINT_11_Handler
                0x0000171e                SUPC_BODDET_Handler
                0x0000171e                EIC_EXTINT_14_Handler
                0x0000171e                OSC32KCTRL_Handler
                0x0000171e                SERCOM6_2_Handler
                0x0000171e                EVSYS_1_Handler
                0x0000171e                TC6_Handler
                0x0000171e                TCC4_MC1_Handler
                0x0000171e                DMAC_0_Handler
                0x0000171e                SUPC_OTHER_Handler
                0x0000171e                WDT_Handler
                0x0000171e                CAN0_Handler
                0x0000171e                EIC_EXTINT_15_Handler
                0x0000171e                SERCOM6_0_Handler
                0x0000171e                EIC_EXTINT_1_Handler
                0x0000171e                TCC3_MC1_Handler
                0x0000171e                SERCOM5_0_Handler
                0x0000171e                TC4_Handler
                0x0000171e                TC1_Handler
                0x0000171e                TCC1_MC1_Handler
                0x0000171e                EIC_EXTINT_0_Handler
                0x0000171e                TCC1_OTHER_Handler
                0x0000171e                PAC_Handler
                0x0000171e                SERCOM4_1_Handler
                0x0000171e                TC3_Handler
                0x0000171e                Dummy_Handler
                0x0000171e                DAC_RESRDY_0_Handler
                0x0000171e                SERCOM5_1_Handler
                0x0000171e                DMAC_2_Handler
                0x0000171e                TCC0_MC4_Handler
                0x0000171e                USB_TRCPT1_Handler
                0x0000171e                SERCOM0_1_Handler
                0x0000171e                TCC0_MC3_Handler
                0x0000171e                EIC_EXTINT_12_Handler
                0x0000171e                OSCCTRL_DPLL0_Handler
                0x0000171e                SERCOM6_OTHER_Handler
                0x0000171e                SERCOM7_1_Handler
                0x0000171e                SERCOM5_OTHER_Handler
                0x0000171e                PM_Handler
                0x0000171e                OSCCTRL_DFLL_Handler
                0x0000171e                SERCOM7_0_Handler
                0x0000171e                DAC_RESRDY_1_Handler
                0x0000171e                DMAC_1_Handler
                0x0000171e                USB_OTHER_Handler
                0x0000171e                GMAC_Handler
                0x0000171e                SDHC1_Handler
                0x0000171e                SERCOM7_2_Handler
                0x0000171e                CAN1_Handler
                0x0000171e                TCC0_OTHER_Handler
                0x0000171e                EIC_EXTINT_10_Handler
                0x0000171e                TCC1_MC3_Handler
                0x0000171e                OSCCTRL_XOSC0_Handler
                0x0000171e                SERCOM6_1_Handler
                0x0000171e                TCC0_MC0_Handler
                0x0000171e                EIC_EXTINT_2_Handler
                0x0000171e                SDHC0_Handler
                0x0000171e                SERCOM1_1_Handler
                0x0000171e                I2S_Handler
                0x0000171e                PCC_Handler
                0x0000171e                TCC3_OTHER_Handler
                0x0000171e                EIC_EXTINT_13_Handler
                0x0000171e                SERCOM1_0_Handler
                0x0000171e                PUKCC_Handler
                0x0000171e                SERCOM2_1_Handler
                0x0000171e                SERCOM1_2_Handler
                0x0000171e                SERCOM3_0_Handler
                0x0000171e                SERCOM4_2_Handler
                0x0000171e                TCC1_MC2_Handler
                0x0000171e                ADC1_RESRDY_Handler
                0x0000171e                NVMCTRL_1_Handler
                0x0000171e                SERCOM5_2_Handler
                0x0000171e                SERCOM2_2_Handler
                0x0000171e                DAC_EMPTY_1_Handler
                0x0000171e                ADC1_OTHER_Handler
                0x0000171e                OSCCTRL_DPLL1_Handler
                0x0000171e                EIC_EXTINT_3_Handler
                0x0000171e                SERCOM3_OTHER_Handler
                0x0000171e                EIC_EXTINT_8_Handler
                0x0000171e                NVMCTRL_0_Handler
                0x0000171e                ADC0_RESRDY_Handler
                0x0000171e                ADC0_OTHER_Handler