Archive member included to satisfy reference by file (symbol)

c:/program files/microchip/xc32/v4.30-tc1/bin/bin/../../lib/gcc/pic32c/8.3.1/../../../../pic32c/lib/thumb/v7e-m+fp/hard\libpic32c.a(data_init_wrapper.o)
                              build/20232207_COM_Controller/debug/_ext/1236672160/startup_xc32.o (__pic32c_data_initialization)
c:/program files/microchip/xc32/v4.30-tc1/bin/bin/../../lib/gcc/pic32c/8.3.1/../../../../pic32c/lib/thumb/v7e-m+fp/hard\libpic32c.a(data_init_0_1.o)
                              c:/program files/microchip/xc32/v4.30-tc1/bin/bin/../../lib/gcc/pic32c/8.3.1/../../../../pic32c/lib/thumb/v7e-m+fp/hard\libpic32c.a(data_init_wrapper.o) (__pic32c_data_initialization_impl)
c:/program files/microchip/xc32/v4.30-tc1/bin/bin/../../lib/gcc/pic32c/8.3.1/../../../../pic32c/lib/thumb/v7e-m+fp/hard\libg-musl.a(__libc_start_main.o)
                              build/20232207_COM_Controller/debug/_ext/1236672160/startup_xc32.o (__libc_init_array)
c:/program files/microchip/xc32/v4.30-tc1/bin/bin/../../lib/gcc/pic32c/8.3.1/../../../../pic32c/lib/thumb/v7e-m+fp/hard\libg-musl.a(libc.o)
                              c:/program files/microchip/xc32/v4.30-tc1/bin/bin/../../lib/gcc/pic32c/8.3.1/../../../../pic32c/lib/thumb/v7e-m+fp/hard\libg-musl.a(__libc_start_main.o) (__progname_full)
c:/program files/microchip/xc32/v4.30-tc1/bin/bin/../../lib/gcc/pic32c/8.3.1/../../../../pic32c/lib/thumb/v7e-m+fp/hard\libg-musl.a(__sio_sprintf_dn.o)
                              (_sprintf_dn)
c:/program files/microchip/xc32/v4.30-tc1/bin/bin/../../lib/gcc/pic32c/8.3.1/../../../../pic32c/lib/thumb/v7e-m+fp/hard\libg-musl.a(__fmt_d.o)
                              c:/program files/microchip/xc32/v4.30-tc1/bin/bin/../../lib/gcc/pic32c/8.3.1/../../../../pic32c/lib/thumb/v7e-m+fp/hard\libg-musl.a(__sio_sprintf_dn.o) (__fmt_d_needed)
c:/program files/microchip/xc32/v4.30-tc1/bin/bin/../../lib/gcc/pic32c/8.3.1/../../../../pic32c/lib/thumb/v7e-m+fp/hard\libg-musl.a(__pop_int.o)
                              c:/program files/microchip/xc32/v4.30-tc1/bin/bin/../../lib/gcc/pic32c/8.3.1/../../../../pic32c/lib/thumb/v7e-m+fp/hard\libg-musl.a(__sio_sprintf_dn.o) (__pop_int_needed)
c:/program files/microchip/xc32/v4.30-tc1/bin/bin/../../lib/gcc/pic32c/8.3.1/../../../../pic32c/lib/thumb/v7e-m+fp/hard\libg-musl.a(__pop_ptr.o)
                              c:/program files/microchip/xc32/v4.30-tc1/bin/bin/../../lib/gcc/pic32c/8.3.1/../../../../pic32c/lib/thumb/v7e-m+fp/hard\libg-musl.a(__sio_sprintf_dn.o) (__pop_ptr_needed)
c:/program files/microchip/xc32/v4.30-tc1/bin/bin/../../lib/gcc/pic32c/8.3.1/../../../../pic32c/lib/thumb/v7e-m+fp/hard\libg-musl.a(__printf_core.o)
                              c:/program files/microchip/xc32/v4.30-tc1/bin/bin/../../lib/gcc/pic32c/8.3.1/../../../../pic32c/lib/thumb/v7e-m+fp/hard\libg-musl.a(__fmt_d.o) (__pad)
c:/program files/microchip/xc32/v4.30-tc1/bin/bin/../../lib/gcc/pic32c/8.3.1/../../../../pic32c/lib/thumb/v7e-m+fp/hard\libg-musl.a(atoi.o)
                              c:/program files/microchip/xc32/v4.30-tc1/bin/bin/../../lib/gcc/pic32c/8.3.1/../../../../pic32c/lib/thumb/v7e-m+fp/hard\libg-musl.a(__printf_core.o) (atoi)
c:/program files/microchip/xc32/v4.30-tc1/bin/bin/../../lib/gcc/pic32c/8.3.1/../../../../pic32c/lib/thumb/v7e-m+fp/hard\libg-musl.a(memcpy.o)
                              build/20232207_COM_Controller/debug/_ext/1861644044/plib_nvmctrl.o (memcpy)
c:/program files/microchip/xc32/v4.30-tc1/bin/bin/../../lib/gcc/pic32c/8.3.1/../../../../pic32c/lib/thumb/v7e-m+fp/hard\libg-musl.a(memset.o)
                              c:/program files/microchip/xc32/v4.30-tc1/bin/bin/../../lib/gcc/pic32c/8.3.1/../../../../pic32c/lib/thumb/v7e-m+fp/hard\libg-musl.a(__printf_core.o) (memset)
c:/program files/microchip/xc32/v4.30-tc1/bin/bin/../../lib/gcc/pic32c/8.3.1/../../../../pic32c/lib/thumb/v7e-m+fp/hard\libg-musl.a(strlen.o)
                              c:/program files/microchip/xc32/v4.30-tc1/bin/bin/../../lib/gcc/pic32c/8.3.1/../../../../pic32c/lib/thumb/v7e-m+fp/hard\libg-musl.a(__printf_core.o) (strlen)
c:/program files/microchip/xc32/v4.30-tc1/bin/bin/../../lib/gcc/pic32c/8.3.1/../../../../pic32c/lib/thumb/v7e-m+fp/hard\libg-musl.a(tolower.o)
                              c:/program files/microchip/xc32/v4.30-tc1/bin/bin/../../lib/gcc/pic32c/8.3.1/../../../../pic32c/lib/thumb/v7e-m+fp/hard\libg-musl.a(__printf_core.o) (tolower)
c:/program files/microchip/xc32/v4.30-tc1/bin/bin/../../lib/gcc/pic32c/8.3.1/../../../../pic32c/lib/thumb/v7e-m+fp/hard\libg-musl.a(__environ.o)
                              c:/program files/microchip/xc32/v4.30-tc1/bin/bin/../../lib/gcc/pic32c/8.3.1/../../../../pic32c/lib/thumb/v7e-m+fp/hard\libg-musl.a(__libc_start_main.o) (__environ)
c:/program files/microchip/xc32/v4.30-tc1/bin/bin/../../lib/gcc/pic32c/8.3.1/../../../../pic32c/lib/thumb/v7e-m+fp/hard\libg-musl.a(__errno_location.o)
[...]
Memory Configuration

Name             Origin             Length             Attributes
rom              0x00000000         0x00100000         xrl
ram              0x20000000         0x00040000         xw !r
tcm              0x03000000         0x00000000         xw
bkupram          0x47000000         0x00002000
config_00804000  0x00804000         0x00000004
config_00804008  0x00804008         0x00000004
config_00804004  0x00804004         0x00000004
*default*        0x00000000         0xffffffff

Linker script and memory map

LOAD c:/program files/microchip/xc32/v4.30-tc1/bin/bin/../../lib/gcc/pic32c/8.3.1/thumb/v7e-m+fp/hard/crti.o
LOAD c:/program files/microchip/xc32/v4.30-tc1/bin/bin/../../lib/gcc/pic32c/8.3.1/thumb/v7e-m+fp/hard/crtbegin.o
LOAD build/20232207_COM_Controller/debug/_ext/331146890/plib_clock.o
LOAD build/20232207_COM_Controller/debug/_ext/1374790578/plib_cmcc.o
LOAD build/20232207_COM_Controller/debug/_ext/333296376/plib_evsys.o
LOAD build/20232207_COM_Controller/debug/_ext/1374454042/plib_nvic.o
LOAD build/20232207_COM_Controller/debug/_ext/1861644044/plib_nvmctrl.o
LOAD build/20232207_COM_Controller/debug/_ext/1374400891/plib_port.o
LOAD build/20232207_COM_Controller/debug/_ext/1869446501/plib_sercom2_usart.o
LOAD build/20232207_COM_Controller/debug/_ext/737068720/plib_tcc0.o
LOAD build/20232207_COM_Controller/debug/_ext/1565397734/xc32_monitor.o
LOAD build/20232207_COM_Controller/debug/_ext/1236672160/libc_syscalls.o
LOAD build/20232207_COM_Controller/debug/_ext/1236672160/initialization.o
LOAD build/20232207_COM_Controller/debug/_ext/1236672160/interrupts.o
LOAD build/20232207_COM_Controller/debug/_ext/1236672160/exceptions.o
LOAD build/20232207_COM_Controller/debug/_ext/1236672160/startup_xc32.o
LOAD build/20232207_COM_Controller/debug/_ext/1360937237/main.o
                0x00000001                __MPLAB_BUILD = 0x1
                0x00100000                __rom_end = (ORIGIN (rom) + LENGTH (rom))
                0x20040000                __ram_end = (ORIGIN (ram) + LENGTH (ram))

.config_00804000
 *(.config_00804000)

.config_00804008
 *(.config_00804008)

.config_00804004
 *(.config_00804004)

.vectors        0x00000000      0x264
                0x00000000                . = ALIGN (0x4)
                0x00000000                _sfixed = .
 *(.vectors .vectors.* .vectors_default .vectors_default.*)
 .vectors.exception_table
                0x00000000      0x264 build/20232207_COM_Controller/debug/_ext/1236672160/interrupts.o
                0x00000000                exception_table
 *(.isr_vector)
 *(.reset*)
 *(.after_vectors)

.text           0x00000264       0x20
                0x00000264                . = ALIGN (0x4)
 *(.glue_7t)
 .glue_7t       0x00000264        0x0 linker stubs
 *(.glue_7)
 .glue_7        0x00000264        0x0 linker stubs
 *(.gnu.linkonce.r.*)
 *(.ARM.extab* .gnu.linkonce.armextab.*)
                0x00000264                . = ALIGN (0x4)
 *(.init)
 .init          0x00000264        0x4 c:/program files/microchip/xc32/v4.30-tc1/bin/bin/../../lib/gcc/pic32c/8.3.1/thumb/v7e-m+fp/hard/crti.o
                0x00000264                _init
 .init          0x00000268        0x8 c:/program files/microchip/xc32/v4.30-tc1/bin/bin/../../lib/gcc/pic32c/8.3.1/thumb/v7e-m+fp/hard/crtn.o
                0x00000270                . = ALIGN (0x4)
                0x00000270                __preinit_array_start = .
 *(.preinit_array)
                0x00000270                __preinit_array_end = .
                0x00000270                . = ALIGN (0x4)
                0x00000270                __init_array_start = .
 *(SORT_BY_NAME(.init_array.*))
 *(.init_array)
 .init_array    0x00000270        0x4 c:/program files/microchip/xc32/v4.30-tc1/bin/bin/../../lib/gcc/pic32c/8.3.1/thumb/v7e-m+fp/hard/crtbegin.o
                0x00000274                __init_array_end = .
                0x00000274                . = ALIGN (0x4)
 *crtbegin.o(.ctors)
 *(EXCLUDE_FILE(*crtend.o) .ctors)
 *(SORT_BY_NAME(.ctors.*))
 *crtend.o(.ctors)
                0x00000274                . = ALIGN (0x4)
 *(.fini)
 .fini          0x00000274        0x4 c:/program files/microchip/xc32/v4.30-tc1/bin/bin/../../lib/gcc/pic32c/8.3.1/thumb/v7e-m+fp/hard/crti.o
                0x00000274                _fini
 .fini          0x00000278        0x8 c:/program files/microchip/xc32/v4.30-tc1/bin/bin/../../lib/gcc/pic32c/8.3.1/thumb/v7e-m+fp/hard/crtn.o
                0x00000280                . = ALIGN (0x4)
                0x00000280                __fini_array_start = .
 *(.fini_array)
 .fini_array    0x00000280        0x4 c:/program files/microchip/xc32/v4.30-tc1/bin/bin/../../lib/gcc/pic32c/8.3.1/thumb/v7e-m+fp/hard/crtbegin.o
 *(SORT_BY_NAME(.fini_array.*))
                0x00000284                __fini_array_end = .
 *crtbegin.o(.dtors)
 *(EXCLUDE_FILE(*crtend.o) .dtors)
 *(SORT_BY_NAME(.dtors.*))
 *crtend.o(.dtors)
                0x00000284                . = ALIGN (0x4)
                0x00000284                _efixed = .
                [!provide]                PROVIDE (__exidx_start = .)

.ARM.exidx      0x00000284        0x8
 *(.ARM.exidx* .gnu.linkonce.armexidx.*)
 .ARM.exidx     0x00000284        0x8 c:/program files/microchip/xc32/v4.30-tc1/bin/bin/../../lib/gcc/pic32c/8.3.1/thumb/v7e-m+fp/hard\libgcc.a(_udivmoddi4.o)
                [!provide]                PROVIDE (__exidx_end = .)
                0x0000028c                . = ALIGN (0x4)
                0x0000028c                _etext = .

.bss            0x20000000        0x0
                0x20000000                . = ALIGN (0x4)
                0x20000000                __bss_start__ = .
                0x20000000                _sbss = .
                0x20000000                _szero = .
 *(COMMON)
                0x20000000                . = ALIGN (0x4)
                0x20000000                __bss_end__ = .
                0x20000000                _ebss = .
                0x20000000                _ezero = .
                0x20000000                . = ALIGN (0x4)
                0x20000000                _end = .
                0x2003ffff                _ram_end_ = ((ORIGIN (ram) + LENGTH (ram)) - 0x1)

.bkupram_bss
 *(.bkupram_bss .bkupram_bss.*)
 *(.pbss .pbss.*)
                0x00000001                __ICD2RAM = 0x1
                0x00000001                __MPLAB_DEBUG = 0x1
                0x00000001                __DEBUG = 0x1
                0x00000200                _min_heap_size = 0x200
START GROUP
LOAD c:/program files/microchip/xc32/v4.30-tc1/bin/bin/../../lib/gcc/pic32c/8.3.1/../../../../pic32c/lib/thumb/v7e-m+fp/hard\libpic32c.a
LOAD c:/program files/microchip/xc32/v4.30-tc1/bin/bin/../../lib/gcc/pic32c/8.3.1/../../../../pic32c/lib/thumb/v7e-m+fp/hard\libm-emfloat.a
LOAD c:/program files/microchip/xc32/v4.30-tc1/bin/bin/../../lib/gcc/pic32c/8.3.1/../../../../pic32c/lib/thumb/v7e-m+fp/hard\libg-musl.a
LOAD c:/program files/microchip/xc32/v4.30-tc1/bin/bin/../../lib/gcc/pic32c/8.3.1/../../../../pic32c/lib/thumb/v7e-m+fp/hard\libc-musl.a
LOAD c:/program files/microchip/xc32/v4.30-tc1/bin/bin/../../lib/gcc/pic32c/8.3.1/../../../../pic32c/lib/thumb/v7e-m+fp/hard\libm-emfloat.a
LOAD c:/program files/microchip/xc32/v4.30-tc1/bin/bin/../../lib/gcc/pic32c/8.3.1/thumb/v7e-m+fp/hard\libgcc.a
END GROUP
LOAD c:/program files/microchip/xc32/v4.30-tc1/bin/bin/../../lib/gcc/pic32c/8.3.1/thumb/v7e-m+fp/hard/crtend.o
LOAD c:/program files/microchip/xc32/v4.30-tc1/bin/bin/../../lib/gcc/pic32c/8.3.1/thumb/v7e-m+fp/hard/crtn.o
OUTPUT(dist/20232207_COM_Controller/debug/20232207_COM_Controller.X.debug.elf elf32-littlearm)
LOAD stack
LOAD data_init

.ARM.attributes
                0x00000000       0x34
 .ARM.attributes
                0x00000000       0x1e c:/program files/microchip/xc32/v4.30-tc1/bin/bin/../../lib/gcc/pic32c/8.3.1/thumb/v7e-m+fp/hard/crti.o
 .ARM.attributes
                0x0000001e       0x34 c:/program files/microchip/xc32/v4.30-tc1/bin/bin/../../lib/gcc/pic32c/8.3.1/thumb/v7e-m+fp/hard/crtbegin.o
 .ARM.attributes
                0x00000052       0x34 build/20232207_COM_Controller/debug/_ext/331146890/plib_clock.o
 .ARM.attributes
                0x00000086       0x34 build/20232207_COM_Controller/debug/_ext/333296376/plib_evsys.o
 .ARM.attributes
                0x000000ba       0x34 build/20232207_COM_Controller/debug/_ext/1374454042/plib_nvic.o
 .ARM.attributes
                0x000000ee       0x34 build/20232207_COM_Controller/debug/_ext/1861644044/plib_nvmctrl.o
 .ARM.attributes
                0x00000122       0x34 build/20232207_COM_Controller/debug/_ext/1374400891/plib_port.o
 .ARM.attributes
                0x00000156       0x34 build/20232207_COM_Controller/debug/_ext/1869446501/plib_sercom2_usart.o
 .ARM.attributes
                0x0000018a       0x34 build/20232207_COM_Controller/debug/_ext/737068720/plib_tcc0.o
 .ARM.attributes
                0x000001be       0x34 build/20232207_COM_Controller/debug/_ext/1236672160/initialization.o
 .ARM.attributes
                0x000001f2       0x34 build/20232207_COM_Controller/debug/_ext/1236672160/interrupts.o
 .ARM.attributes
                0x00000226       0x34 build/20232207_COM_Controller/debug/_ext/1236672160/exceptions.o
 .ARM.attributes
                0x0000025a       0x34 build/20232207_COM_Controller/debug/_ext/1236672160/startup_xc32.o
 .ARM.attributes
                0x0000028e       0x34 build/20232207_COM_Controller/debug/_ext/1360937237/main.o
 .ARM.attributes
                0x000002c2       0x34 c:/program files/microchip/xc32/v4.30-tc1/bin/bin/../../lib/gcc/pic32c/8.3.1/../../../../pic32c/lib/thumb/v7e-m+fp/hard\libpic32c.a(data_init_wrapper.o)
 .ARM.attributes
                0x000002f6       0x34 c:/program files/microchip/xc32/v4.30-tc1/bin/bin/../../lib/gcc/pic32c/8.3.1/../../../../pic32c/lib/thumb/v7e-m+fp/hard\libpic32c.a(data_init_0_1.o)
 .ARM.attributes
                0x0000032a       0x36 c:/program files/microchip/xc32/v4.30-tc1/bin/bin/../../lib/gcc/pic32c/8.3.1/../../../../pic32c/lib/thumb/v7e-m+fp/hard\libg-musl.a(__libc_start_main.o)
 .ARM.attributes
                0x00000360       0x34 c:/program files/microchip/xc32/v4.30-tc1/bin/bin/../../lib/gcc/pic32c/8.3.1/../../../../pic32c/lib/thumb/v7e-m+fp/hard\libg-musl.a(libc.o)
 .ARM.attributes
                0x00000394       0x36 c:/program files/microchip/xc32/v4.30-tc1/bin/bin/../../lib/gcc/pic32c/8.3.1/../../../../pic32c/lib/thumb/v7e-m+fp/hard\libg-musl.a(__sio_sprintf_dn.o)
 .ARM.attributes
                0x000003ca       0x36 c:/program files/microchip/xc32/v4.30-tc1/bin/bin/../../lib/gcc/pic32c/8.3.1/../../../../pic32c/lib/thumb/v7e-m+fp/hard\libg-musl.a(__fmt_d.o)
 .ARM.attributes
                0x00000400       0x36 c:/program files/microchip/xc32/v4.30-tc1/bin/bin/../../lib/gcc/pic32c/8.3.1/../../../../pic32c/lib/thumb/v7e-m+fp/hard\libg-musl.a(__pop_int.o)
 .ARM.attributes
                0x00000436       0x36 c:/program files/microchip/xc32/v4.30-tc1/bin/bin/../../lib/gcc/pic32c/8.3.1/../../../../pic32c/lib/thumb/v7e-m+fp/hard\libg-musl.a(__pop_ptr.o)
 .ARM.attributes
                0x0000046c       0x36 c:/program files/microchip/xc32/v4.30-tc1/bin/bin/../../lib/gcc/pic32c/8.3.1/../../../../pic32c/lib/thumb/v7e-m+fp/hard\libg-musl.a(__printf_core.o)
 .ARM.attributes
                0x000004a2       0x36 c:/program files/microchip/xc32/v4.30-tc1/bin/bin/../../lib/gcc/pic32c/8.3.1/../../../../pic32c/lib/thumb/v7e-m+fp/hard\libg-musl.a(atoi.o)
 .ARM.attributes
                0x000004d8       0x36 c:/program files/microchip/xc32/v4.30-tc1/bin/bin/../../lib/gcc/pic32c/8.3.1/../../../../pic32c/lib/thumb/v7e-m+fp/hard\libg-musl.a(memcpy.o)
 .ARM.attributes
                0x0000050e       0x36 c:/program files/microchip/xc32/v4.30-tc1/bin/bin/../../lib/gcc/pic32c/8.3.1/../../../../pic32c/lib/thumb/v7e-m+fp/hard\libg-musl.a(memset.o)
 .ARM.attributes
                0x00000544       0x36 c:/program files/microchip/xc32/v4.30-tc1/bin/bin/../../lib/gcc/pic32c/8.3.1/../../../../pic32c/lib/thumb/v7e-m+fp/hard\libg-musl.a(strlen.o)
 .ARM.attributes
                0x0000057a       0x36 c:/program files/microchip/xc32/v4.30-tc1/bin/bin/../../lib/gcc/pic32c/8.3.1/../../../../pic32c/lib/thumb/v7e-m+fp/hard\libg-musl.a(tolower.o)
 .ARM.attributes
                0x000005b0       0x34 c:/program files/microchip/xc32/v4.30-tc1/bin/bin/../../lib/gcc/pic32c/8.3.1/../../../../pic32c/lib/thumb/v7e-m+fp/hard\libg-musl.a(__environ.o)
 .ARM.attributes
                0x000005e4       0x34 c:/program files/microchip/xc32/v4.30-tc1/bin/bin/../../lib/gcc/pic32c/8.3.1/../../../../pic32c/lib/thumb/v7e-m+fp/hard\libg-musl.a(__errno_location.o)
 .ARM.attributes
                0x00000618       0x36 c:/program files/microchip/xc32/v4.30-tc1/bin/bin/../../lib/gcc/pic32c/8.3.1/../../../../pic32c/lib/thumb/v7e-m+fp/hard\libg-musl.a(__int_vsprintf.o)
 .ARM.attributes
                0x0000064e       0x36 c:/program files/microchip/xc32/v4.30-tc1/bin/bin/../../lib/gcc/pic32c/8.3.1/../../../../pic32c/lib/thumb/v7e-m+fp/hard\libg-musl.a(__cvt_u.o)
 .ARM.attributes
                0x00000684       0x36 c:/program files/microchip/xc32/v4.30-tc1/bin/bin/../../lib/gcc/pic32c/8.3.1/../../../../pic32c/lib/thumb/v7e-m+fp/hard\libg-musl.a(__pop_float.o)
 .ARM.attributes
                0x000006ba       0x36 c:/program files/microchip/xc32/v4.30-tc1/bin/bin/../../lib/gcc/pic32c/8.3.1/../../../../pic32c/lib/thumb/v7e-m+fp/hard\libg-musl.a(__int_vsnprintf.o)
 .ARM.attributes
                0x000006f0       0x36 c:/program files/microchip/xc32/v4.30-tc1/bin/bin/../../lib/gcc/pic32c/8.3.1/../../../../pic32c/lib/thumb/v7e-m+fp/hard\libg-musl.a(__int_vfprintf.o)
 .ARM.attributes
                0x00000726       0x1e c:/program files/microchip/xc32/v4.30-tc1/bin/bin/../../lib/gcc/pic32c/8.3.1/thumb/v7e-m+fp/hard\libgcc.a(_aeabi_uldivmod.o)
 .ARM.attributes
                0x00000744       0x34 c:/program files/microchip/xc32/v4.30-tc1/bin/bin/../../lib/gcc/pic32c/8.3.1/thumb/v7e-m+fp/hard\libgcc.a(_udivmoddi4.o)
 .ARM.attributes
                0x00000778       0x1e c:/program files/microchip/xc32/v4.30-tc1/bin/bin/../../lib/gcc/pic32c/8.3.1/thumb/v7e-m+fp/hard\libgcc.a(_dvmd_tls.o)
 .ARM.attributes
                0x00000796       0x1e c:/program files/microchip/xc32/v4.30-tc1/bin/bin/../../lib/gcc/pic32c/8.3.1/thumb/v7e-m+fp/hard/crtn.o

.comment        0x00000000       0x2f
 .comment       0x00000000       0x2f c:/program files/microchip/xc32/v4.30-tc1/bin/bin/../../lib/gcc/pic32c/8.3.1/thumb/v7e-m+fp/hard/crtbegin.o
                                 0x30 (size before relaxing)
 .comment       0x0000002f       0x30 build/20232207_COM_Controller/debug/_ext/331146890/plib_clock.o
 .comment       0x0000002f       0x30 build/20232207_COM_Controller/debug/_ext/333296376/plib_evsys.o
 .comment       0x0000002f       0x30 build/20232207_COM_Controller/debug/_ext/1374454042/plib_nvic.o
 .comment       0x0000002f       0x30 build/20232207_COM_Controller/debug/_ext/1861644044/plib_nvmctrl.o
 .comment       0x0000002f       0x30 build/20232207_COM_Controller/debug/_ext/1374400891/plib_port.o
 .comment       0x0000002f       0x30 build/20232207_COM_Controller/debug/_ext/1869446501/plib_sercom2_usart.o
 .comment       0x0000002f       0x30 build/20232207_COM_Controller/debug/_ext/737068720/plib_tcc0.o
 .comment       0x0000002f       0x30 build/20232207_COM_Controller/debug/_ext/1236672160/initialization.o
 .comment       0x0000002f       0x30 build/20232207_COM_Controller/debug/_ext/1236672160/interrupts.o
 .comment       0x0000002f       0x30 build/20232207_COM_Controller/debug/_ext/1236672160/exceptions.o
 .comment       0x0000002f       0x30 build/20232207_COM_Controller/debug/_ext/1236672160/startup_xc32.o
 .comment       0x0000002f       0x30 build/20232207_COM_Controller/debug/_ext/1360937237/main.o
 .comment       0x0000002f       0x30 c:/program files/microchip/xc32/v4.30-tc1/bin/bin/../../lib/gcc/pic32c/8.3.1/../../../../pic32c/lib/thumb/v7e-m+fp/hard\libpic32c.a(data_init_wrapper.o)
 .comment       0x0000002f       0x30 c:/program files/microchip/xc32/v4.30-tc1/bin/bin/../../lib/gcc/pic32c/8.3.1/../../../../pic32c/lib/thumb/v7e-m+fp/hard\libpic32c.a(data_init_0_1.o)
 .comment       0x0000002f       0x30 c:/program files/microchip/xc32/v4.30-tc1/bin/bin/../../lib/gcc/pic32c/8.3.1/../../../../pic32c/lib/thumb/v7e-m+fp/hard\libg-musl.a(__libc_start_main.o)
 .comment       0x0000002f       0x30 c:/program files/microchip/xc32/v4.30-tc1/bin/bin/../../lib/gcc/pic32c/8.3.1/../../../../pic32c/lib/thumb/v7e-m+fp/hard\libg-musl.a(libc.o)
 .comment       0x0000002f       0x30 c:/program files/microchip/xc32/v4.30-tc1/bin/bin/../../lib/gcc/pic32c/8.3.1/../../../../pic32c/lib/thumb/v7e-m+fp/hard\libg-musl.a(__sio_sprintf_dn.o)
 .comment       0x0000002f       0x30 c:/program files/microchip/xc32/v4.30-tc1/bin/bin/../../lib/gcc/pic32c/8.3.1/../../../../pic32c/lib/thumb/v7e-m+fp/hard\libg-musl.a(__fmt_d.o)
 .comment       0x0000002f       0x30 c:/program files/microchip/xc32/v4.30-tc1/bin/bin/../../lib/gcc/pic32c/8.3.1/../../../../pic32c/lib/thumb/v7e-m+fp/hard\libg-musl.a(__pop_int.o)
 .comment       0x0000002f       0x30 c:/program files/microchip/xc32/v4.30-tc1/bin/bin/../../lib/gcc/pic32c/8.3.1/../../../../pic32c/lib/thumb/v7e-m+fp/hard\libg-musl.a(__pop_ptr.o)
 .comment       0x0000002f       0x30 c:/program files/microchip/xc32/v4.30-tc1/bin/bin/../../lib/gcc/pic32c/8.3.1/../../../../pic32c/lib/thumb/v7e-m+fp/hard\libg-musl.a(__printf_core.o)
 .comment       0x0000002f       0x30 c:/program files/microchip/xc32/v4.30-tc1/bin/bin/../../lib/gcc/pic32c/8.3.1/../../../../pic32c/lib/thumb/v7e-m+fp/hard\libg-musl.a(atoi.o)
 .comment       0x0000002f       0x30 c:/program files/microchip/xc32/v4.30-tc1/bin/bin/../../lib/gcc/pic32c/8.3.1/../../../../pic32c/lib/thumb/v7e-m+fp/hard\libg-musl.a(memcpy.o)
 .comment       0x0000002f       0x30 c:/program files/microchip/xc32/v4.30-tc1/bin/bin/../../lib/gcc/pic32c/8.3.1/../../../../pic32c/lib/thumb/v7e-m+fp/hard\libg-musl.a(memset.o)
 .comment       0x0000002f       0x30 c:/program files/microchip/xc32/v4.30-tc1/bin/bin/../../lib/gcc/pic32c/8.3.1/../../../../pic32c/lib/thumb/v7e-m+fp/hard\libg-musl.a(strlen.o)
 .comment       0x0000002f       0x30 c:/program files/microchip/xc32/v4.30-tc1/bin/bin/../../lib/gcc/pic32c/8.3.1/../../../../pic32c/lib/thumb/v7e-m+fp/hard\libg-musl.a(tolower.o)
 .comment       0x0000002f       0x30 c:/program files/microchip/xc32/v4.30-tc1/bin/bin/../../lib/gcc/pic32c/8.3.1/../../../../pic32c/lib/thumb/v7e-m+fp/hard\libg-musl.a(__environ.o)
 .comment       0x0000002f       0x30 c:/program files/microchip/xc32/v4.30-tc1/bin/bin/../../lib/gcc/pic32c/8.3.1/../../../../pic32c/lib/thumb/v7e-m+fp/hard\libg-musl.a(__errno_location.o)
 .comment       0x0000002f       0x30 c:/program files/microchip/xc32/v4.30-tc1/bin/bin/../../lib/gcc/pic32c/8.3.1/../../../../pic32c/lib/thumb/v7e-m+fp/hard\libg-musl.a(__int_vsprintf.o)
 .comment       0x0000002f       0x30 c:/program files/microchip/xc32/v4.30-tc1/bin/bin/../../lib/gcc/pic32c/8.3.1/../../../../pic32c/lib/thumb/v7e-m+fp/hard\libg-musl.a(__cvt_u.o)
 .comment       0x0000002f       0x30 c:/program files/microchip/xc32/v4.30-tc1/bin/bin/../../lib/gcc/pic32c/8.3.1/../../../../pic32c/lib/thumb/v7e-m+fp/hard\libg-musl.a(__pop_float.o)
 .comment       0x0000002f       0x30 c:/program files/microchip/xc32/v4.30-tc1/bin/bin/../../lib/gcc/pic32c/8.3.1/../../../../pic32c/lib/thumb/v7e-m+fp/hard\libg-musl.a(__int_vsnprintf.o)
 .comment       0x0000002f       0x30 c:/program files/microchip/xc32/v4.30-tc1/bin/bin/../../lib/gcc/pic32c/8.3.1/../../../../pic32c/lib/thumb/v7e-m+fp/hard\libg-musl.a(__int_vfprintf.o)
 .comment       0x0000002f       0x30 c:/program files/microchip/xc32/v4.30-tc1/bin/bin/../../lib/gcc/pic32c/8.3.1/thumb/v7e-m+fp/hard\libgcc.a(_udivmoddi4.o)

.debug_info     0x00000000     0xebd5
 .debug_info    0x00000000      0xb9c build/20232207_COM_Controller/debug/_ext/331146890/plib_clock.o
 .debug_info    0x00000b9c      0x358 build/20232207_COM_Controller/debug/_ext/333296376/plib_evsys.o
 .debug_info    0x00000ef4      0x84f build/20232207_COM_Controller/debug/_ext/1374454042/plib_nvic.o
 .debug_info    0x00001743      0xe97 build/20232207_COM_Controller/debug/_ext/1861644044/plib_nvmctrl.o
 .debug_info    0x000025da     0x10ff build/20232207_COM_Controller/debug/_ext/1374400891/plib_port.o
 .debug_info    0x000036d9     0x1575 build/20232207_COM_Controller/debug/_ext/1869446501/plib_sercom2_usart.o
 .debug_info    0x00004c4e      0x9a3 build/20232207_COM_Controller/debug/_ext/737068720/plib_tcc0.o
 .debug_info    0x000055f1      0x411 build/20232207_COM_Controller/debug/_ext/1236672160/initialization.o
 .debug_info    0x00005a02     0x1719 build/20232207_COM_Controller/debug/_ext/1236672160/interrupts.o
 .debug_info    0x0000711b      0x41a build/20232207_COM_Controller/debug/_ext/1236672160/exceptions.o
 .debug_info    0x00007535      0x8d3 build/20232207_COM_Controller/debug/_ext/1236672160/startup_xc32.o
 .debug_info    0x00007e08      0xdc6 build/20232207_COM_Controller/debug/_ext/1360937237/main.o
 .debug_info    0x00008bce      0x29c c:/program files/microchip/xc32/v4.30-tc1/bin/bin/../../lib/gcc/pic32c/8.3.1/../../../../pic32c/lib/thumb/v7e-m+fp/hard\libpic32c.a(data_init_wrapper.o)
 .debug_info    0x00008e6a      0x29f c:/program files/microchip/xc32/v4.30-tc1/bin/bin/../../lib/gcc/pic32c/8.3.1/../../../../pic32c/lib/thumb/v7e-m+fp/hard\libpic32c.a(data_init_0_1.o)
 .debug_info    0x00009109      0x61d c:/program files/microchip/xc32/v4.30-tc1/bin/bin/../../lib/gcc/pic32c/8.3.1/../../../../pic32c/lib/thumb/v7e-m+fp/hard\libg-musl.a(__libc_start_main.o)
 .debug_info    0x00009726      0x52f c:/program files/microchip/xc32/v4.30-tc1/bin/bin/../../lib/gcc/pic32c/8.3.1/../../../../pic32c/lib/thumb/v7e-m+fp/hard\libg-musl.a(libc.o)
 .debug_info    0x00009c55      0x41a c:/program files/microchip/xc32/v4.30-tc1/bin/bin/../../lib/gcc/pic32c/8.3.1/../../../../pic32c/lib/thumb/v7e-m+fp/hard\libg-musl.a(__sio_sprintf_dn.o)
 .debug_info    0x0000a06f      0x5bc c:/program files/microchip/xc32/v4.30-tc1/bin/bin/../../lib/gcc/pic32c/8.3.1/../../../../pic32c/lib/thumb/v7e-m+fp/hard\libg-musl.a(__fmt_d.o)
 .debug_info    0x0000a62b      0x3fb c:/program files/microchip/xc32/v4.30-tc1/bin/bin/../../lib/gcc/pic32c/8.3.1/../../../../pic32c/lib/thumb/v7e-m+fp/hard\libg-musl.a(__pop_int.o)
 .debug_info    0x0000aa26      0x401 c:/program files/microchip/xc32/v4.30-tc1/bin/bin/../../lib/gcc/pic32c/8.3.1/../../../../pic32c/lib/thumb/v7e-m+fp/hard\libg-musl.a(__pop_ptr.o)
 .debug_info    0x0000ae27      0xd65 c:/program files/microchip/xc32/v4.30-tc1/bin/bin/../../lib/gcc/pic32c/8.3.1/../../../../pic32c/lib/thumb/v7e-m+fp/hard\libg-musl.a(__printf_core.o)
 .debug_info    0x0000bb8c      0x2f5 c:/program files/microchip/xc32/v4.30-tc1/bin/bin/../../lib/gcc/pic32c/8.3.1/../../../../pic32c/lib/thumb/v7e-m+fp/hard\libg-musl.a(atoi.o)
 .debug_info    0x0000be81      0x2eb c:/program files/microchip/xc32/v4.30-tc1/bin/bin/../../lib/gcc/pic32c/8.3.1/../../../../pic32c/lib/thumb/v7e-m+fp/hard\libg-musl.a(memcpy.o)
 .debug_info    0x0000c16c      0x2af c:/program files/microchip/xc32/v4.30-tc1/bin/bin/../../lib/gcc/pic32c/8.3.1/../../../../pic32c/lib/thumb/v7e-m+fp/hard\libg-musl.a(memset.o)
 .debug_info    0x0000c41b      0x2a0 c:/program files/microchip/xc32/v4.30-tc1/bin/bin/../../lib/gcc/pic32c/8.3.1/../../../../pic32c/lib/thumb/v7e-m+fp/hard\libg-musl.a(strlen.o)
 .debug_info    0x0000c6bb      0x34d c:/program files/microchip/xc32/v4.30-tc1/bin/bin/../../lib/gcc/pic32c/8.3.1/../../../../pic32c/lib/thumb/v7e-m+fp/hard\libg-musl.a(tolower.o)
 .debug_info    0x0000ca08      0x2a9 c:/program files/microchip/xc32/v4.30-tc1/bin/bin/../../lib/gcc/pic32c/8.3.1/../../../../pic32c/lib/thumb/v7e-m+fp/hard\libg-musl.a(__environ.o)
 .debug_info    0x0000ccb1      0x26d c:/program files/microchip/xc32/v4.30-tc1/bin/bin/../../lib/gcc/pic32c/8.3.1/../../../../pic32c/lib/thumb/v7e-m+fp/hard\libg-musl.a(__errno_location.o)
 .debug_info    0x0000cf1e      0x39e c:/program files/microchip/xc32/v4.30-tc1/bin/bin/../../lib/gcc/pic32c/8.3.1/../../../../pic32c/lib/thumb/v7e-m+fp/hard\libg-musl.a(__int_vsprintf.o)
 .debug_info    0x0000d2bc      0x43d c:/program files/microchip/xc32/v4.30-tc1/bin/bin/../../lib/gcc/pic32c/8.3.1/../../../../pic32c/lib/thumb/v7e-m+fp/hard\libg-musl.a(__cvt_u.o)
 .debug_info    0x0000d6f9      0x3d7 c:/program files/microchip/xc32/v4.30-tc1/bin/bin/../../lib/gcc/pic32c/8.3.1/../../../../pic32c/lib/thumb/v7e-m+fp/hard\libg-musl.a(__pop_float.o)
 .debug_info    0x0000dad0      0x4a0 c:/program files/microchip/xc32/v4.30-tc1/bin/bin/../../lib/gcc/pic32c/8.3.1/../../../../pic32c/lib/thumb/v7e-m+fp/hard\libg-musl.a(__int_vsnprintf.o)
 .debug_info    0x0000df70      0x473 c:/program files/microchip/xc32/v4.30-tc1/bin/bin/../../lib/gcc/pic32c/8.3.1/../../../../pic32c/lib/thumb/v7e-m+fp/hard\libg-musl.a(__int_vfprintf.o)
 .debug_info    0x0000e3e3       0x26 c:/program files/microchip/xc32/v4.30-tc1/bin/bin/../../lib/gcc/pic32c/8.3.1/thumb/v7e-m+fp/hard\libgcc.a(_aeabi_uldivmod.o)
 .debug_info    0x0000e409      0x7a6 c:/program files/microchip/xc32/v4.30-tc1/bin/bin/../../lib/gcc/pic32c/8.3.1/thumb/v7e-m+fp/hard\libgcc.a(_udivmoddi4.o)
 .debug_info    0x0000ebaf       0x26 c:/program files/microchip/xc32/v4.30-tc1/bin/bin/../../lib/gcc/pic32c/8.3.1/thumb/v7e-m+fp/hard\libgcc.a(_dvmd_tls.o)

.debug_abbrev   0x00000000     0x226e
 .debug_abbrev  0x00000000      0x122 build/20232207_COM_Controller/debug/_ext/331146890/plib_clock.o
 .debug_abbrev  0x00000122       0x3b build/20232207_COM_Controller/debug/_ext/333296376/plib_evsys.o
 .debug_abbrev  0x0000015d      0x18d build/20232207_COM_Controller/debug/_ext/1374454042/plib_nvic.o
 .debug_abbrev  0x000002ea      0x245 build/20232207_COM_Controller/debug/_ext/1861644044/plib_nvmctrl.o
 .debug_abbrev  0x0000052f      0x1d6 build/20232207_COM_Controller/debug/_ext/1374400891/plib_port.o
 .debug_abbrev  0x00000705      0x2a1 build/20232207_COM_Controller/debug/_ext/1869446501/plib_sercom2_usart.o
 .debug_abbrev  0x000009a6      0x128 build/20232207_COM_Controller/debug/_ext/737068720/plib_tcc0.o
 .debug_abbrev  0x00000ace       0x8b build/20232207_COM_Controller/debug/_ext/1236672160/initialization.o
 .debug_abbrev  0x00000b59       0xb5 build/20232207_COM_Controller/debug/_ext/1236672160/interrupts.o
 .debug_abbrev  0x00000c0e       0x3e build/20232207_COM_Controller/debug/_ext/1236672160/exceptions.o
 .debug_abbrev  0x00000c4c      0x1db build/20232207_COM_Controller/debug/_ext/1236672160/startup_xc32.o
 .debug_abbrev  0x00000e27      0x218 build/20232207_COM_Controller/debug/_ext/1360937237/main.o
 .debug_abbrev  0x0000103f       0x2b c:/program files/microchip/xc32/v4.30-tc1/bin/bin/../../lib/gcc/pic32c/8.3.1/../../../../pic32c/lib/thumb/v7e-m+fp/hard\libpic32c.a(data_init_wrapper.o)
 .debug_abbrev  0x0000106a       0x2e c:/program files/microchip/xc32/v4.30-tc1/bin/bin/../../lib/gcc/pic32c/8.3.1/../../../../pic32c/lib/thumb/v7e-m+fp/hard\libpic32c.a(data_init_0_1.o)
 .debug_abbrev  0x00001098      0x117 c:/program files/microchip/xc32/v4.30-tc1/bin/bin/../../lib/gcc/pic32c/8.3.1/../../../../pic32c/lib/thumb/v7e-m+fp/hard\libg-musl.a(__libc_start_main.o)
 .debug_abbrev  0x000011af       0xb8 c:/program files/microchip/xc32/v4.30-tc1/bin/bin/../../lib/gcc/pic32c/8.3.1/../../../../pic32c/lib/thumb/v7e-m+fp/hard\libg-musl.a(libc.o)
 .debug_abbrev  0x00001267      0x12e c:/program files/microchip/xc32/v4.30-tc1/bin/bin/../../lib/gcc/pic32c/8.3.1/../../../../pic32c/lib/thumb/v7e-m+fp/hard\libg-musl.a(__sio_sprintf_dn.o)
 .debug_abbrev  0x00001395      0x120 c:/program files/microchip/xc32/v4.30-tc1/bin/bin/../../lib/gcc/pic32c/8.3.1/../../../../pic32c/lib/thumb/v7e-m+fp/hard\libg-musl.a(__fmt_d.o)
 .debug_abbrev  0x000014b5       0xbd c:/program files/microchip/xc32/v4.30-tc1/bin/bin/../../lib/gcc/pic32c/8.3.1/../../../../pic32c/lib/thumb/v7e-m+fp/hard\libg-musl.a(__pop_int.o)
 .debug_abbrev  0x00001572       0xce c:/program files/microchip/xc32/v4.30-tc1/bin/bin/../../lib/gcc/pic32c/8.3.1/../../../../pic32c/lib/thumb/v7e-m+fp/hard\libg-musl.a(__pop_ptr.o)
 .debug_abbrev  0x00001640      0x2c5 c:/program files/microchip/xc32/v4.30-tc1/bin/bin/../../lib/gcc/pic32c/8.3.1/../../../../pic32c/lib/thumb/v7e-m+fp/hard\libg-musl.a(__printf_core.o)
 .debug_abbrev  0x00001905       0xbb c:/program files/microchip/xc32/v4.30-tc1/bin/bin/../../lib/gcc/pic32c/8.3.1/../../../../pic32c/lib/thumb/v7e-m+fp/hard\libg-musl.a(atoi.o)
 .debug_abbrev  0x000019c0       0x9c c:/program files/microchip/xc32/v4.30-tc1/bin/bin/../../lib/gcc/pic32c/8.3.1/../../../../pic32c/lib/thumb/v7e-m+fp/hard\libg-musl.a(memcpy.o)
 .debug_abbrev  0x00001a5c       0x97 c:/program files/microchip/xc32/v4.30-tc1/bin/bin/../../lib/gcc/pic32c/8.3.1/../../../../pic32c/lib/thumb/v7e-m+fp/hard\libg-musl.a(memset.o)
 .debug_abbrev  0x00001af3       0x86 c:/program files/microchip/xc32/v4.30-tc1/bin/bin/../../lib/gcc/pic32c/8.3.1/../../../../pic32c/lib/thumb/v7e-m+fp/hard\libg-musl.a(strlen.o)
 .debug_abbrev  0x00001b79       0xfd c:/program files/microchip/xc32/v4.30-tc1/bin/bin/../../lib/gcc/pic32c/8.3.1/../../../../pic32c/lib/thumb/v7e-m+fp/hard\libg-musl.a(tolower.o)
 .debug_abbrev  0x00001c76       0x57 c:/program files/microchip/xc32/v4.30-tc1/bin/bin/../../lib/gcc/pic32c/8.3.1/../../../../pic32c/lib/thumb/v7e-m+fp/hard\libg-musl.a(__environ.o)
 .debug_abbrev  0x00001ccd       0x2e c:/program files/microchip/xc32/v4.30-tc1/bin/bin/../../lib/gcc/pic32c/8.3.1/../../../../pic32c/lib/thumb/v7e-m+fp/hard\libg-musl.a(__errno_location.o)
 .debug_abbrev  0x00001cfb       0xc3 c:/program files/microchip/xc32/v4.30-tc1/bin/bin/../../lib/gcc/pic32c/8.3.1/../../../../pic32c/lib/thumb/v7e-m+fp/hard\libg-musl.a(__int_vsprintf.o)
 .debug_abbrev  0x00001dbe       0xa1 c:/program files/microchip/xc32/v4.30-tc1/bin/bin/../../lib/gcc/pic32c/8.3.1/../../../../pic32c/lib/thumb/v7e-m+fp/hard\libg-musl.a(__cvt_u.o)
 .debug_abbrev  0x00001e5f       0xbd c:/program files/microchip/xc32/v4.30-tc1/bin/bin/../../lib/gcc/pic32c/8.3.1/../../../../pic32c/lib/thumb/v7e-m+fp/hard\libg-musl.a(__pop_float.o)
 .debug_abbrev  0x00001f1c      0x127 c:/program files/microchip/xc32/v4.30-tc1/bin/bin/../../lib/gcc/pic32c/8.3.1/../../../../pic32c/lib/thumb/v7e-m+fp/hard\libg-musl.a(__int_vsnprintf.o)
 .debug_abbrev  0x00002043      0x111 c:/program files/microchip/xc32/v4.30-tc1/bin/bin/../../lib/gcc/pic32c/8.3.1/../../../../pic32c/lib/thumb/v7e-m+fp/hard\libg-musl.a(__int_vfprintf.o)
 .debug_abbrev  0x00002154       0x14 c:/program files/microchip/xc32/v4.30-tc1/bin/bin/../../lib/gcc/pic32c/8.3.1/thumb/v7e-m+fp/hard\libgcc.a(_aeabi_uldivmod.o)
 .debug_abbrev  0x00002168       0xf2 c:/program files/microchip/xc32/v4.30-tc1/bin/bin/../../lib/gcc/pic32c/8.3.1/thumb/v7e-m+fp/hard\libgcc.a(_udivmoddi4.o)
 .debug_abbrev  0x0000225a       0x14 c:/program files/microchip/xc32/v4.30-tc1/bin/bin/../../lib/gcc/pic32c/8.3.1/thumb/v7e-m+fp/hard\libgcc.a(_dvmd_tls.o)

.debug_aranges  0x00000000      0x6e8
 .debug_aranges
                0x00000000       0x20 build/20232207_COM_Controller/debug/_ext/331146890/plib_clock.o
 .debug_aranges
                0x00000020       0x20 build/20232207_COM_Controller/debug/_ext/333296376/plib_evsys.o
 .debug_aranges
                0x00000040       0x38 build/20232207_COM_Controller/debug/_ext/1374454042/plib_nvic.o
 .debug_aranges
                0x00000078       0xd8 build/20232207_COM_Controller/debug/_ext/1861644044/plib_nvmctrl.o
 .debug_aranges
                0x00000150       0x70 build/20232207_COM_Controller/debug/_ext/1374400891/plib_port.o
 .debug_aranges
                0x000001c0       0x98 build/20232207_COM_Controller/debug/_ext/1869446501/plib_sercom2_usart.o
 .debug_aranges
                0x00000258       0x78 build/20232207_COM_Controller/debug/_ext/737068720/plib_tcc0.o
 .debug_aranges
                0x000002d0       0x20 build/20232207_COM_Controller/debug/_ext/1236672160/initialization.o
 .debug_aranges
                0x000002f0       0x20 build/20232207_COM_Controller/debug/_ext/1236672160/interrupts.o
 .debug_aranges
                0x00000310       0x48 build/20232207_COM_Controller/debug/_ext/1236672160/exceptions.o
 .debug_aranges
                0x00000358       0x28 build/20232207_COM_Controller/debug/_ext/1236672160/startup_xc32.o
 .debug_aranges
                0x00000380       0x38 build/20232207_COM_Controller/debug/_ext/1360937237/main.o
 .debug_aranges
                0x000003b8       0x20 c:/program files/microchip/xc32/v4.30-tc1/bin/bin/../../lib/gcc/pic32c/8.3.1/../../../../pic32c/lib/thumb/v7e-m+fp/hard\libpic32c.a(data_init_wrapper.o)
 .debug_aranges
                0x000003d8       0x20 c:/program files/microchip/xc32/v4.30-tc1/bin/bin/../../lib/gcc/pic32c/8.3.1/../../../../pic32c/lib/thumb/v7e-m+fp/hard\libpic32c.a(data_init_0_1.o)
 .debug_aranges
                0x000003f8       0x28 c:/program files/microchip/xc32/v4.30-tc1/bin/bin/../../lib/gcc/pic32c/8.3.1/../../../../pic32c/lib/thumb/v7e-m+fp/hard\libg-musl.a(__libc_start_main.o)
 .debug_aranges
                0x00000420       0x18 c:/program files/microchip/xc32/v4.30-tc1/bin/bin/../../lib/gcc/pic32c/8.3.1/../../../../pic32c/lib/thumb/v7e-m+fp/hard\libg-musl.a(libc.o)
 .debug_aranges
                0x00000438       0x28 c:/program files/microchip/xc32/v4.30-tc1/bin/bin/../../lib/gcc/pic32c/8.3.1/../../../../pic32c/lib/thumb/v7e-m+fp/hard\libg-musl.a(__sio_sprintf_dn.o)
 .debug_aranges
                0x00000460       0x20 c:/program files/microchip/xc32/v4.30-tc1/bin/bin/../../lib/gcc/pic32c/8.3.1/../../../../pic32c/lib/thumb/v7e-m+fp/hard\libg-musl.a(__fmt_d.o)
 .debug_aranges
                0x00000480       0x20 c:/program files/microchip/xc32/v4.30-tc1/bin/bin/../../lib/gcc/pic32c/8.3.1/../../../../pic32c/lib/thumb/v7e-m+fp/hard\libg-musl.a(__pop_int.o)
 .debug_aranges
                0x000004a0       0x20 c:/program files/microchip/xc32/v4.30-tc1/bin/bin/../../lib/gcc/pic32c/8.3.1/../../../../pic32c/lib/thumb/v7e-m+fp/hard\libg-musl.a(__pop_ptr.o)
 .debug_aranges
                0x000004c0       0x50 c:/program files/microchip/xc32/v4.30-tc1/bin/bin/../../lib/gcc/pic32c/8.3.1/../../../../pic32c/lib/thumb/v7e-m+fp/hard\libg-musl.a(__printf_core.o)
 .debug_aranges
                0x00000510       0x20 c:/program files/microchip/xc32/v4.30-tc1/bin/bin/../../lib/gcc/pic32c/8.3.1/../../../../pic32c/lib/thumb/v7e-m+fp/hard\libg-musl.a(atoi.o)
 .debug_aranges
                0x00000530       0x20 c:/program files/microchip/xc32/v4.30-tc1/bin/bin/../../lib/gcc/pic32c/8.3.1/../../../../pic32c/lib/thumb/v7e-m+fp/hard\libg-musl.a(memcpy.o)
 .debug_aranges
                0x00000550       0x20 c:/program files/microchip/xc32/v4.30-tc1/bin/bin/../../lib/gcc/pic32c/8.3.1/../../../../pic32c/lib/thumb/v7e-m+fp/hard\libg-musl.a(memset.o)
 .debug_aranges
                0x00000570       0x20 c:/program files/microchip/xc32/v4.30-tc1/bin/bin/../../lib/gcc/pic32c/8.3.1/../../../../pic32c/lib/thumb/v7e-m+fp/hard\libg-musl.a(strlen.o)
 .debug_aranges
                0x00000590       0x28 c:/program files/microchip/xc32/v4.30-tc1/bin/bin/../../lib/gcc/pic32c/8.3.1/../../../../pic32c/lib/thumb/v7e-m+fp/hard\libg-musl.a(tolower.o)
 .debug_aranges
                0x000005b8       0x18 c:/program files/microchip/xc32/v4.30-tc1/bin/bin/../../lib/gcc/pic32c/8.3.1/../../../../pic32c/lib/thumb/v7e-m+fp/hard\libg-musl.a(__environ.o)
 .debug_aranges
                0x000005d0       0x18 c:/program files/microchip/xc32/v4.30-tc1/bin/bin/../../lib/gcc/pic32c/8.3.1/../../../../pic32c/lib/thumb/v7e-m+fp/hard\libg-musl.a(__errno_location.o)
 .debug_aranges
                0x000005e8       0x20 c:/program files/microchip/xc32/v4.30-tc1/bin/bin/../../lib/gcc/pic32c/8.3.1/../../../../pic32c/lib/thumb/v7e-m+fp/hard\libg-musl.a(__int_vsprintf.o)
 .debug_aranges
                0x00000608       0x20 c:/program files/microchip/xc32/v4.30-tc1/bin/bin/../../lib/gcc/pic32c/8.3.1/../../../../pic32c/lib/thumb/v7e-m+fp/hard\libg-musl.a(__cvt_u.o)
 .debug_aranges
                0x00000628       0x20 c:/program files/microchip/xc32/v4.30-tc1/bin/bin/../../lib/gcc/pic32c/8.3.1/../../../../pic32c/lib/thumb/v7e-m+fp/hard\libg-musl.a(__pop_float.o)
 .debug_aranges
                0x00000648       0x20 c:/program files/microchip/xc32/v4.30-tc1/bin/bin/../../lib/gcc/pic32c/8.3.1/../../../../pic32c/lib/thumb/v7e-m+fp/hard\libg-musl.a(__int_vsnprintf.o)
 .debug_aranges
                0x00000668       0x20 c:/program files/microchip/xc32/v4.30-tc1/bin/bin/../../lib/gcc/pic32c/8.3.1/../../../../pic32c/lib/thumb/v7e-m+fp/hard\libg-musl.a(__int_vfprintf.o)
 .debug_aranges
                0x00000688       0x20 c:/program files/microchip/xc32/v4.30-tc1/bin/bin/../../lib/gcc/pic32c/8.3.1/thumb/v7e-m+fp/hard\libgcc.a(_aeabi_uldivmod.o)
 .debug_aranges
                0x000006a8       0x20 c:/program files/microchip/xc32/v4.30-tc1/bin/bin/../../lib/gcc/pic32c/8.3.1/thumb/v7e-m+fp/hard\libgcc.a(_udivmoddi4.o)
 .debug_aranges
                0x000006c8       0x20 c:/program files/microchip/xc32/v4.30-tc1/bin/bin/../../lib/gcc/pic32c/8.3.1/thumb/v7e-m+fp/hard\libgcc.a(_dvmd_tls.o)

.debug_ranges   0x00000000      0x590
 .debug_ranges  0x00000000       0x10 build/20232207_COM_Controller/debug/_ext/331146890/plib_clock.o
 .debug_ranges  0x00000010       0x10 build/20232207_COM_Controller/debug/_ext/333296376/plib_evsys.o
 .debug_ranges  0x00000020       0x28 build/20232207_COM_Controller/debug/_ext/1374454042/plib_nvic.o
 .debug_ranges  0x00000048       0xc8 build/20232207_COM_Controller/debug/_ext/1861644044/plib_nvmctrl.o
 .debug_ranges  0x00000110       0x60 build/20232207_COM_Controller/debug/_ext/1374400891/plib_port.o
 .debug_ranges  0x00000170       0x88 build/20232207_COM_Controller/debug/_ext/1869446501/plib_sercom2_usart.o
 .debug_ranges  0x000001f8       0x68 build/20232207_COM_Controller/debug/_ext/737068720/plib_tcc0.o
 .debug_ranges  0x00000260       0x10 build/20232207_COM_Controller/debug/_ext/1236672160/initialization.o
 .debug_ranges  0x00000270       0x10 build/20232207_COM_Controller/debug/_ext/1236672160/interrupts.o
 .debug_ranges  0x00000280       0x38 build/20232207_COM_Controller/debug/_ext/1236672160/exceptions.o
 .debug_ranges  0x000002b8       0x18 build/20232207_COM_Controller/debug/_ext/1236672160/startup_xc32.o
 .debug_ranges  0x000002d0       0x58 build/20232207_COM_Controller/debug/_ext/1360937237/main.o
 .debug_ranges  0x00000328       0x10 c:/program files/microchip/xc32/v4.30-tc1/bin/bin/../../lib/gcc/pic32c/8.3.1/../../../../pic32c/lib/thumb/v7e-m+fp/hard\libpic32c.a(data_init_wrapper.o)
 .debug_ranges  0x00000338       0x10 c:/program files/microchip/xc32/v4.30-tc1/bin/bin/../../lib/gcc/pic32c/8.3.1/../../../../pic32c/lib/thumb/v7e-m+fp/hard\libpic32c.a(data_init_0_1.o)
 .debug_ranges  0x00000348       0x40 c:/program files/microchip/xc32/v4.30-tc1/bin/bin/../../lib/gcc/pic32c/8.3.1/../../../../pic32c/lib/thumb/v7e-m+fp/hard\libg-musl.a(__libc_start_main.o)
 .debug_ranges  0x00000388       0x18 c:/program files/microchip/xc32/v4.30-tc1/bin/bin/../../lib/gcc/pic32c/8.3.1/../../../../pic32c/lib/thumb/v7e-m+fp/hard\libg-musl.a(__sio_sprintf_dn.o)
 .debug_ranges  0x000003a0       0x10 c:/program files/microchip/xc32/v4.30-tc1/bin/bin/../../lib/gcc/pic32c/8.3.1/../../../../pic32c/lib/thumb/v7e-m+fp/hard\libg-musl.a(__fmt_d.o)
 .debug_ranges  0x000003b0       0x10 c:/program files/microchip/xc32/v4.30-tc1/bin/bin/../../lib/gcc/pic32c/8.3.1/../../../../pic32c/lib/thumb/v7e-m+fp/hard\libg-musl.a(__pop_int.o)
 .debug_ranges  0x000003c0       0x10 c:/program files/microchip/xc32/v4.30-tc1/bin/bin/../../lib/gcc/pic32c/8.3.1/../../../../pic32c/lib/thumb/v7e-m+fp/hard\libg-musl.a(__pop_ptr.o)
 .debug_ranges  0x000003d0       0x68 c:/program files/microchip/xc32/v4.30-tc1/bin/bin/../../lib/gcc/pic32c/8.3.1/../../../../pic32c/lib/thumb/v7e-m+fp/hard\libg-musl.a(__printf_core.o)
 .debug_ranges  0x00000438       0x10 c:/program files/microchip/xc32/v4.30-tc1/bin/bin/../../lib/gcc/pic32c/8.3.1/../../../../pic32c/lib/thumb/v7e-m+fp/hard\libg-musl.a(atoi.o)
 .debug_ranges  0x00000448       0x10 c:/program files/microchip/xc32/v4.30-tc1/bin/bin/../../lib/gcc/pic32c/8.3.1/../../../../pic32c/lib/thumb/v7e-m+fp/hard\libg-musl.a(memcpy.o)
 .debug_ranges  0x00000458       0x10 c:/program files/microchip/xc32/v4.30-tc1/bin/bin/../../lib/gcc/pic32c/8.3.1/../../../../pic32c/lib/thumb/v7e-m+fp/hard\libg-musl.a(memset.o)
 .debug_ranges  0x00000468       0x10 c:/program files/microchip/xc32/v4.30-tc1/bin/bin/../../lib/gcc/pic32c/8.3.1/../../../../pic32c/lib/thumb/v7e-m+fp/hard\libg-musl.a(strlen.o)
 .debug_ranges  0x00000478       0x18 c:/program files/microchip/xc32/v4.30-tc1/bin/bin/../../lib/gcc/pic32c/8.3.1/../../../../pic32c/lib/thumb/v7e-m+fp/hard\libg-musl.a(tolower.o)
 .debug_ranges  0x00000490       0x10 c:/program files/microchip/xc32/v4.30-tc1/bin/bin/../../lib/gcc/pic32c/8.3.1/../../../../pic32c/lib/thumb/v7e-m+fp/hard\libg-musl.a(__int_vsprintf.o)
 .debug_ranges  0x000004a0       0x10 c:/program files/microchip/xc32/v4.30-tc1/bin/bin/../../lib/gcc/pic32c/8.3.1/../../../../pic32c/lib/thumb/v7e-m+fp/hard\libg-musl.a(__cvt_u.o)
 .debug_ranges  0x000004b0       0x10 c:/program files/microchip/xc32/v4.30-tc1/bin/bin/../../lib/gcc/pic32c/8.3.1/../../../../pic32c/lib/thumb/v7e-m+fp/hard\libg-musl.a(__pop_float.o)
 .debug_ranges  0x000004c0       0x10 c:/program files/microchip/xc32/v4.30-tc1/bin/bin/../../lib/gcc/pic32c/8.3.1/../../../../pic32c/lib/thumb/v7e-m+fp/hard\libg-musl.a(__int_vsnprintf.o)
 .debug_ranges  0x000004d0       0x10 c:/program files/microchip/xc32/v4.30-tc1/bin/bin/../../lib/gcc/pic32c/8.3.1/../../../../pic32c/lib/thumb/v7e-m+fp/hard\libg-musl.a(__int_vfprintf.o)
 .debug_ranges  0x000004e0       0xb0 c:/program files/microchip/xc32/v4.30-tc1/bin/bin/../../lib/gcc/pic32c/8.3.1/thumb/v7e-m+fp/hard\libgcc.a(_udivmoddi4.o)

.debug_line     0x00000000     0x47e0
 .debug_line    0x00000000      0x286 build/20232207_COM_Controller/debug/_ext/331146890/plib_clock.o
 .debug_line    0x00000286       0x76 build/20232207_COM_Controller/debug/_ext/333296376/plib_evsys.o
 .debug_line    0x000002fc      0x27a build/20232207_COM_Controller/debug/_ext/1374454042/plib_nvic.o
 .debug_line    0x00000576      0x5d6 build/20232207_COM_Controller/debug/_ext/1861644044/plib_nvmctrl.o
 .debug_line    0x00000b4c      0x2ad build/20232207_COM_Controller/debug/_ext/1374400891/plib_port.o
 .debug_line    0x00000df9      0x5f4 build/20232207_COM_Controller/debug/_ext/1869446501/plib_sercom2_usart.o
 .debug_line    0x000013ed      0x35b build/20232207_COM_Controller/debug/_ext/737068720/plib_tcc0.o
 .debug_line    0x00001748      0x276 build/20232207_COM_Controller/debug/_ext/1236672160/initialization.o
 .debug_line    0x000019be       0xcf build/20232207_COM_Controller/debug/_ext/1236672160/interrupts.o
 .debug_line    0x00001a8d       0xdc build/20232207_COM_Controller/debug/_ext/1236672160/exceptions.o
 .debug_line    0x00001b69      0x260 build/20232207_COM_Controller/debug/_ext/1236672160/startup_xc32.o
 .debug_line    0x00001dc9      0x404 build/20232207_COM_Controller/debug/_ext/1360937237/main.o
 .debug_line    0x000021cd       0xa7 c:/program files/microchip/xc32/v4.30-tc1/bin/bin/../../lib/gcc/pic32c/8.3.1/../../../../pic32c/lib/thumb/v7e-m+fp/hard\libpic32c.a(data_init_wrapper.o)
 .debug_line    0x00002274      0x101 c:/program files/microchip/xc32/v4.30-tc1/bin/bin/../../lib/gcc/pic32c/8.3.1/../../../../pic32c/lib/thumb/v7e-m+fp/hard\libpic32c.a(data_init_0_1.o)
 .debug_line    0x00002375      0x1d1 c:/program files/microchip/xc32/v4.30-tc1/bin/bin/../../lib/gcc/pic32c/8.3.1/../../../../pic32c/lib/thumb/v7e-m+fp/hard\libg-musl.a(__libc_start_main.o)
 .debug_line    0x00002546       0xba c:/program files/microchip/xc32/v4.30-tc1/bin/bin/../../lib/gcc/pic32c/8.3.1/../../../../pic32c/lib/thumb/v7e-m+fp/hard\libg-musl.a(libc.o)
 .debug_line    0x00002600      0x1a5 c:/program files/microchip/xc32/v4.30-tc1/bin/bin/../../lib/gcc/pic32c/8.3.1/../../../../pic32c/lib/thumb/v7e-m+fp/hard\libg-musl.a(__sio_sprintf_dn.o)
 .debug_line    0x000027a5      0x209 c:/program files/microchip/xc32/v4.30-tc1/bin/bin/../../lib/gcc/pic32c/8.3.1/../../../../pic32c/lib/thumb/v7e-m+fp/hard\libg-musl.a(__fmt_d.o)
 .debug_line    0x000029ae      0x20a c:/program files/microchip/xc32/v4.30-tc1/bin/bin/../../lib/gcc/pic32c/8.3.1/../../../../pic32c/lib/thumb/v7e-m+fp/hard\libg-musl.a(__pop_int.o)
 .debug_line    0x00002bb8      0x1ea c:/program files/microchip/xc32/v4.30-tc1/bin/bin/../../lib/gcc/pic32c/8.3.1/../../../../pic32c/lib/thumb/v7e-m+fp/hard\libg-musl.a(__pop_ptr.o)
 .debug_line    0x00002da2      0x6ab c:/program files/microchip/xc32/v4.30-tc1/bin/bin/../../lib/gcc/pic32c/8.3.1/../../../../pic32c/lib/thumb/v7e-m+fp/hard\libg-musl.a(__printf_core.o)
 .debug_line    0x0000344d      0x171 c:/program files/microchip/xc32/v4.30-tc1/bin/bin/../../lib/gcc/pic32c/8.3.1/../../../../pic32c/lib/thumb/v7e-m+fp/hard\libg-musl.a(atoi.o)
 .debug_line    0x000035be       0xf0 c:/program files/microchip/xc32/v4.30-tc1/bin/bin/../../lib/gcc/pic32c/8.3.1/../../../../pic32c/lib/thumb/v7e-m+fp/hard\libg-musl.a(memcpy.o)
 .debug_line    0x000036ae       0xe7 c:/program files/microchip/xc32/v4.30-tc1/bin/bin/../../lib/gcc/pic32c/8.3.1/../../../../pic32c/lib/thumb/v7e-m+fp/hard\libg-musl.a(memset.o)
 .debug_line    0x00003795       0xe3 c:/program files/microchip/xc32/v4.30-tc1/bin/bin/../../lib/gcc/pic32c/8.3.1/../../../../pic32c/lib/thumb/v7e-m+fp/hard\libg-musl.a(strlen.o)
 .debug_line    0x00003878      0x161 c:/program files/microchip/xc32/v4.30-tc1/bin/bin/../../lib/gcc/pic32c/8.3.1/../../../../pic32c/lib/thumb/v7e-m+fp/hard\libg-musl.a(tolower.o)
 .debug_line    0x000039d9      0x105 c:/program files/microchip/xc32/v4.30-tc1/bin/bin/../../lib/gcc/pic32c/8.3.1/../../../../pic32c/lib/thumb/v7e-m+fp/hard\libg-musl.a(__environ.o)
 .debug_line    0x00003ade       0x9f c:/program files/microchip/xc32/v4.30-tc1/bin/bin/../../lib/gcc/pic32c/8.3.1/../../../../pic32c/lib/thumb/v7e-m+fp/hard\libg-musl.a(__errno_location.o)
 .debug_line    0x00003b7d      0x157 c:/program files/microchip/xc32/v4.30-tc1/bin/bin/../../lib/gcc/pic32c/8.3.1/../../../../pic32c/lib/thumb/v7e-m+fp/hard\libg-musl.a(__int_vsprintf.o)
 .debug_line    0x00003cd4      0x1d5 c:/program files/microchip/xc32/v4.30-tc1/bin/bin/../../lib/gcc/pic32c/8.3.1/../../../../pic32c/lib/thumb/v7e-m+fp/hard\libg-musl.a(__cvt_u.o)
 .debug_line    0x00003ea9      0x16f c:/program files/microchip/xc32/v4.30-tc1/bin/bin/../../lib/gcc/pic32c/8.3.1/../../../../pic32c/lib/thumb/v7e-m+fp/hard\libg-musl.a(__pop_float.o)
 .debug_line    0x00004018      0x1c5 c:/program files/microchip/xc32/v4.30-tc1/bin/bin/../../lib/gcc/pic32c/8.3.1/../../../../pic32c/lib/thumb/v7e-m+fp/hard\libg-musl.a(__int_vsnprintf.o)
 .debug_line    0x000041dd      0x172 c:/program files/microchip/xc32/v4.30-tc1/bin/bin/../../lib/gcc/pic32c/8.3.1/../../../../pic32c/lib/thumb/v7e-m+fp/hard\libg-musl.a(__int_vfprintf.o)
 .debug_line    0x0000434f       0x96 c:/program files/microchip/xc32/v4.30-tc1/bin/bin/../../lib/gcc/pic32c/8.3.1/thumb/v7e-m+fp/hard\libgcc.a(_aeabi_uldivmod.o)
 .debug_line    0x000043e5      0x365 c:/program files/microchip/xc32/v4.30-tc1/bin/bin/../../lib/gcc/pic32c/8.3.1/thumb/v7e-m+fp/hard\libgcc.a(_udivmoddi4.o)
 .debug_line    0x0000474a       0x96 c:/program files/microchip/xc32/v4.30-tc1/bin/bin/../../lib/gcc/pic32c/8.3.1/thumb/v7e-m+fp/hard\libgcc.a(_dvmd_tls.o)

.debug_str      0x00000000      0x50c
 .debug_str     0x00000000       0x1e build/20232207_COM_Controller/debug/_ext/331146890/plib_clock.o
 .debug_str     0x0000001e        0x0 build/20232207_COM_Controller/debug/_ext/333296376/plib_evsys.o
 .debug_str     0x0000001e        0x0 build/20232207_COM_Controller/debug/_ext/1374454042/plib_nvic.o
 .debug_str     0x0000001e       0x20 build/20232207_COM_Controller/debug/_ext/1861644044/plib_nvmctrl.o
 .debug_str     0x0000003e        0xb build/20232207_COM_Controller/debug/_ext/1374400891/plib_port.o
 .debug_str     0x00000049      0x135 build/20232207_COM_Controller/debug/_ext/1869446501/plib_sercom2_usart.o
 .debug_str     0x0000017e        0x0 build/20232207_COM_Controller/debug/_ext/737068720/plib_tcc0.o
 .debug_str     0x0000017e       0x81 build/20232207_COM_Controller/debug/_ext/1236672160/initialization.o
 .debug_str     0x000001ff        0x0 build/20232207_COM_Controller/debug/_ext/1236672160/interrupts.o
 .debug_str     0x000001ff        0x0 build/20232207_COM_Controller/debug/_ext/1236672160/exceptions.o
 .debug_str     0x000001ff       0x2f build/20232207_COM_Controller/debug/_ext/1236672160/startup_xc32.o
 .debug_str     0x0000022e       0x8f build/20232207_COM_Controller/debug/_ext/1360937237/main.o
 .debug_str     0x000002bd        0x0 c:/program files/microchip/xc32/v4.30-tc1/bin/bin/../../lib/gcc/pic32c/8.3.1/../../../../pic32c/lib/thumb/v7e-m+fp/hard\libpic32c.a(data_init_wrapper.o)
 .debug_str     0x000002bd        0x0 c:/program files/microchip/xc32/v4.30-tc1/bin/bin/../../lib/gcc/pic32c/8.3.1/../../../../pic32c/lib/thumb/v7e-m+fp/hard\libpic32c.a(data_init_0_1.o)
 .debug_str     0x000002bd        0x0 c:/program files/microchip/xc32/v4.30-tc1/bin/bin/../../lib/gcc/pic32c/8.3.1/../../../../pic32c/lib/thumb/v7e-m+fp/hard\libg-musl.a(__libc_start_main.o)
 .debug_str     0x000002bd        0x0 c:/program files/microchip/xc32/v4.30-tc1/bin/bin/../../lib/gcc/pic32c/8.3.1/../../../../pic32c/lib/thumb/v7e-m+fp/hard\libg-musl.a(libc.o)
 .debug_str     0x000002bd       0x3c c:/program files/microchip/xc32/v4.30-tc1/bin/bin/../../lib/gcc/pic32c/8.3.1/../../../../pic32c/lib/thumb/v7e-m+fp/hard\libg-musl.a(__sio_sprintf_dn.o)
 .debug_str     0x000002f9        0x0 c:/program files/microchip/xc32/v4.30-tc1/bin/bin/../../lib/gcc/pic32c/8.3.1/../../../../pic32c/lib/thumb/v7e-m+fp/hard\libg-musl.a(__fmt_d.o)
 .debug_str     0x000002f9        0x0 c:/program files/microchip/xc32/v4.30-tc1/bin/bin/../../lib/gcc/pic32c/8.3.1/../../../../pic32c/lib/thumb/v7e-m+fp/hard\libg-musl.a(__pop_int.o)
 .debug_str     0x000002f9        0x0 c:/program files/microchip/xc32/v4.30-tc1/bin/bin/../../lib/gcc/pic32c/8.3.1/../../../../pic32c/lib/thumb/v7e-m+fp/hard\libg-musl.a(__pop_ptr.o)
 .debug_str     0x000002f9       0x20 c:/program files/microchip/xc32/v4.30-tc1/bin/bin/../../lib/gcc/pic32c/8.3.1/../../../../pic32c/lib/thumb/v7e-m+fp/hard\libg-musl.a(__printf_core.o)
 .debug_str     0x00000319        0x0 c:/program files/microchip/xc32/v4.30-tc1/bin/bin/../../lib/gcc/pic32c/8.3.1/../../../../pic32c/lib/thumb/v7e-m+fp/hard\libg-musl.a(atoi.o)
 .debug_str     0x00000319        0x0 c:/program files/microchip/xc32/v4.30-tc1/bin/bin/../../lib/gcc/pic32c/8.3.1/../../../../pic32c/lib/thumb/v7e-m+fp/hard\libg-musl.a(memcpy.o)
 .debug_str     0x00000319        0x0 c:/program files/microchip/xc32/v4.30-tc1/bin/bin/../../lib/gcc/pic32c/8.3.1/../../../../pic32c/lib/thumb/v7e-m+fp/hard\libg-musl.a(memset.o)
 .debug_str     0x00000319        0x0 c:/program files/microchip/xc32/v4.30-tc1/bin/bin/../../lib/gcc/pic32c/8.3.1/../../../../pic32c/lib/thumb/v7e-m+fp/hard\libg-musl.a(strlen.o)
 .debug_str     0x00000319        0x0 c:/program files/microchip/xc32/v4.30-tc1/bin/bin/../../lib/gcc/pic32c/8.3.1/../../../../pic32c/lib/thumb/v7e-m+fp/hard\libg-musl.a(tolower.o)
 .debug_str     0x00000319        0x0 c:/program files/microchip/xc32/v4.30-tc1/bin/bin/../../lib/gcc/pic32c/8.3.1/../../../../pic32c/lib/thumb/v7e-m+fp/hard\libg-musl.a(__environ.o)
 .debug_str     0x00000319        0x0 c:/program files/microchip/xc32/v4.30-tc1/bin/bin/../../lib/gcc/pic32c/8.3.1/../../../../pic32c/lib/thumb/v7e-m+fp/hard\libg-musl.a(__errno_location.o)
 .debug_str     0x00000319        0xc c:/program files/microchip/xc32/v4.30-tc1/bin/bin/../../lib/gcc/pic32c/8.3.1/../../../../pic32c/lib/thumb/v7e-m+fp/hard\libg-musl.a(__int_vsprintf.o)
 .debug_str     0x00000325        0x0 c:/program files/microchip/xc32/v4.30-tc1/bin/bin/../../lib/gcc/pic32c/8.3.1/../../../../pic32c/lib/thumb/v7e-m+fp/hard\libg-musl.a(__cvt_u.o)
 .debug_str     0x00000325        0x0 c:/program files/microchip/xc32/v4.30-tc1/bin/bin/../../lib/gcc/pic32c/8.3.1/../../../../pic32c/lib/thumb/v7e-m+fp/hard\libg-musl.a(__pop_float.o)
 .debug_str     0x00000325        0xb c:/program files/microchip/xc32/v4.30-tc1/bin/bin/../../lib/gcc/pic32c/8.3.1/../../../../pic32c/lib/thumb/v7e-m+fp/hard\libg-musl.a(__int_vsnprintf.o)
 .debug_str     0x00000330        0xe c:/program files/microchip/xc32/v4.30-tc1/bin/bin/../../lib/gcc/pic32c/8.3.1/../../../../pic32c/lib/thumb/v7e-m+fp/hard\libg-musl.a(__int_vfprintf.o)
 .debug_str     0x0000033e       0xe5 c:/program files/microchip/xc32/v4.30-tc1/bin/bin/../../lib/gcc/pic32c/8.3.1/thumb/v7e-m+fp/hard\libgcc.a(_aeabi_uldivmod.o)
 .debug_str     0x00000423        0x0 c:/program files/microchip/xc32/v4.30-tc1/bin/bin/../../lib/gcc/pic32c/8.3.1/thumb/v7e-m+fp/hard\libgcc.a(_udivmoddi4.o)
 .debug_str     0x00000423       0xe9 c:/program files/microchip/xc32/v4.30-tc1/bin/bin/../../lib/gcc/pic32c/8.3.1/thumb/v7e-m+fp/hard\libgcc.a(_dvmd_tls.o)

.debug_frame    0x00000000      0xb18
 .debug_frame   0x00000000       0x20 build/20232207_COM_Controller/debug/_ext/331146890/plib_clock.o
 .debug_frame   0x00000020       0x20 build/20232207_COM_Controller/debug/_ext/333296376/plib_evsys.o
 .debug_frame   0x00000040       0x50 build/20232207_COM_Controller/debug/_ext/1374454042/plib_nvic.o
 .debug_frame   0x00000090      0x1dc build/20232207_COM_Controller/debug/_ext/1861644044/plib_nvmctrl.o
 .debug_frame   0x0000026c       0xcc build/20232207_COM_Controller/debug/_ext/1374400891/plib_port.o
 .debug_frame   0x00000338      0x15c build/20232207_COM_Controller/debug/_ext/1869446501/plib_sercom2_usart.o
 .debug_frame   0x00000494       0xd0 build/20232207_COM_Controller/debug/_ext/737068720/plib_tcc0.o
 .debug_frame   0x00000564       0x28 build/20232207_COM_Controller/debug/_ext/1236672160/initialization.o
 .debug_frame   0x0000058c       0x20 build/20232207_COM_Controller/debug/_ext/1236672160/interrupts.o
 .debug_frame   0x000005ac       0x70 build/20232207_COM_Controller/debug/_ext/1236672160/exceptions.o
 .debug_frame   0x0000061c       0x38 build/20232207_COM_Controller/debug/_ext/1236672160/startup_xc32.o
 .debug_frame   0x00000654       0x84 build/20232207_COM_Controller/debug/_ext/1360937237/main.o
 .debug_frame   0x000006d8       0x20 c:/program files/microchip/xc32/v4.30-tc1/bin/bin/../../lib/gcc/pic32c/8.3.1/../../../../pic32c/lib/thumb/v7e-m+fp/hard\libpic32c.a(data_init_wrapper.o)
 .debug_frame   0x000006f8       0x2c c:/program files/microchip/xc32/v4.30-tc1/bin/bin/../../lib/gcc/pic32c/8.3.1/../../../../pic32c/lib/thumb/v7e-m+fp/hard\libpic32c.a(data_init_0_1.o)
 .debug_frame   0x00000724       0x3c c:/program files/microchip/xc32/v4.30-tc1/bin/bin/../../lib/gcc/pic32c/8.3.1/../../../../pic32c/lib/thumb/v7e-m+fp/hard\libg-musl.a(__libc_start_main.o)
 .debug_frame   0x00000760       0x58 c:/program files/microchip/xc32/v4.30-tc1/bin/bin/../../lib/gcc/pic32c/8.3.1/../../../../pic32c/lib/thumb/v7e-m+fp/hard\libg-musl.a(__sio_sprintf_dn.o)
 .debug_frame   0x000007b8       0x3c c:/program files/microchip/xc32/v4.30-tc1/bin/bin/../../lib/gcc/pic32c/8.3.1/../../../../pic32c/lib/thumb/v7e-m+fp/hard\libg-musl.a(__fmt_d.o)
 .debug_frame   0x000007f4       0x28 c:/program files/microchip/xc32/v4.30-tc1/bin/bin/../../lib/gcc/pic32c/8.3.1/../../../../pic32c/lib/thumb/v7e-m+fp/hard\libg-musl.a(__pop_int.o)
 .debug_frame   0x0000081c       0x28 c:/program files/microchip/xc32/v4.30-tc1/bin/bin/../../lib/gcc/pic32c/8.3.1/../../../../pic32c/lib/thumb/v7e-m+fp/hard\libg-musl.a(__pop_ptr.o)
 .debug_frame   0x00000844       0xd8 c:/program files/microchip/xc32/v4.30-tc1/bin/bin/../../lib/gcc/pic32c/8.3.1/../../../../pic32c/lib/thumb/v7e-m+fp/hard\libg-musl.a(__printf_core.o)
 .debug_frame   0x0000091c       0x28 c:/program files/microchip/xc32/v4.30-tc1/bin/bin/../../lib/gcc/pic32c/8.3.1/../../../../pic32c/lib/thumb/v7e-m+fp/hard\libg-musl.a(atoi.o)
 .debug_frame   0x00000944       0x28 c:/program files/microchip/xc32/v4.30-tc1/bin/bin/../../lib/gcc/pic32c/8.3.1/../../../../pic32c/lib/thumb/v7e-m+fp/hard\libg-musl.a(memcpy.o)
 .debug_frame   0x0000096c       0x20 c:/program files/microchip/xc32/v4.30-tc1/bin/bin/../../lib/gcc/pic32c/8.3.1/../../../../pic32c/lib/thumb/v7e-m+fp/hard\libg-musl.a(memset.o)
 .debug_frame   0x0000098c       0x20 c:/program files/microchip/xc32/v4.30-tc1/bin/bin/../../lib/gcc/pic32c/8.3.1/../../../../pic32c/lib/thumb/v7e-m+fp/hard\libg-musl.a(strlen.o)
 .debug_frame   0x000009ac       0x30 c:/program files/microchip/xc32/v4.30-tc1/bin/bin/../../lib/gcc/pic32c/8.3.1/../../../../pic32c/lib/thumb/v7e-m+fp/hard\libg-musl.a(tolower.o)
 .debug_frame   0x000009dc       0x20 c:/program files/microchip/xc32/v4.30-tc1/bin/bin/../../lib/gcc/pic32c/8.3.1/../../../../pic32c/lib/thumb/v7e-m+fp/hard\libg-musl.a(__int_vsprintf.o)
 .debug_frame   0x000009fc       0x38 c:/program files/microchip/xc32/v4.30-tc1/bin/bin/../../lib/gcc/pic32c/8.3.1/../../../../pic32c/lib/thumb/v7e-m+fp/hard\libg-musl.a(__cvt_u.o)
 .debug_frame   0x00000a34       0x20 c:/program files/microchip/xc32/v4.30-tc1/bin/bin/../../lib/gcc/pic32c/8.3.1/../../../../pic32c/lib/thumb/v7e-m+fp/hard\libg-musl.a(__pop_float.o)
 .debug_frame   0x00000a54       0x34 c:/program files/microchip/xc32/v4.30-tc1/bin/bin/../../lib/gcc/pic32c/8.3.1/../../../../pic32c/lib/thumb/v7e-m+fp/hard\libg-musl.a(__int_vsnprintf.o)
 .debug_frame   0x00000a88       0x2c c:/program files/microchip/xc32/v4.30-tc1/bin/bin/../../lib/gcc/pic32c/8.3.1/../../../../pic32c/lib/thumb/v7e-m+fp/hard\libg-musl.a(__int_vfprintf.o)
 .debug_frame   0x00000ab4       0x2c c:/program files/microchip/xc32/v4.30-tc1/bin/bin/../../lib/gcc/pic32c/8.3.1/thumb/v7e-m+fp/hard\libgcc.a(_aeabi_uldivmod.o)
 .debug_frame   0x00000ae0       0x38 c:/program files/microchip/xc32/v4.30-tc1/bin/bin/../../lib/gcc/pic32c/8.3.1/thumb/v7e-m+fp/hard\libgcc.a(_udivmoddi4.o)

.debug_loc      0x00000000     0x39e0
 .debug_loc     0x00000000       0x73 build/20232207_COM_Controller/debug/_ext/1374454042/plib_nvic.o
 .debug_loc     0x00000073      0x868 build/20232207_COM_Controller/debug/_ext/1861644044/plib_nvmctrl.o
 .debug_loc     0x000008db      0x1bc build/20232207_COM_Controller/debug/_ext/1374400891/plib_port.o
 .debug_loc     0x00000a97      0x861 build/20232207_COM_Controller/debug/_ext/1869446501/plib_sercom2_usart.o
 .debug_loc     0x000012f8      0x161 build/20232207_COM_Controller/debug/_ext/737068720/plib_tcc0.o
 .debug_loc     0x00001459       0x45 build/20232207_COM_Controller/debug/_ext/1236672160/initialization.o
 .debug_loc     0x0000149e       0x4a build/20232207_COM_Controller/debug/_ext/1236672160/startup_xc32.o
 .debug_loc     0x000014e8      0x1e9 build/20232207_COM_Controller/debug/_ext/1360937237/main.o
 .debug_loc     0x000016d1       0x14 c:/program files/microchip/xc32/v4.30-tc1/bin/bin/../../lib/gcc/pic32c/8.3.1/../../../../pic32c/lib/thumb/v7e-m+fp/hard\libpic32c.a(data_init_0_1.o)
 .debug_loc     0x000016e5       0x51 c:/program files/microchip/xc32/v4.30-tc1/bin/bin/../../lib/gcc/pic32c/8.3.1/../../../../pic32c/lib/thumb/v7e-m+fp/hard\libg-musl.a(__libc_start_main.o)
 .debug_loc     0x00001736       0xb6 c:/program files/microchip/xc32/v4.30-tc1/bin/bin/../../lib/gcc/pic32c/8.3.1/../../../../pic32c/lib/thumb/v7e-m+fp/hard\libg-musl.a(__sio_sprintf_dn.o)
 .debug_loc     0x000017ec      0x1ef c:/program files/microchip/xc32/v4.30-tc1/bin/bin/../../lib/gcc/pic32c/8.3.1/../../../../pic32c/lib/thumb/v7e-m+fp/hard\libg-musl.a(__fmt_d.o)
 .debug_loc     0x000019db      0x2f5 c:/program files/microchip/xc32/v4.30-tc1/bin/bin/../../lib/gcc/pic32c/8.3.1/../../../../pic32c/lib/thumb/v7e-m+fp/hard\libg-musl.a(__pop_int.o)
 .debug_loc     0x00001cd0      0x1db c:/program files/microchip/xc32/v4.30-tc1/bin/bin/../../lib/gcc/pic32c/8.3.1/../../../../pic32c/lib/thumb/v7e-m+fp/hard\libg-musl.a(__pop_ptr.o)
 .debug_loc     0x00001eab      0x5e9 c:/program files/microchip/xc32/v4.30-tc1/bin/bin/../../lib/gcc/pic32c/8.3.1/../../../../pic32c/lib/thumb/v7e-m+fp/hard\libg-musl.a(__printf_core.o)
 .debug_loc     0x00002494       0xd8 c:/program files/microchip/xc32/v4.30-tc1/bin/bin/../../lib/gcc/pic32c/8.3.1/../../../../pic32c/lib/thumb/v7e-m+fp/hard\libg-musl.a(atoi.o)
 .debug_loc     0x0000256c       0xe5 c:/program files/microchip/xc32/v4.30-tc1/bin/bin/../../lib/gcc/pic32c/8.3.1/../../../../pic32c/lib/thumb/v7e-m+fp/hard\libg-musl.a(memcpy.o)
 .debug_loc     0x00002651       0x56 c:/program files/microchip/xc32/v4.30-tc1/bin/bin/../../lib/gcc/pic32c/8.3.1/../../../../pic32c/lib/thumb/v7e-m+fp/hard\libg-musl.a(memset.o)
 .debug_loc     0x000026a7       0x47 c:/program files/microchip/xc32/v4.30-tc1/bin/bin/../../lib/gcc/pic32c/8.3.1/../../../../pic32c/lib/thumb/v7e-m+fp/hard\libg-musl.a(strlen.o)
 .debug_loc     0x000026ee       0x4a c:/program files/microchip/xc32/v4.30-tc1/bin/bin/../../lib/gcc/pic32c/8.3.1/../../../../pic32c/lib/thumb/v7e-m+fp/hard\libg-musl.a(tolower.o)
 .debug_loc     0x00002738       0x6c c:/program files/microchip/xc32/v4.30-tc1/bin/bin/../../lib/gcc/pic32c/8.3.1/../../../../pic32c/lib/thumb/v7e-m+fp/hard\libg-musl.a(__int_vsprintf.o)
 .debug_loc     0x000027a4      0x198 c:/program files/microchip/xc32/v4.30-tc1/bin/bin/../../lib/gcc/pic32c/8.3.1/../../../../pic32c/lib/thumb/v7e-m+fp/hard\libg-musl.a(__cvt_u.o)
 .debug_loc     0x0000293c       0xa6 c:/program files/microchip/xc32/v4.30-tc1/bin/bin/../../lib/gcc/pic32c/8.3.1/../../../../pic32c/lib/thumb/v7e-m+fp/hard\libg-musl.a(__pop_float.o)
 .debug_loc     0x000029e2       0xfd c:/program files/microchip/xc32/v4.30-tc1/bin/bin/../../lib/gcc/pic32c/8.3.1/../../../../pic32c/lib/thumb/v7e-m+fp/hard\libg-musl.a(__int_vsnprintf.o)
 .debug_loc     0x00002adf       0x88 c:/program files/microchip/xc32/v4.30-tc1/bin/bin/../../lib/gcc/pic32c/8.3.1/../../../../pic32c/lib/thumb/v7e-m+fp/hard\libg-musl.a(__int_vfprintf.o)
 .debug_loc     0x00002b67      0xe79 c:/program files/microchip/xc32/v4.30-tc1/bin/bin/../../lib/gcc/pic32c/8.3.1/thumb/v7e-m+fp/hard\libgcc.a(_udivmoddi4.o)

.note.GNU-stack
                0x00000000        0x0
 .note.GNU-stack
                0x00000000        0x0 c:/program files/microchip/xc32/v4.30-tc1/bin/bin/../../lib/gcc/pic32c/8.3.1/../../../../pic32c/lib/thumb/v7e-m+fp/hard\libg-musl.a(__libc_start_main.o)
 .note.GNU-stack
                0x00000000        0x0 c:/program files/microchip/xc32/v4.30-tc1/bin/bin/../../lib/gcc/pic32c/8.3.1/../../../../pic32c/lib/thumb/v7e-m+fp/hard\libg-musl.a(libc.o)
 .note.GNU-stack
                0x00000000        0x0 c:/program files/microchip/xc32/v4.30-tc1/bin/bin/../../lib/gcc/pic32c/8.3.1/../../../../pic32c/lib/thumb/v7e-m+fp/hard\libg-musl.a(__sio_sprintf_dn.o)
 .note.GNU-stack
                0x00000000        0x0 c:/program files/microchip/xc32/v4.30-tc1/bin/bin/../../lib/gcc/pic32c/8.3.1/../../../../pic32c/lib/thumb/v7e-m+fp/hard\libg-musl.a(__fmt_d.o)
 .note.GNU-stack
                0x00000000        0x0 c:/program files/microchip/xc32/v4.30-tc1/bin/bin/../../lib/gcc/pic32c/8.3.1/../../../../pic32c/lib/thumb/v7e-m+fp/hard\libg-musl.a(__pop_int.o)
 .note.GNU-stack
                0x00000000        0x0 c:/program files/microchip/xc32/v4.30-tc1/bin/bin/../../lib/gcc/pic32c/8.3.1/../../../../pic32c/lib/thumb/v7e-m+fp/hard\libg-musl.a(__pop_ptr.o)
 .note.GNU-stack
                0x00000000        0x0 c:/program files/microchip/xc32/v4.30-tc1/bin/bin/../../lib/gcc/pic32c/8.3.1/../../../../pic32c/lib/thumb/v7e-m+fp/hard\libg-musl.a(__printf_core.o)
 .note.GNU-stack
                0x00000000        0x0 c:/program files/microchip/xc32/v4.30-tc1/bin/bin/../../lib/gcc/pic32c/8.3.1/../../../../pic32c/lib/thumb/v7e-m+fp/hard\libg-musl.a(atoi.o)
 .note.GNU-stack
                0x00000000        0x0 c:/program files/microchip/xc32/v4.30-tc1/bin/bin/../../lib/gcc/pic32c/8.3.1/../../../../pic32c/lib/thumb/v7e-m+fp/hard\libg-musl.a(memcpy.o)
 .note.GNU-stack
                0x00000000        0x0 c:/program files/microchip/xc32/v4.30-tc1/bin/bin/../../lib/gcc/pic32c/8.3.1/../../../../pic32c/lib/thumb/v7e-m+fp/hard\libg-musl.a(memset.o)
 .note.GNU-stack
                0x00000000        0x0 c:/program files/microchip/xc32/v4.30-tc1/bin/bin/../../lib/gcc/pic32c/8.3.1/../../../../pic32c/lib/thumb/v7e-m+fp/hard\libg-musl.a(strlen.o)
 .note.GNU-stack
                0x00000000        0x0 c:/program files/microchip/xc32/v4.30-tc1/bin/bin/../../lib/gcc/pic32c/8.3.1/../../../../pic32c/lib/thumb/v7e-m+fp/hard\libg-musl.a(tolower.o)
 .note.GNU-stack
                0x00000000        0x0 c:/program files/microchip/xc32/v4.30-tc1/bin/bin/../../lib/gcc/pic32c/8.3.1/../../../../pic32c/lib/thumb/v7e-m+fp/hard\libg-musl.a(__environ.o)
 .note.GNU-stack
                0x00000000        0x0 c:/program files/microchip/xc32/v4.30-tc1/bin/bin/../../lib/gcc/pic32c/8.3.1/../../../../pic32c/lib/thumb/v7e-m+fp/hard\libg-musl.a(__errno_location.o)
 .note.GNU-stack
                0x00000000        0x0 c:/program files/microchip/xc32/v4.30-tc1/bin/bin/../../lib/gcc/pic32c/8.3.1/../../../../pic32c/lib/thumb/v7e-m+fp/hard\libg-musl.a(__int_vsprintf.o)
 .note.GNU-stack
                0x00000000        0x0 c:/program files/microchip/xc32/v4.30-tc1/bin/bin/../../lib/gcc/pic32c/8.3.1/../../../../pic32c/lib/thumb/v7e-m+fp/hard\libg-musl.a(__cvt_u.o)
 .note.GNU-stack
                0x00000000        0x0 c:/program files/microchip/xc32/v4.30-tc1/bin/bin/../../lib/gcc/pic32c/8.3.1/../../../../pic32c/lib/thumb/v7e-m+fp/hard\libg-musl.a(__pop_float.o)
 .note.GNU-stack
                0x00000000        0x0 c:/program files/microchip/xc32/v4.30-tc1/bin/bin/../../lib/gcc/pic32c/8.3.1/../../../../pic32c/lib/thumb/v7e-m+fp/hard\libg-musl.a(__int_vsnprintf.o)
 .note.GNU-stack
                0x00000000        0x0 c:/program files/microchip/xc32/v4.30-tc1/bin/bin/../../lib/gcc/pic32c/8.3.1/../../../../pic32c/lib/thumb/v7e-m+fp/hard\libg-musl.a(__int_vfprintf.o)

.stack          0x20000358      0x100
 .stack         0x20000358      0x100 stack

.bss%1          0x20000000       0x6c
 .bss           0x20000000       0x50 c:/program files/microchip/xc32/v4.30-tc1/bin/bin/../../lib/gcc/pic32c/8.3.1/../../../../pic32c/lib/thumb/v7e-m+fp/hard\libg-musl.a(libc.o)
                0x20000000                __progname_full
                0x20000000                program_invocation_name
                0x20000004                program_invocation_short_name
                0x20000004                __progname
                0x20000008                __sysinfo
                0x2000000c                __hwcap
                0x20000010                __libc
 .bss           0x20000050       0x1c c:/program files/microchip/xc32/v4.30-tc1/bin/bin/../../lib/gcc/pic32c/8.3.1/thumb/v7e-m+fp/hard/crtbegin.o

.bss.clear%3    0x2000006c       0x18
 .bss.clear     0x2000006c       0x18 build/20232207_COM_Controller/debug/_ext/1360937237/main.o
                0x2000006c                clear

.bss.channel_array%4
                0x20000084        0xa
 .bss.channel_array
                0x20000084        0xa build/20232207_COM_Controller/debug/_ext/1360937237/main.o
                0x20000084                channel_array

.bss.array_index%5
                0x20000090        0x4
 .bss.array_index
                0x20000090        0x4 build/20232207_COM_Controller/debug/_ext/1360937237/main.o
                0x20000090                array_index

.bss.channel_num%6
                0x20000094        0x4
 .bss.channel_num
                0x20000094        0x4 build/20232207_COM_Controller/debug/_ext/1360937237/main.o
                0x20000094                channel_num

.bss.duty%7     0x20000098        0x4
 .bss.duty      0x20000098        0x4 build/20232207_COM_Controller/debug/_ext/1360937237/main.o
                0x20000098                duty

.bss.duty_default%8
                0x2000009c        0x4
 .bss.duty_default
                0x2000009c        0x4 build/20232207_COM_Controller/debug/_ext/1360937237/main.o
                0x2000009c                duty_default

.bss.linked%9   0x200000a0        0x4
 .bss.linked    0x200000a0        0x4 build/20232207_COM_Controller/debug/_ext/1360937237/main.o
                0x200000a0                linked

.bss%10         0x200000a4        0xc
 .bss           0x200000a4        0x4 c:/program files/microchip/xc32/v4.30-tc1/bin/bin/../../lib/gcc/pic32c/8.3.1/../../../../pic32c/lib/thumb/v7e-m+fp/hard\libpic32c.a(data_init_0_1.o)
 .bss           0x200000a8        0x4 c:/program files/microchip/xc32/v4.30-tc1/bin/bin/../../lib/gcc/pic32c/8.3.1/../../../../pic32c/lib/thumb/v7e-m+fp/hard\libg-musl.a(__environ.o)
                0x200000a8                __environ
                0x200000a8                environ
                0x200000a8                ___environ
                0x200000a8                _environ
 .bss           0x200000ac        0x4 c:/program files/microchip/xc32/v4.30-tc1/bin/bin/../../lib/gcc/pic32c/8.3.1/../../../../pic32c/lib/thumb/v7e-m+fp/hard\libg-musl.a(__errno_location.o)
                0x200000ac                __errno_val

.bss.current_chan%13
                0x2000008e        0x1
 .bss.current_chan
                0x2000008e        0x1 build/20232207_COM_Controller/debug/_ext/1360937237/main.o
                0x2000008e                current_chan

.bss.data%14    0x2000008f        0x1
 .bss.data      0x2000008f        0x1 build/20232207_COM_Controller/debug/_ext/1360937237/main.o

.data.messageStart%15
                0x200000b0       0x2b
 .data.messageStart
                0x200000b0       0x2b build/20232207_COM_Controller/debug/_ext/1360937237/main.o
                0x200000b0                messageStart

.data.errorMessage%16
                0x200000dc       0x27
 .data.errorMessage
                0x200000dc       0x27 build/20232207_COM_Controller/debug/_ext/1360937237/main.o
                0x200000dc                errorMessage

.data.duty_mess%17
                0x20000104        0xb
 .data.duty_mess
                0x20000104        0xb build/20232207_COM_Controller/debug/_ext/1360937237/main.o
                0x20000104                duty_mess

.data.mess%18   0x20000110        0xa
 .data.mess     0x20000110        0xa build/20232207_COM_Controller/debug/_ext/1360937237/main.o
                0x20000110                mess

.data.duty_0%19
                0x2000011c        0x4
 .data.duty_0   0x2000011c        0x4 build/20232207_COM_Controller/debug/_ext/1360937237/main.o
                0x2000011c                duty_0

.data.duty_1%20
                0x20000120        0x4
 .data.duty_1   0x20000120        0x4 build/20232207_COM_Controller/debug/_ext/1360937237/main.o
                0x20000120                duty_1

.data.duty_4%21
                0x20000124        0x4
 .data.duty_4   0x20000124        0x4 build/20232207_COM_Controller/debug/_ext/1360937237/main.o
                0x20000124                duty_4

.data.lower_bound%22
                0x20000128        0x4
 .data.lower_bound
                0x20000128        0x4 build/20232207_COM_Controller/debug/_ext/1360937237/main.o
                0x20000128                lower_bound

.data.upper_bound%23
                0x2000012c        0x4
 .data.upper_bound
                0x2000012c        0x4 build/20232207_COM_Controller/debug/_ext/1360937237/main.o
                0x2000012c                upper_bound

.data.tab%24    0x20000130        0x2
 .data.tab      0x20000130        0x2 build/20232207_COM_Controller/debug/_ext/1360937237/main.o
                0x20000130                tab

.data.ret%25    0x20000134        0x2
 .data.ret      0x20000134        0x2 build/20232207_COM_Controller/debug/_ext/1360937237/main.o
                0x20000134                ret

.data.newline%26
                0x20000138        0x3
 .data.newline  0x20000138        0x3 build/20232207_COM_Controller/debug/_ext/1360937237/main.o
                0x20000138                newline

.data.chan%27   0x2000013c        0x1
 .data.chan     0x2000013c        0x1 build/20232207_COM_Controller/debug/_ext/1360937237/main.o
                0x2000013c                chan

.eh_frame%z1    0x00000000        0x0
 .eh_frame      0x00000000        0x0 c:/program files/microchip/xc32/v4.30-tc1/bin/bin/../../lib/gcc/pic32c/8.3.1/thumb/v7e-m+fp/hard/crtbegin.o

.config_00804000.__config_00804000%28
                0x00804000        0x4
 .config_00804000.__config_00804000
                0x00804000        0x4 build/20232207_COM_Controller/debug/_ext/1236672160/initialization.o
                0x00804000                __config_00804000

.config_00804004.__config_00804004%29
                0x00804004        0x4
 .config_00804004.__config_00804004
                0x00804004        0x4 build/20232207_COM_Controller/debug/_ext/1236672160/initialization.o
                0x00804004                __config_00804004

.config_00804008.__config_00804008%30
                0x00804008        0x4
 .config_00804008.__config_00804008
                0x00804008        0x4 build/20232207_COM_Controller/debug/_ext/1236672160/initialization.o
                0x00804008                __config_00804008

.text.__printf_core%31
                0x0000028c      0x308
 .text.__printf_core
                0x0000028c      0x308 c:/program files/microchip/xc32/v4.30-tc1/bin/bin/../../lib/gcc/pic32c/8.3.1/../../../../pic32c/lib/thumb/v7e-m+fp/hard\libg-musl.a(__printf_core.o)
                0x0000028c                __printf_core

.text%32        0x00000594      0x2bc
 .text          0x00000594      0x2bc c:/program files/microchip/xc32/v4.30-tc1/bin/bin/../../lib/gcc/pic32c/8.3.1/thumb/v7e-m+fp/hard\libgcc.a(_udivmoddi4.o)
                0x00000594                __udivmoddi4

.dinit%33       0x00000850      0x1e0
 .dinit         0x00000850      0x1e0 data_init

.text.coms_handler%34
                0x00000a30       0xfc
 .text.coms_handler
                0x00000a30       0xfc build/20232207_COM_Controller/debug/_ext/1360937237/main.o
                0x00000a30                coms_handler

.text.main%35   0x00000b2c       0xf4
 .text.main     0x00000b2c       0xf4 build/20232207_COM_Controller/debug/_ext/1360937237/main.o
                0x00000b2c                main

.text.CLOCK_Initialize%36
                0x00000c20       0xec
 .text.CLOCK_Initialize
                0x00000c20       0xec build/20232207_COM_Controller/debug/_ext/331146890/plib_clock.o
                0x00000c20                CLOCK_Initialize

.text.__pop_int%37
                0x00000d0c       0xac
 .text.__pop_int
                0x00000d0c       0xac c:/program files/microchip/xc32/v4.30-tc1/bin/bin/../../lib/gcc/pic32c/8.3.1/../../../../pic32c/lib/thumb/v7e-m+fp/hard\libg-musl.a(__pop_int.o)
                0x00000d0c                __pop_int_needed
                0x00000d0c                __pop_int

.text.__fmt_d%38
                0x00000db8       0xa8
 .text.__fmt_d  0x00000db8       0xa8 c:/program files/microchip/xc32/v4.30-tc1/bin/bin/../../lib/gcc/pic32c/8.3.1/../../../../pic32c/lib/thumb/v7e-m+fp/hard\libg-musl.a(__fmt_d.o)
                0x00000db8                __fmt_d
                0x00000db8                __fmt_d_needed

.text.Reset_Handler%39
                0x00000e60       0x8c
 .text.Reset_Handler
                0x00000e60       0x8c build/20232207_COM_Controller/debug/_ext/1236672160/startup_xc32.o
                0x00000e60                Reset_Handler

.text.telemetry%40
                0x00000eec       0x80
 .text.telemetry
                0x00000eec       0x80 build/20232207_COM_Controller/debug/_ext/1360937237/main.o
                0x00000eec                telemetry

.text.__pad%41  0x00000f6c       0x80
 .text.__pad    0x00000f6c       0x80 c:/program files/microchip/xc32/v4.30-tc1/bin/bin/../../lib/gcc/pic32c/8.3.1/../../../../pic32c/lib/thumb/v7e-m+fp/hard\libg-musl.a(__printf_core.o)
                0x00000f6c                __pad

.text.__pop_ptr%42
                0x00000fec       0x7c
 .text.__pop_ptr
                0x00000fec       0x7c c:/program files/microchip/xc32/v4.30-tc1/bin/bin/../../lib/gcc/pic32c/8.3.1/../../../../pic32c/lib/thumb/v7e-m+fp/hard\libg-musl.a(__pop_ptr.o)
                0x00000fec                __pop_ptr
                0x00000fec                __pop_ptr_needed

.text.__cvt_u%43
                0x00001068       0x78
 .text.__cvt_u  0x00001068       0x78 c:/program files/microchip/xc32/v4.30-tc1/bin/bin/../../lib/gcc/pic32c/8.3.1/../../../../pic32c/lib/thumb/v7e-m+fp/hard\libg-musl.a(__cvt_u.o)
                0x00001068                __cvt_u

.text.__pic32c_data_initialization_impl%44
                0x000010e0       0x68
 .text.__pic32c_data_initialization_impl
                0x000010e0       0x68 c:/program files/microchip/xc32/v4.30-tc1/bin/bin/../../lib/gcc/pic32c/8.3.1/../../../../pic32c/lib/thumb/v7e-m+fp/hard\libpic32c.a(data_init_0_1.o)
                0x000010e0                __copy_needed
                0x000010e0                __pic32c_data_initialization_impl

.text.__libc_start_init%45
                0x00001148       0x5c
 .text.__libc_start_init
                0x00001148       0x5c c:/program files/microchip/xc32/v4.30-tc1/bin/bin/../../lib/gcc/pic32c/8.3.1/../../../../pic32c/lib/thumb/v7e-m+fp/hard\libg-musl.a(__libc_start_main.o)
                0x00001148                __libc_init_array

.text.TCC0_PWMInitialize%46
                0x000011a4       0x54
 .text.TCC0_PWMInitialize
                0x000011a4       0x54 build/20232207_COM_Controller/debug/_ext/737068720/plib_tcc0.o
                0x000011a4                TCC0_PWMInitialize

.text.SERCOM2_USART_Read%47
                0x000011f8       0x50
 .text.SERCOM2_USART_Read
                0x000011f8       0x50 build/20232207_COM_Controller/debug/_ext/1869446501/plib_sercom2_usart.o
                0x000011f8                SERCOM2_USART_Read

.text.__vsnprintf%48
                0x00001248       0x50
 .text.__vsnprintf
                0x00001248       0x50 c:/program files/microchip/xc32/v4.30-tc1/bin/bin/../../lib/gcc/pic32c/8.3.1/../../../../pic32c/lib/thumb/v7e-m+fp/hard\libg-musl.a(__int_vsnprintf.o)
                0x00001248                __vsnprintf

.text.atoi%49   0x00001298       0x46
 .text.atoi     0x00001298       0x46 c:/program files/microchip/xc32/v4.30-tc1/bin/bin/../../lib/gcc/pic32c/8.3.1/../../../../pic32c/lib/thumb/v7e-m+fp/hard\libg-musl.a(atoi.o)
                0x00001298                atoi

.text.SERCOM2_USART_Write%50
                0x000012e0       0x44
 .text.SERCOM2_USART_Write
                0x000012e0       0x44 build/20232207_COM_Controller/debug/_ext/1869446501/plib_sercom2_usart.o
                0x000012e0                SERCOM2_USART_Write

.text.link%51   0x00001324       0x44
 .text.link     0x00001324       0x44 build/20232207_COM_Controller/debug/_ext/1360937237/main.o
                0x00001324                link

.text%52        0x00001368       0x40
 .text          0x00001368       0x40 c:/program files/microchip/xc32/v4.30-tc1/bin/bin/../../lib/gcc/pic32c/8.3.1/thumb/v7e-m+fp/hard/crtbegin.o

.text.NVIC_Initialize%53
                0x000013a8       0x3c
 .text.NVIC_Initialize
                0x000013a8       0x3c build/20232207_COM_Controller/debug/_ext/1374454042/plib_nvic.o
                0x000013a8                NVIC_Initialize

.text.__fmt_state%54
                0x000013e4       0x38
 .text.__fmt_state
                0x000013e4       0x38 c:/program files/microchip/xc32/v4.30-tc1/bin/bin/../../lib/gcc/pic32c/8.3.1/../../../../pic32c/lib/thumb/v7e-m+fp/hard\libg-musl.a(__printf_core.o)
                0x000013e4                __fmt_state

.text.SERCOM2_USART_Initialize%55
                0x0000141c       0x34
 .text.SERCOM2_USART_Initialize
                0x0000141c       0x34 build/20232207_COM_Controller/debug/_ext/1869446501/plib_sercom2_usart.o
                0x0000141c                SERCOM2_USART_Initialize

.text.SERCOM2_USART_ErrorClear%56
                0x00001450       0x30
 .text.SERCOM2_USART_ErrorClear
                0x00001450       0x30 build/20232207_COM_Controller/debug/_ext/1869446501/plib_sercom2_usart.o

.text%57        0x00001480       0x30
 .text          0x00001480       0x30 c:/program files/microchip/xc32/v4.30-tc1/bin/bin/../../lib/gcc/pic32c/8.3.1/thumb/v7e-m+fp/hard\libgcc.a(_aeabi_uldivmod.o)
                0x00001480                __aeabi_uldivmod

.text.__pop_float%58
                0x000014b0       0x2a
 .text.__pop_float
                0x000014b0       0x2a c:/program files/microchip/xc32/v4.30-tc1/bin/bin/../../lib/gcc/pic32c/8.3.1/../../../../pic32c/lib/thumb/v7e-m+fp/hard\libg-musl.a(__pop_float.o)
                0x000014b0                __pop_float_needed
                0x000014b0                __pop_float

.text.PORT_Initialize%59
                0x000014dc       0x28
 .text.PORT_Initialize
                0x000014dc       0x28 build/20232207_COM_Controller/debug/_ext/1374400891/plib_port.o
                0x000014dc                PORT_Initialize

.text.__string_out%60
                0x00001504       0x26
 .text.__string_out
                0x00001504       0x26 c:/program files/microchip/xc32/v4.30-tc1/bin/bin/../../lib/gcc/pic32c/8.3.1/../../../../pic32c/lib/thumb/v7e-m+fp/hard\libg-musl.a(__printf_core.o)
                0x00001504                __out

.text.SYS_Initialize%61
                0x0000152a       0x20
 .text.SYS_Initialize
                0x0000152a       0x20 build/20232207_COM_Controller/debug/_ext/1236672160/initialization.o
                0x0000152a                SYS_Initialize

.rodata%62      0x0000154a       0x1e
 .rodata        0x0000154a       0x1e c:/program files/microchip/xc32/v4.30-tc1/bin/bin/../../lib/gcc/pic32c/8.3.1/../../../../pic32c/lib/thumb/v7e-m+fp/hard\libg-musl.a(__printf_core.o)

.text.SERCOM2_USART_ErrorGet%63
                0x00001568       0x1c
 .text.SERCOM2_USART_ErrorGet
                0x00001568       0x1c build/20232207_COM_Controller/debug/_ext/1869446501/plib_sercom2_usart.o
                0x00001568                SERCOM2_USART_ErrorGet

.text.__vfprintf%64
                0x00001584       0x1c
 .text.__vfprintf
                0x00001584       0x1c c:/program files/microchip/xc32/v4.30-tc1/bin/bin/../../lib/gcc/pic32c/8.3.1/../../../../pic32c/lib/thumb/v7e-m+fp/hard\libg-musl.a(__int_vfprintf.o)
                0x00001584                __vfprintf

.text.__wrap_sprintf%65
                0x000015a0       0x1a
 .text.__wrap_sprintf
                0x000015a0       0x1a c:/program files/microchip/xc32/v4.30-tc1/bin/bin/../../lib/gcc/pic32c/8.3.1/../../../../pic32c/lib/thumb/v7e-m+fp/hard\libg-musl.a(__sio_sprintf_dn.o)
                0x000015a0                _dsprintf_dn
                0x000015a0                _sprintf_dn

.text.TCC0_PWMStart%66
                0x000015bc       0x18
 .text.TCC0_PWMStart
                0x000015bc       0x18 build/20232207_COM_Controller/debug/_ext/737068720/plib_tcc0.o
                0x000015bc                TCC0_PWMStart

.text.memcpy%67
                0x000015d4       0x12
 .text.memcpy   0x000015d4       0x12 c:/program files/microchip/xc32/v4.30-tc1/bin/bin/../../lib/gcc/pic32c/8.3.1/../../../../pic32c/lib/thumb/v7e-m+fp/hard\libg-musl.a(memcpy.o)
                0x000015d4                memcpy

.text.NVMCTRL_Initialize%68
                0x000015e8       0x10
 .text.NVMCTRL_Initialize
                0x000015e8       0x10 build/20232207_COM_Controller/debug/_ext/1861644044/plib_nvmctrl.o
                0x000015e8                NVMCTRL_Initialize

.text.SERCOM2_USART_ReceiverIsReady%69
                0x000015f8       0x10
 .text.SERCOM2_USART_ReceiverIsReady
                0x000015f8       0x10 build/20232207_COM_Controller/debug/_ext/1869446501/plib_sercom2_usart.o
                0x000015f8                SERCOM2_USART_ReceiverIsReady

.text.memset%70
                0x00001608       0x10
 .text.memset   0x00001608       0x10 c:/program files/microchip/xc32/v4.30-tc1/bin/bin/../../lib/gcc/pic32c/8.3.1/../../../../pic32c/lib/thumb/v7e-m+fp/hard\libg-musl.a(memset.o)
                0x00001608                memset

.text.strlen%71
                0x00001618       0x10
 .text.strlen   0x00001618       0x10 c:/program files/microchip/xc32/v4.30-tc1/bin/bin/../../lib/gcc/pic32c/8.3.1/../../../../pic32c/lib/thumb/v7e-m+fp/hard\libg-musl.a(strlen.o)
                0x00001618                strlen

.text.tolower%72
                0x00001628        0xe
 .text.tolower  0x00001628        0xe c:/program files/microchip/xc32/v4.30-tc1/bin/bin/../../lib/gcc/pic32c/8.3.1/../../../../pic32c/lib/thumb/v7e-m+fp/hard\libg-musl.a(tolower.o)
                0x00001628                tolower

.text.__vsprintf%73
                0x00001636        0xc
 .text.__vsprintf
                0x00001636        0xc c:/program files/microchip/xc32/v4.30-tc1/bin/bin/../../lib/gcc/pic32c/8.3.1/../../../../pic32c/lib/thumb/v7e-m+fp/hard\libg-musl.a(__int_vsprintf.o)
                0x00001636                __vsprintf

.text.Dummy_Handler%74
                0x00001642        0x4
 .text.Dummy_Handler
                0x00001642        0x4 build/20232207_COM_Controller/debug/_ext/1236672160/interrupts.o
                0x00001642                EIC_EXTINT_9_Handler
                0x00001642                TCC0_MC5_Handler
                0x00001642                SVCall_Handler
                0x00001642                SERCOM0_2_Handler
                0x00001642                USB_SOF_HSOF_Handler
                0x00001642                TCC4_OTHER_Handler
                0x00001642                TCC2_MC2_Handler
                0x00001642                EVSYS_0_Handler
                0x00001642                TRNG_Handler
                0x00001642                TC2_Handler
                0x00001642                USB_TRCPT0_Handler
                0x00001642                DAC_OTHER_Handler
                0x00001642                AC_Handler
                0x00001642                DAC_EMPTY_0_Handler
                0x00001642                DMAC_OTHER_Handler
                0x00001642                EIC_EXTINT_5_Handler
                0x00001642                SERCOM3_1_Handler
                0x00001642                SysTick_Handler
                0x00001642                SERCOM4_OTHER_Handler
                0x00001642                SERCOM3_2_Handler
                0x00001642                EIC_EXTINT_6_Handler
                0x00001642                PendSV_Handler
                0x00001642                TC7_Handler
                0x00001642                TCC4_MC0_Handler
                0x00001642                EVSYS_3_Handler
                0x00001642                QSPI_Handler
                0x00001642                TCC2_MC0_Handler
                0x00001642                PDEC_OTHER_Handler
                0x00001642                TCC3_MC0_Handler
                0x00001642                PDEC_MC1_Handler
                0x00001642                TCC2_MC1_Handler
                0x00001642                OSCCTRL_XOSC1_Handler
                0x00001642                PDEC_MC0_Handler
                0x00001642                EIC_EXTINT_4_Handler
                0x00001642                EIC_EXTINT_7_Handler
                0x00001642                SERCOM0_OTHER_Handler
                0x00001642                EVSYS_OTHER_Handler
                0x00001642                SERCOM0_0_Handler
                0x00001642                RTC_Handler
                0x00001642                SERCOM4_0_Handler
                0x00001642                TCC1_MC0_Handler
                0x00001642                SERCOM1_OTHER_Handler
                0x00001642                TCC2_OTHER_Handler
                0x00001642                EIC_EXTINT_11_Handler
                0x00001642                SUPC_BODDET_Handler
                0x00001642                EIC_EXTINT_14_Handler
                0x00001642                OSC32KCTRL_Handler
                0x00001642                SERCOM6_2_Handler
                0x00001642                EVSYS_1_Handler
                0x00001642                TC6_Handler
                0x00001642                TCC4_MC1_Handler
                0x00001642                DMAC_0_Handler
                0x00001642                SUPC_OTHER_Handler
                0x00001642                WDT_Handler
                0x00001642                CAN0_Handler
                0x00001642                EIC_EXTINT_15_Handler
                0x00001642                SERCOM6_0_Handler
                0x00001642                EIC_EXTINT_1_Handler
                0x00001642                TCC3_MC1_Handler
                0x00001642                SERCOM5_0_Handler
                0x00001642                TC4_Handler
                0x00001642                TC1_Handler
                0x00001642                TCC1_MC1_Handler
                0x00001642                EIC_EXTINT_0_Handler
                0x00001642                TCC1_OTHER_Handler
                0x00001642                PAC_Handler
                0x00001642                SERCOM4_1_Handler
                0x00001642                TC3_Handler
                0x00001642                Dummy_Handler
                0x00001642                DAC_RESRDY_0_Handler
                0x00001642                SERCOM5_1_Handler
                0x00001642                DMAC_2_Handler
                0x00001642                TCC0_MC4_Handler
                0x00001642                USB_TRCPT1_Handler
                0x00001642                SERCOM0_1_Handler
                0x00001642                TCC0_MC3_Handler
                0x00001642                EIC_EXTINT_12_Handler
                0x00001642                OSCCTRL_DPLL0_Handler
                0x00001642                SERCOM6_OTHER_Handler
                0x00001642                SERCOM7_1_Handler
                0x00001642                SERCOM5_OTHER_Handler
                0x00001642                PM_Handler
                0x00001642                OSCCTRL_DFLL_Handler
                0x00001642                SERCOM7_0_Handler
                0x00001642                DAC_RESRDY_1_Handler
                0x00001642                DMAC_1_Handler
                0x00001642                USB_OTHER_Handler
                0x00001642                GMAC_Handler
                0x00001642                SDHC1_Handler
                0x00001642                SERCOM7_2_Handler
                0x00001642                CAN1_Handler
                0x00001642                TCC0_OTHER_Handler
                0x00001642                EIC_EXTINT_10_Handler
                0x00001642                TCC1_MC3_Handler
                0x00001642                OSCCTRL_XOSC0_Handler
                0x00001642                SERCOM6_1_Handler
                0x00001642                TCC0_MC0_Handler
                0x00001642                EIC_EXTINT_2_Handler
                0x00001642                SDHC0_Handler
                0x00001642                SERCOM1_1_Handler
                0x00001642                I2S_Handler
                0x00001642                PCC_Handler
                0x00001642                TCC3_OTHER_Handler
                0x00001642                EIC_EXTINT_13_Handler
                0x00001642                SERCOM1_0_Handler
                0x00001642                PUKCC_Handler
                0x00001642                SERCOM2_1_Handler
                0x00001642                SERCOM1_2_Handler
                0x00001642                SERCOM3_0_Handler
                0x00001642                SERCOM4_2_Handler
                0x00001642                TCC1_MC2_Handler
                0x00001642                ADC1_RESRDY_Handler
                0x00001642                NVMCTRL_1_Handler
                0x00001642                SERCOM5_2_Handler
                0x00001642                SERCOM2_2_Handler
                0x00001642                DAC_EMPTY_1_Handler
                0x00001642                ADC1_OTHER_Handler
                0x00001642                OSCCTRL_DPLL1_Handler
                0x00001642                EIC_EXTINT_3_Handler
                0x00001642                SERCOM3_OTHER_Handler
                0x00001642                EIC_EXTINT_8_Handler
                0x00001642                NVMCTRL_0_Handler
                0x00001642                ADC0_RESRDY_Handler
                0x00001642                ADC0_OTHER_Handler
                0x00001642                MCLK_Handler
                0x00001642                SERCOM7_OTHER_Handler
                0x00001642                EVSYS_2_Handler
                0x00001642                SERCOM2_OTHER_Handler
                0x00001642                FREQM_Handler
                0x00001642                TC0_Handler
                0x00001642                TCC0_MC1_Handler
                0x00001642                DMAC_3_Handler
                0x00001642                RAMECC_Handler
                0x00001642                TC5_Handler
                0x00001642                SERCOM2_0_Handler
                0x00001642                AES_Handler
                0x00001642                ICM_Handler
                0x00001642                TCC0_MC2_Handler

.text.NonMaskableInt_Handler%75
                0x00001646        0x4
 .text.NonMaskableInt_Handler
                0x00001646        0x4 build/20232207_COM_Controller/debug/_ext/1236672160/exceptions.o
                0x00001646                NonMaskableInt_Handler

.text.HardFault_Handler%76
                0x0000164a        0x4
 .text.HardFault_Handler
                0x0000164a        0x4 build/20232207_COM_Controller/debug/_ext/1236672160/exceptions.o
                0x0000164a                HardFault_Handler

.text.DebugMonitor_Handler%77
                0x0000164e        0x4
 .text.DebugMonitor_Handler
                0x0000164e        0x4 build/20232207_COM_Controller/debug/_ext/1236672160/exceptions.o
                0x0000164e                DebugMonitor_Handler

.text.MemoryManagement_Handler%78
                0x00001652        0x4
 .text.MemoryManagement_Handler
                0x00001652        0x4 build/20232207_COM_Controller/debug/_ext/1236672160/exceptions.o